Archive member included to satisfy reference by file (symbol)

C:/Users/Mohamed Aboelhassan/STM32CubeIDE_1.10.1/STM32CubeIDE/plugins/com.st.stm32cube.ide.mcu.externaltools.gnu-tools-for-stm32.11.3.rel1.win32_1.1.1.202309131626/tools/bin/../lib/gcc/arm-none-eabi/11.3.1/../../../../arm-none-eabi/lib/thumb/v7-m/nofp\libc_nano.a(libc_a-exit.o)
                              C:/Users/Mohamed Aboelhassan/STM32CubeIDE_1.10.1/STM32CubeIDE/plugins/com.st.stm32cube.ide.mcu.externaltools.gnu-tools-for-stm32.11.3.rel1.win32_1.1.1.202309131626/tools/bin/../lib/gcc/arm-none-eabi/11.3.1/../../../../arm-none-eabi/lib/thumb/v7-m/nofp/crt0.o (exit)
C:/Users/Mohamed Aboelhassan/STM32CubeIDE_1.10.1/STM32CubeIDE/plugins/com.st.stm32cube.ide.mcu.externaltools.gnu-tools-for-stm32.11.3.rel1.win32_1.1.1.202309131626/tools/bin/../lib/gcc/arm-none-eabi/11.3.1/../../../../arm-none-eabi/lib/thumb/v7-m/nofp\libc_nano.a(libc_a-findfp.o)
                              C:/Users/Mohamed Aboelhassan/STM32CubeIDE_1.10.1/STM32CubeIDE/plugins/com.st.stm32cube.ide.mcu.externaltools.gnu-tools-for-stm32.11.3.rel1.win32_1.1.1.202309131626/tools/bin/../lib/gcc/arm-none-eabi/11.3.1/../../../../arm-none-eabi/lib/thumb/v7-m/nofp\libc_nano.a(libc_a-exit.o) (__stdio_exit_handler)
C:/Users/Mohamed Aboelhassan/STM32CubeIDE_1.10.1/STM32CubeIDE/plugins/com.st.stm32cube.ide.mcu.externaltools.gnu-tools-for-stm32.11.3.rel1.win32_1.1.1.202309131626/tools/bin/../lib/gcc/arm-none-eabi/11.3.1/../../../../arm-none-eabi/lib/thumb/v7-m/nofp\libc_nano.a(libc_a-fwalk.o)
                              C:/Users/Mohamed Aboelhassan/STM32CubeIDE_1.10.1/STM32CubeIDE/plugins/com.st.stm32cube.ide.mcu.externaltools.gnu-tools-for-stm32.11.3.rel1.win32_1.1.1.202309131626/tools/bin/../lib/gcc/arm-none-eabi/11.3.1/../../../../arm-none-eabi/lib/thumb/v7-m/nofp\libc_nano.a(libc_a-findfp.o) (_fwalk_sglue)
C:/Users/Mohamed Aboelhassan/STM32CubeIDE_1.10.1/STM32CubeIDE/plugins/com.st.stm32cube.ide.mcu.externaltools.gnu-tools-for-stm32.11.3.rel1.win32_1.1.1.202309131626/tools/bin/../lib/gcc/arm-none-eabi/11.3.1/../../../../arm-none-eabi/lib/thumb/v7-m/nofp\libc_nano.a(libc_a-stdio.o)
                              C:/Users/Mohamed Aboelhassan/STM32CubeIDE_1.10.1/STM32CubeIDE/plugins/com.st.stm32cube.ide.mcu.externaltools.gnu-tools-for-stm32.11.3.rel1.win32_1.1.1.202309131626/tools/bin/../lib/gcc/arm-none-eabi/11.3.1/../../../../arm-none-eabi/lib/thumb/v7-m/nofp\libc_nano.a(libc_a-findfp.o) (__sread)
C:/Users/Mohamed Aboelhassan/STM32CubeIDE_1.10.1/STM32CubeIDE/plugins/com.st.stm32cube.ide.mcu.externaltools.gnu-tools-for-stm32.11.3.rel1.win32_1.1.1.202309131626/tools/bin/../lib/gcc/arm-none-eabi/11.3.1/../../../../arm-none-eabi/lib/thumb/v7-m/nofp\libc_nano.a(libc_a-memset.o)
                              C:/Users/Mohamed Aboelhassan/STM32CubeIDE_1.10.1/STM32CubeIDE/plugins/com.st.stm32cube.ide.mcu.externaltools.gnu-tools-for-stm32.11.3.rel1.win32_1.1.1.202309131626/tools/bin/../lib/gcc/arm-none-eabi/11.3.1/../../../../arm-none-eabi/lib/thumb/v7-m/nofp/crt0.o (memset)
C:/Users/Mohamed Aboelhassan/STM32CubeIDE_1.10.1/STM32CubeIDE/plugins/com.st.stm32cube.ide.mcu.externaltools.gnu-tools-for-stm32.11.3.rel1.win32_1.1.1.202309131626/tools/bin/../lib/gcc/arm-none-eabi/11.3.1/../../../../arm-none-eabi/lib/thumb/v7-m/nofp\libc_nano.a(libc_a-closer.o)
                              C:/Users/Mohamed Aboelhassan/STM32CubeIDE_1.10.1/STM32CubeIDE/plugins/com.st.stm32cube.ide.mcu.externaltools.gnu-tools-for-stm32.11.3.rel1.win32_1.1.1.202309131626/tools/bin/../lib/gcc/arm-none-eabi/11.3.1/../../../../arm-none-eabi/lib/thumb/v7-m/nofp\libc_nano.a(libc_a-stdio.o) (_close_r)
C:/Users/Mohamed Aboelhassan/STM32CubeIDE_1.10.1/STM32CubeIDE/plugins/com.st.stm32cube.ide.mcu.externaltools.gnu-tools-for-stm32.11.3.rel1.win32_1.1.1.202309131626/tools/bin/../lib/gcc/arm-none-eabi/11.3.1/../../../../arm-none-eabi/lib/thumb/v7-m/nofp\libc_nano.a(libc_a-reent.o)
                              C:/Users/Mohamed Aboelhassan/STM32CubeIDE_1.10.1/STM32CubeIDE/plugins/com.st.stm32cube.ide.mcu.externaltools.gnu-tools-for-stm32.11.3.rel1.win32_1.1.1.202309131626/tools/bin/../lib/gcc/arm-none-eabi/11.3.1/../../../../arm-none-eabi/lib/thumb/v7-m/nofp\libc_nano.a(libc_a-closer.o) (errno)
C:/Users/Mohamed Aboelhassan/STM32CubeIDE_1.10.1/STM32CubeIDE/plugins/com.st.stm32cube.ide.mcu.externaltools.gnu-tools-for-stm32.11.3.rel1.win32_1.1.1.202309131626/tools/bin/../lib/gcc/arm-none-eabi/11.3.1/../../../../arm-none-eabi/lib/thumb/v7-m/nofp\libc_nano.a(libc_a-impure.o)
                              C:/Users/Mohamed Aboelhassan/STM32CubeIDE_1.10.1/STM32CubeIDE/plugins/com.st.stm32cube.ide.mcu.externaltools.gnu-tools-for-stm32.11.3.rel1.win32_1.1.1.202309131626/tools/bin/../lib/gcc/arm-none-eabi/11.3.1/../../../../arm-none-eabi/lib/thumb/v7-m/nofp\libc_nano.a(libc_a-reent.o) (_impure_ptr)
[...]
Memory Configuration

Name             Origin             Length             Attributes
RAM              0x0000000020000000 0x0000000000005000 xrw
FLASH            0x0000000008000000 0x0000000000010000 xr
*default*        0x0000000000000000 0xffffffffffffffff

Linker script and memory map

LOAD C:/Users/Mohamed Aboelhassan/STM32CubeIDE_1.10.1/STM32CubeIDE/plugins/com.st.stm32cube.ide.mcu.externaltools.gnu-tools-for-stm32.11.3.rel1.win32_1.1.1.202309131626/tools/bin/../lib/gcc/arm-none-eabi/11.3.1/thumb/v7-m/nofp/crti.o
LOAD C:/Users/Mohamed Aboelhassan/STM32CubeIDE_1.10.1/STM32CubeIDE/plugins/com.st.stm32cube.ide.mcu.externaltools.gnu-tools-for-stm32.11.3.rel1.win32_1.1.1.202309131626/tools/bin/../lib/gcc/arm-none-eabi/11.3.1/thumb/v7-m/nofp/crtbegin.o
LOAD C:/Users/Mohamed Aboelhassan/STM32CubeIDE_1.10.1/STM32CubeIDE/plugins/com.st.stm32cube.ide.mcu.externaltools.gnu-tools-for-stm32.11.3.rel1.win32_1.1.1.202309131626/tools/bin/../lib/gcc/arm-none-eabi/11.3.1/../../../../arm-none-eabi/lib/thumb/v7-m/nofp/crt0.o
LOAD ./Core/Src/GPIO_Prog.o
LOAD ./Core/Src/RCC_Prog.o
LOAD ./Core/Src/SPI_Prog.o
LOAD ./Core/Src/main.o
LOAD ./Core/Src/stm32f1xx_hal_msp.o
LOAD ./Core/Src/stm32f1xx_it.o
LOAD ./Core/Src/syscalls.o
LOAD ./Core/Src/sysmem.o
LOAD ./Core/Src/system_stm32f1xx.o
LOAD ./Core/Startup/startup_stm32f103c8tx.o
LOAD ./Drivers/STM32F1xx_HAL_Driver/Src/stm32f1xx_hal.o
LOAD ./Drivers/STM32F1xx_HAL_Driver/Src/stm32f1xx_hal_cortex.o
LOAD ./Drivers/STM32F1xx_HAL_Driver/Src/stm32f1xx_hal_dma.o
LOAD ./Drivers/STM32F1xx_HAL_Driver/Src/stm32f1xx_hal_exti.o
LOAD ./Drivers/STM32F1xx_HAL_Driver/Src/stm32f1xx_hal_flash.o
LOAD ./Drivers/STM32F1xx_HAL_Driver/Src/stm32f1xx_hal_flash_ex.o
LOAD ./Drivers/STM32F1xx_HAL_Driver/Src/stm32f1xx_hal_gpio.o
LOAD ./Drivers/STM32F1xx_HAL_Driver/Src/stm32f1xx_hal_gpio_ex.o
LOAD ./Drivers/STM32F1xx_HAL_Driver/Src/stm32f1xx_hal_pwr.o
LOAD ./Drivers/STM32F1xx_HAL_Driver/Src/stm32f1xx_hal_rcc.o
LOAD ./Drivers/STM32F1xx_HAL_Driver/Src/stm32f1xx_hal_rcc_ex.o
START GROUP
LOAD C:/Users/Mohamed Aboelhassan/STM32CubeIDE_1.10.1/STM32CubeIDE/plugins/com.st.stm32cube.ide.mcu.externaltools.gnu-tools-for-stm32.11.3.rel1.win32_1.1.1.202309131626/tools/bin/../lib/gcc/arm-none-eabi/11.3.1/../../../../arm-none-eabi/lib/thumb/v7-m/nofp\libstdc++_nano.a
LOAD C:/Users/Mohamed Aboelhassan/STM32CubeIDE_1.10.1/STM32CubeIDE/plugins/com.st.stm32cube.ide.mcu.externaltools.gnu-tools-for-stm32.11.3.rel1.win32_1.1.1.202309131626/tools/bin/../lib/gcc/arm-none-eabi/11.3.1/../../../../arm-none-eabi/lib/thumb/v7-m/nofp\libsupc++_nano.a
END GROUP
LOAD C:/Users/Mohamed Aboelhassan/STM32CubeIDE_1.10.1/STM32CubeIDE/plugins/com.st.stm32cube.ide.mcu.externaltools.gnu-tools-for-stm32.11.3.rel1.win32_1.1.1.202309131626/tools/bin/../lib/gcc/arm-none-eabi/11.3.1/../../../../arm-none-eabi/lib/thumb/v7-m/nofp\libstdc++_nano.a
LOAD C:/Users/Mohamed Aboelhassan/STM32CubeIDE_1.10.1/STM32CubeIDE/plugins/com.st.stm32cube.ide.mcu.externaltools.gnu-tools-for-stm32.11.3.rel1.win32_1.1.1.202309131626/tools/bin/../lib/gcc/arm-none-eabi/11.3.1/../../../../arm-none-eabi/lib/thumb/v7-m/nofp\libm.a
LOAD C:/Users/Mohamed Aboelhassan/STM32CubeIDE_1.10.1/STM32CubeIDE/plugins/com.st.stm32cube.ide.mcu.externaltools.gnu-tools-for-stm32.11.3.rel1.win32_1.1.1.202309131626/tools/bin/../lib/gcc/arm-none-eabi/11.3.1/../../../../arm-none-eabi/lib/thumb/v7-m/nofp\libc_nano.a
START GROUP
LOAD C:/Users/Mohamed Aboelhassan/STM32CubeIDE_1.10.1/STM32CubeIDE/plugins/com.st.stm32cube.ide.mcu.externaltools.gnu-tools-for-stm32.11.3.rel1.win32_1.1.1.202309131626/tools/bin/../lib/gcc/arm-none-eabi/11.3.1/thumb/v7-m/nofp\libgcc.a
LOAD C:/Users/Mohamed Aboelhassan/STM32CubeIDE_1.10.1/STM32CubeIDE/plugins/com.st.stm32cube.ide.mcu.externaltools.gnu-tools-for-stm32.11.3.rel1.win32_1.1.1.202309131626/tools/bin/../lib/gcc/arm-none-eabi/11.3.1/../../../../arm-none-eabi/lib/thumb/v7-m/nofp\libc_nano.a
END GROUP
START GROUP
LOAD C:/Users/Mohamed Aboelhassan/STM32CubeIDE_1.10.1/STM32CubeIDE/plugins/com.st.stm32cube.ide.mcu.externaltools.gnu-tools-for-stm32.11.3.rel1.win32_1.1.1.202309131626/tools/bin/../lib/gcc/arm-none-eabi/11.3.1/thumb/v7-m/nofp\libgcc.a
LOAD C:/Users/Mohamed Aboelhassan/STM32CubeIDE_1.10.1/STM32CubeIDE/plugins/com.st.stm32cube.ide.mcu.externaltools.gnu-tools-for-stm32.11.3.rel1.win32_1.1.1.202309131626/tools/bin/../lib/gcc/arm-none-eabi/11.3.1/../../../../arm-none-eabi/lib/thumb/v7-m/nofp\libc_nano.a
LOAD C:/Users/Mohamed Aboelhassan/STM32CubeIDE_1.10.1/STM32CubeIDE/plugins/com.st.stm32cube.ide.mcu.externaltools.gnu-tools-for-stm32.11.3.rel1.win32_1.1.1.202309131626/tools/bin/../lib/gcc/arm-none-eabi/11.3.1/../../../../arm-none-eabi/lib/thumb/v7-m/nofp\libnosys.a
END GROUP
START GROUP
LOAD C:/Users/Mohamed Aboelhassan/STM32CubeIDE_1.10.1/STM32CubeIDE/plugins/com.st.stm32cube.ide.mcu.externaltools.gnu-tools-for-stm32.11.3.rel1.win32_1.1.1.202309131626/tools/bin/../lib/gcc/arm-none-eabi/11.3.1/thumb/v7-m/nofp\libgcc.a
LOAD C:/Users/Mohamed Aboelhassan/STM32CubeIDE_1.10.1/STM32CubeIDE/plugins/com.st.stm32cube.ide.mcu.externaltools.gnu-tools-for-stm32.11.3.rel1.win32_1.1.1.202309131626/tools/bin/../lib/gcc/arm-none-eabi/11.3.1/../../../../arm-none-eabi/lib/thumb/v7-m/nofp\libc_nano.a
LOAD C:/Users/Mohamed Aboelhassan/STM32CubeIDE_1.10.1/STM32CubeIDE/plugins/com.st.stm32cube.ide.mcu.externaltools.gnu-tools-for-stm32.11.3.rel1.win32_1.1.1.202309131626/tools/bin/../lib/gcc/arm-none-eabi/11.3.1/../../../../arm-none-eabi/lib/thumb/v7-m/nofp\libnosys.a
END GROUP
LOAD C:/Users/Mohamed Aboelhassan/STM32CubeIDE_1.10.1/STM32CubeIDE/plugins/com.st.stm32cube.ide.mcu.externaltools.gnu-tools-for-stm32.11.3.rel1.win32_1.1.1.202309131626/tools/bin/../lib/gcc/arm-none-eabi/11.3.1/thumb/v7-m/nofp/crtend.o
LOAD C:/Users/Mohamed Aboelhassan/STM32CubeIDE_1.10.1/STM32CubeIDE/plugins/com.st.stm32cube.ide.mcu.externaltools.gnu-tools-for-stm32.11.3.rel1.win32_1.1.1.202309131626/tools/bin/../lib/gcc/arm-none-eabi/11.3.1/thumb/v7-m/nofp/crtn.o
                0x0000000020005000                _estack = (ORIGIN (RAM) + LENGTH (RAM))
                0x0000000000000200                _Min_Heap_Size = 0x200
                0x0000000000000400                _Min_Stack_Size = 0x400

.isr_vector     0x0000000008000000      0x10c
                0x0000000008000000                . = ALIGN (0x4)
 *(.isr_vector)
 .isr_vector    0x0000000008000000      0x10c ./Core/Startup/startup_stm32f103c8tx.o
                0x0000000008000000                g_pfnVectors
                0x000000000800010c                . = ALIGN (0x4)

.text           0x000000000800010c      0x52c
                0x000000000800010c                . = ALIGN (0x4)
 *(.text)
 .text          0x000000000800010c       0x40 C:/Users/Mohamed Aboelhassan/STM32CubeIDE_1.10.1/STM32CubeIDE/plugins/com.st.stm32cube.ide.mcu.externaltools.gnu-tools-for-stm32.11.3.rel1.win32_1.1.1.202309131626/tools/bin/../lib/gcc/arm-none-eabi/11.3.1/thumb/v7-m/nofp/crtbegin.o
 *(.text*)
 .text._ZN4mcal3SPIC2Ev
                0x000000000800014c       0x14 ./Core/Src/SPI_Prog.o
                0x000000000800014c                mcal::SPI::SPI()
                0x000000000800014c                mcal::SPI::SPI()
 .text._ZN4mcal3SPI14SPI_InitializeERNS_7SPI_CFGE
                0x0000000008000160       0x94 ./Core/Src/SPI_Prog.o
                0x0000000008000160                mcal::SPI::SPI_Initialize(mcal::SPI_CFG&)
 .text._ZN4mcal3SPI15SPI1_InitializeENS_7SPI_CFGE
                0x00000000080001f4      0x178 ./Core/Src/SPI_Prog.o
                0x00000000080001f4                mcal::SPI::SPI1_Initialize(mcal::SPI_CFG)
 .text._ZN4mcal3SPI15SPI2_InitializeENS_7SPI_CFGE
                0x000000000800036c      0x11c ./Core/Src/SPI_Prog.o
                0x000000000800036c                mcal::SPI::SPI2_Initialize(mcal::SPI_CFG)
 .text._ZN4mcal3SPI12SPI_SendDataEh
                0x0000000008000488       0x36 ./Core/Src/SPI_Prog.o
                0x0000000008000488                mcal::SPI::SPI_SendData(unsigned char)
 .text._ZN4mcal3SPInwEjNS_11SPIInstanceE
                0x00000000080004be       0x16 ./Core/Src/SPI_Prog.o
                0x00000000080004be                mcal::SPI::operator new(unsigned int, mcal::SPIInstance)
 .text.main     0x00000000080004d4       0x38 ./Core/Src/main.o
                0x00000000080004d4                main
 .text.NMI_Handler
                0x000000000800050c        0x6 ./Core/Src/stm32f1xx_it.o
                0x000000000800050c                NMI_Handler
 .text.HardFault_Handler
                0x0000000008000512        0x6 ./Core/Src/stm32f1xx_it.o
                0x0000000008000512                HardFault_Handler
 .text.MemManage_Handler
                0x0000000008000518        0x6 ./Core/Src/stm32f1xx_it.o
                0x0000000008000518                MemManage_Handler
 .text.BusFault_Handler
                0x000000000800051e        0x6 ./Core/Src/stm32f1xx_it.o
                0x000000000800051e                BusFault_Handler
 .text.UsageFault_Handler
                0x0000000008000524        0x6 ./Core/Src/stm32f1xx_it.o
                0x0000000008000524                UsageFault_Handler
 .text.SVC_Handler
                0x000000000800052a        0xc ./Core/Src/stm32f1xx_it.o
                0x000000000800052a                SVC_Handler
 .text.DebugMon_Handler
                0x0000000008000536        0xc ./Core/Src/stm32f1xx_it.o
                0x0000000008000536                DebugMon_Handler
 .text.PendSV_Handler
                0x0000000008000542        0xc ./Core/Src/stm32f1xx_it.o
                0x0000000008000542                PendSV_Handler
 .text.SysTick_Handler
                0x000000000800054e        0xc ./Core/Src/stm32f1xx_it.o
                0x000000000800054e                SysTick_Handler
 .text.SystemInit
                0x000000000800055a        0xc ./Core/Src/system_stm32f1xx.o
                0x000000000800055a                SystemInit
 *fill*         0x0000000008000566        0x2 
 .text.Reset_Handler
                0x0000000008000568       0x48 ./Core/Startup/startup_stm32f103c8tx.o
                0x0000000008000568                Reset_Handler
 .text.Default_Handler
                0x00000000080005b0        0x2 ./Core/Startup/startup_stm32f103c8tx.o
                0x00000000080005b0                RTC_Alarm_IRQHandler
                0x00000000080005b0                EXTI2_IRQHandler
                0x00000000080005b0                TIM1_CC_IRQHandler
                0x00000000080005b0                PVD_IRQHandler
                0x00000000080005b0                EXTI3_IRQHandler
                0x00000000080005b0                EXTI0_IRQHandler
                0x00000000080005b0                I2C2_EV_IRQHandler
                0x00000000080005b0                ADC1_2_IRQHandler
                0x00000000080005b0                SPI1_IRQHandler
                0x00000000080005b0                TAMPER_IRQHandler
                0x00000000080005b0                DMA1_Channel4_IRQHandler
                0x00000000080005b0                USART3_IRQHandler
                0x00000000080005b0                RTC_IRQHandler
                0x00000000080005b0                DMA1_Channel7_IRQHandler
                0x00000000080005b0                CAN1_RX1_IRQHandler
                0x00000000080005b0                TIM4_IRQHandler
                0x00000000080005b0                I2C1_EV_IRQHandler
                0x00000000080005b0                DMA1_Channel6_IRQHandler
                0x00000000080005b0                TIM3_IRQHandler
                0x00000000080005b0                RCC_IRQHandler
                0x00000000080005b0                TIM1_TRG_COM_IRQHandler
                0x00000000080005b0                DMA1_Channel1_IRQHandler
                0x00000000080005b0                Default_Handler
                0x00000000080005b0                EXTI15_10_IRQHandler
                0x00000000080005b0                EXTI9_5_IRQHandler
                0x00000000080005b0                SPI2_IRQHandler
                0x00000000080005b0                DMA1_Channel5_IRQHandler
                0x00000000080005b0                EXTI4_IRQHandler
                0x00000000080005b0                USB_LP_CAN1_RX0_IRQHandler
                0x00000000080005b0                USB_HP_CAN1_TX_IRQHandler
                0x00000000080005b0                DMA1_Channel3_IRQHandler
                0x00000000080005b0                TIM1_UP_IRQHandler
                0x00000000080005b0                WWDG_IRQHandler
                0x00000000080005b0                TIM2_IRQHandler
                0x00000000080005b0                TIM1_BRK_IRQHandler
                0x00000000080005b0                EXTI1_IRQHandler
                0x00000000080005b0                USART2_IRQHandler
                0x00000000080005b0                I2C2_ER_IRQHandler
                0x00000000080005b0                DMA1_Channel2_IRQHandler
                0x00000000080005b0                CAN1_SCE_IRQHandler
                0x00000000080005b0                FLASH_IRQHandler
                0x00000000080005b0                USART1_IRQHandler
                0x00000000080005b0                I2C1_ER_IRQHandler
                0x00000000080005b0                USBWakeUp_IRQHandler
 *fill*         0x00000000080005b2        0x2 
 .text.HAL_IncTick
                0x00000000080005b4       0x24 ./Drivers/STM32F1xx_HAL_Driver/Src/stm32f1xx_hal.o
                0x00000000080005b4                HAL_IncTick
 .text.__libc_init_array
                0x00000000080005d8       0x48 C:/Users/Mohamed Aboelhassan/STM32CubeIDE_1.10.1/STM32CubeIDE/plugins/com.st.stm32cube.ide.mcu.externaltools.gnu-tools-for-stm32.11.3.rel1.win32_1.1.1.202309131626/tools/bin/../lib/gcc/arm-none-eabi/11.3.1/../../../../arm-none-eabi/lib/thumb/v7-m/nofp\libc_nano.a(libc_a-init.o)
                0x00000000080005d8                __libc_init_array
 *(.glue_7)
 .glue_7        0x0000000008000620        0x0 linker stubs
 *(.glue_7t)
 .glue_7t       0x0000000008000620        0x0 linker stubs
 *(.eh_frame)
 .eh_frame      0x0000000008000620        0x0 C:/Users/Mohamed Aboelhassan/STM32CubeIDE_1.10.1/STM32CubeIDE/plugins/com.st.stm32cube.ide.mcu.externaltools.gnu-tools-for-stm32.11.3.rel1.win32_1.1.1.202309131626/tools/bin/../lib/gcc/arm-none-eabi/11.3.1/thumb/v7-m/nofp/crtbegin.o
 *(.init)
 .init          0x0000000008000620        0x4 C:/Users/Mohamed Aboelhassan/STM32CubeIDE_1.10.1/STM32CubeIDE/plugins/com.st.stm32cube.ide.mcu.externaltools.gnu-tools-for-stm32.11.3.rel1.win32_1.1.1.202309131626/tools/bin/../lib/gcc/arm-none-eabi/11.3.1/thumb/v7-m/nofp/crti.o
                0x0000000008000620                _init
 .init          0x0000000008000624        0x8 C:/Users/Mohamed Aboelhassan/STM32CubeIDE_1.10.1/STM32CubeIDE/plugins/com.st.stm32cube.ide.mcu.externaltools.gnu-tools-for-stm32.11.3.rel1.win32_1.1.1.202309131626/tools/bin/../lib/gcc/arm-none-eabi/11.3.1/thumb/v7-m/nofp/crtn.o
 *(.fini)
 .fini          0x000000000800062c        0x4 C:/Users/Mohamed Aboelhassan/STM32CubeIDE_1.10.1/STM32CubeIDE/plugins/com.st.stm32cube.ide.mcu.externaltools.gnu-tools-for-stm32.11.3.rel1.win32_1.1.1.202309131626/tools/bin/../lib/gcc/arm-none-eabi/11.3.1/thumb/v7-m/nofp/crti.o
                0x000000000800062c                _fini
 .fini          0x0000000008000630        0x8 C:/Users/Mohamed Aboelhassan/STM32CubeIDE_1.10.1/STM32CubeIDE/plugins/com.st.stm32cube.ide.mcu.externaltools.gnu-tools-for-stm32.11.3.rel1.win32_1.1.1.202309131626/tools/bin/../lib/gcc/arm-none-eabi/11.3.1/thumb/v7-m/nofp/crtn.o
                0x0000000008000638                . = ALIGN (0x4)
                0x0000000008000638                _etext = .

.vfp11_veneer   0x0000000008000638        0x0
 .vfp11_veneer  0x0000000008000638        0x0 linker stubs

.v4_bx          0x0000000008000638        0x0
 .v4_bx         0x0000000008000638        0x0 linker stubs

.iplt           0x0000000008000638        0x0
 .iplt          0x0000000008000638        0x0 C:/Users/Mohamed Aboelhassan/STM32CubeIDE_1.10.1/STM32CubeIDE/plugins/com.st.stm32cube.ide.mcu.externaltools.gnu-tools-for-stm32.11.3.rel1.win32_1.1.1.202309131626/tools/bin/../lib/gcc/arm-none-eabi/11.3.1/thumb/v7-m/nofp/crtbegin.o

.rel.dyn        0x0000000008000638        0x0
 .rel.iplt      0x0000000008000638        0x0 C:/Users/Mohamed Aboelhassan/STM32CubeIDE_1.10.1/STM32CubeIDE/plugins/com.st.stm32cube.ide.mcu.externaltools.gnu-tools-for-stm32.11.3.rel1.win32_1.1.1.202309131626/tools/bin/../lib/gcc/arm-none-eabi/11.3.1/thumb/v7-m/nofp/crtbegin.o

.rodata         0x0000000008000638        0x0
                0x0000000008000638                . = ALIGN (0x4)
 *(.rodata)
 *(.rodata*)
                0x0000000008000638                . = ALIGN (0x4)

.ARM.extab      0x0000000008000638        0x0
                0x0000000008000638                . = ALIGN (0x4)
 *(.ARM.extab* .gnu.linkonce.armextab.*)
                0x0000000008000638                . = ALIGN (0x4)

.ARM            0x0000000008000638        0x0
                0x0000000008000638                . = ALIGN (0x4)
                0x0000000008000638                __exidx_start = .
 *(.ARM.exidx*)
                0x0000000008000638                __exidx_end = .
                0x0000000008000638                . = ALIGN (0x4)

.preinit_array  0x0000000008000638        0x0
                0x0000000008000638                . = ALIGN (0x4)
                0x0000000008000638                PROVIDE (__preinit_array_start = .)
 *(.preinit_array*)
                0x0000000008000638                PROVIDE (__preinit_array_end = .)
                0x0000000008000638                . = ALIGN (0x4)

.init_array     0x0000000008000638        0x4
                0x0000000008000638                . = ALIGN (0x4)
                0x0000000008000638                PROVIDE (__init_array_start = .)
 *(SORT_BY_NAME(.init_array.*))
 *(.init_array*)
 .init_array    0x0000000008000638        0x4 C:/Users/Mohamed Aboelhassan/STM32CubeIDE_1.10.1/STM32CubeIDE/plugins/com.st.stm32cube.ide.mcu.externaltools.gnu-tools-for-stm32.11.3.rel1.win32_1.1.1.202309131626/tools/bin/../lib/gcc/arm-none-eabi/11.3.1/thumb/v7-m/nofp/crtbegin.o
                0x000000000800063c                PROVIDE (__init_array_end = .)
                0x000000000800063c                . = ALIGN (0x4)

.fini_array     0x000000000800063c        0x4
                0x000000000800063c                . = ALIGN (0x4)
                [!provide]                        PROVIDE (__fini_array_start = .)
 *(SORT_BY_NAME(.fini_array.*))
 *(.fini_array*)
 .fini_array    0x000000000800063c        0x4 C:/Users/Mohamed Aboelhassan/STM32CubeIDE_1.10.1/STM32CubeIDE/plugins/com.st.stm32cube.ide.mcu.externaltools.gnu-tools-for-stm32.11.3.rel1.win32_1.1.1.202309131626/tools/bin/../lib/gcc/arm-none-eabi/11.3.1/thumb/v7-m/nofp/crtbegin.o
                [!provide]                        PROVIDE (__fini_array_end = .)
                0x0000000008000640                . = ALIGN (0x4)
                0x0000000008000640                _sidata = LOADADDR (.data)

.data           0x0000000020000000       0x18 load address 0x0000000008000640
                0x0000000020000000                . = ALIGN (0x4)
                0x0000000020000000                _sdata = .
 *(.data)
 *(.data*)
 .data.SPI_1_CFG
                0x0000000020000000       0x15 ./Core/Src/main.o
                0x0000000020000000                SPI_1_CFG
 .data.uwTickFreq
                0x0000000020000015        0x1 ./Drivers/STM32F1xx_HAL_Driver/Src/stm32f1xx_hal.o
                0x0000000020000015                uwTickFreq
 *(.RamFunc)
 *(.RamFunc*)
                0x0000000020000018                . = ALIGN (0x4)
 *fill*         0x0000000020000016        0x2 
                0x0000000020000018                _edata = .

.igot.plt       0x0000000020000018        0x0 load address 0x0000000008000658
 .igot.plt      0x0000000020000018        0x0 C:/Users/Mohamed Aboelhassan/STM32CubeIDE_1.10.1/STM32CubeIDE/plugins/com.st.stm32cube.ide.mcu.externaltools.gnu-tools-for-stm32.11.3.rel1.win32_1.1.1.202309131626/tools/bin/../lib/gcc/arm-none-eabi/11.3.1/thumb/v7-m/nofp/crtbegin.o
                0x0000000020000018                . = ALIGN (0x4)

.bss            0x0000000020000018       0x20 load address 0x0000000008000658
                0x0000000020000018                _sbss = .
                0x0000000020000018                __bss_start__ = _sbss
 *(.bss)
 .bss           0x0000000020000018       0x1c C:/Users/Mohamed Aboelhassan/STM32CubeIDE_1.10.1/STM32CubeIDE/plugins/com.st.stm32cube.ide.mcu.externaltools.gnu-tools-for-stm32.11.3.rel1.win32_1.1.1.202309131626/tools/bin/../lib/gcc/arm-none-eabi/11.3.1/thumb/v7-m/nofp/crtbegin.o
 *(.bss*)
 .bss.uwTick    0x0000000020000034        0x4 ./Drivers/STM32F1xx_HAL_Driver/Src/stm32f1xx_hal.o
                0x0000000020000034                uwTick
 *(COMMON)
                0x0000000020000038                . = ALIGN (0x4)
                0x0000000020000038                _ebss = .
                0x0000000020000038                __bss_end__ = _ebss

._user_heap_stack
                0x0000000020000038      0x600 load address 0x0000000008000658
                0x0000000020000038                . = ALIGN (0x8)
                [!provide]                        PROVIDE (end = .)
                0x0000000020000038                PROVIDE (_end = .)
                0x0000000020000238                . = (. + _Min_Heap_Size)
 *fill*         0x0000000020000038      0x200 
                0x0000000020000638                . = (. + _Min_Stack_Size)
 *fill*         0x0000000020000238      0x400 
                0x0000000020000638                . = ALIGN (0x8)

/DISCARD/
 libc.a(*)
 libm.a(*)
 libgcc.a(*)

.ARM.attributes
                0x0000000000000000       0x29
 *(.ARM.attributes)
 .ARM.attributes
                0x0000000000000000       0x1d C:/Users/Mohamed Aboelhassan/STM32CubeIDE_1.10.1/STM32CubeIDE/plugins/com.st.stm32cube.ide.mcu.externaltools.gnu-tools-for-stm32.11.3.rel1.win32_1.1.1.202309131626/tools/bin/../lib/gcc/arm-none-eabi/11.3.1/thumb/v7-m/nofp/crti.o
 .ARM.attributes
                0x000000000000001d       0x2d C:/Users/Mohamed Aboelhassan/STM32CubeIDE_1.10.1/STM32CubeIDE/plugins/com.st.stm32cube.ide.mcu.externaltools.gnu-tools-for-stm32.11.3.rel1.win32_1.1.1.202309131626/tools/bin/../lib/gcc/arm-none-eabi/11.3.1/thumb/v7-m/nofp/crtbegin.o
 .ARM.attributes
                0x000000000000004a       0x2d ./Core/Src/SPI_Prog.o
 .ARM.attributes
                0x0000000000000077       0x2d ./Core/Src/main.o
 .ARM.attributes
                0x00000000000000a4       0x2d ./Core/Src/stm32f1xx_it.o
 .ARM.attributes
                0x00000000000000d1       0x2d ./Core/Src/system_stm32f1xx.o
 .ARM.attributes
                0x00000000000000fe       0x21 ./Core/Startup/startup_stm32f103c8tx.o
 .ARM.attributes
                0x000000000000011f       0x2d ./Drivers/STM32F1xx_HAL_Driver/Src/stm32f1xx_hal.o
 .ARM.attributes
                0x000000000000014c       0x2d C:/Users/Mohamed Aboelhassan/STM32CubeIDE_1.10.1/STM32CubeIDE/plugins/com.st.stm32cube.ide.mcu.externaltools.gnu-tools-for-stm32.11.3.rel1.win32_1.1.1.202309131626/tools/bin/../lib/gcc/arm-none-eabi/11.3.1/../../../../arm-none-eabi/lib/thumb/v7-m/nofp\libc_nano.a(libc_a-init.o)
 .ARM.attributes
                0x0000000000000179       0x1d C:/Users/Mohamed Aboelhassan/STM32CubeIDE_1.10.1/STM32CubeIDE/plugins/com.st.stm32cube.ide.mcu.externaltools.gnu-tools-for-stm32.11.3.rel1.win32_1.1.1.202309131626/tools/bin/../lib/gcc/arm-none-eabi/11.3.1/thumb/v7-m/nofp/crtn.o
OUTPUT(SPI.elf elf32-littlearm)
LOAD linker stubs
LOAD C:/Users/Mohamed Aboelhassan/STM32CubeIDE_1.10.1/STM32CubeIDE/plugins/com.st.stm32cube.ide.mcu.externaltools.gnu-tools-for-stm32.11.3.rel1.win32_1.1.1.202309131626/tools/bin/../lib/gcc/arm-none-eabi/11.3.1/../../../../arm-none-eabi/lib/thumb/v7-m/nofp\libc.a
LOAD C:/Users/Mohamed Aboelhassan/STM32CubeIDE_1.10.1/STM32CubeIDE/plugins/com.st.stm32cube.ide.mcu.externaltools.gnu-tools-for-stm32.11.3.rel1.win32_1.1.1.202309131626/tools/bin/../lib/gcc/arm-none-eabi/11.3.1/../../../../arm-none-eabi/lib/thumb/v7-m/nofp\libm.a
LOAD C:/Users/Mohamed Aboelhassan/STM32CubeIDE_1.10.1/STM32CubeIDE/plugins/com.st.stm32cube.ide.mcu.externaltools.gnu-tools-for-stm32.11.3.rel1.win32_1.1.1.202309131626/tools/bin/../lib/gcc/arm-none-eabi/11.3.1/thumb/v7-m/nofp\libgcc.a

.comment        0x0000000000000000       0x43
 .comment       0x0000000000000000       0x43 C:/Users/Mohamed Aboelhassan/STM32CubeIDE_1.10.1/STM32CubeIDE/plugins/com.st.stm32cube.ide.mcu.externaltools.gnu-tools-for-stm32.11.3.rel1.win32_1.1.1.202309131626/tools/bin/../lib/gcc/arm-none-eabi/11.3.1/thumb/v7-m/nofp/crtbegin.o
                                         0x44 (size before relaxing)
 .comment       0x0000000000000043       0x44 ./Core/Src/SPI_Prog.o
 .comment       0x0000000000000043       0x44 ./Core/Src/main.o
 .comment       0x0000000000000043       0x44 ./Core/Src/stm32f1xx_it.o
 .comment       0x0000000000000043       0x44 ./Core/Src/system_stm32f1xx.o
 .comment       0x0000000000000043       0x44 ./Drivers/STM32F1xx_HAL_Driver/Src/stm32f1xx_hal.o

.debug_info     0x0000000000000000     0x1fb5
 .debug_info    0x0000000000000000      0xd05 ./Core/Src/SPI_Prog.o
 .debug_info    0x0000000000000d05      0x854 ./Core/Src/main.o
 .debug_info    0x0000000000001559      0x113 ./Core/Src/stm32f1xx_it.o
 .debug_info    0x000000000000166c      0x222 ./Core/Src/system_stm32f1xx.o
 .debug_info    0x000000000000188e       0x23 ./Core/Startup/startup_stm32f103c8tx.o
 .debug_info    0x00000000000018b1      0x704 ./Drivers/STM32F1xx_HAL_Driver/Src/stm32f1xx_hal.o

.debug_abbrev   0x0000000000000000      0x945
 .debug_abbrev  0x0000000000000000      0x32d ./Core/Src/SPI_Prog.o
 .debug_abbrev  0x000000000000032d      0x253 ./Core/Src/main.o
 .debug_abbrev  0x0000000000000580       0x73 ./Core/Src/stm32f1xx_it.o
 .debug_abbrev  0x00000000000005f3      0x13f ./Core/Src/system_stm32f1xx.o
 .debug_abbrev  0x0000000000000732       0x12 ./Core/Startup/startup_stm32f103c8tx.o
 .debug_abbrev  0x0000000000000744      0x201 ./Drivers/STM32F1xx_HAL_Driver/Src/stm32f1xx_hal.o

.debug_aranges  0x0000000000000000      0x220
 .debug_aranges
                0x0000000000000000       0x70 ./Core/Src/SPI_Prog.o
 .debug_aranges
                0x0000000000000070       0x20 ./Core/Src/main.o
 .debug_aranges
                0x0000000000000090       0x60 ./Core/Src/stm32f1xx_it.o
 .debug_aranges
                0x00000000000000f0       0x28 ./Core/Src/system_stm32f1xx.o
 .debug_aranges
                0x0000000000000118       0x28 ./Core/Startup/startup_stm32f103c8tx.o
 .debug_aranges
                0x0000000000000140       0xe0 ./Drivers/STM32F1xx_HAL_Driver/Src/stm32f1xx_hal.o

.debug_rnglists
                0x0000000000000000      0x17e
 .debug_rnglists
                0x0000000000000000       0x52 ./Core/Src/SPI_Prog.o
 .debug_rnglists
                0x0000000000000052       0x13 ./Core/Src/main.o
 .debug_rnglists
                0x0000000000000065       0x43 ./Core/Src/stm32f1xx_it.o
 .debug_rnglists
                0x00000000000000a8       0x1a ./Core/Src/system_stm32f1xx.o
 .debug_rnglists
                0x00000000000000c2       0x19 ./Core/Startup/startup_stm32f103c8tx.o
 .debug_rnglists
                0x00000000000000db       0xa3 ./Drivers/STM32F1xx_HAL_Driver/Src/stm32f1xx_hal.o

.debug_macro    0x0000000000000000      0x882
 .debug_macro   0x0000000000000000      0x1db ./Core/Src/SPI_Prog.o
 .debug_macro   0x00000000000001db      0x1e3 ./Core/Src/main.o
 .debug_macro   0x00000000000003be      0x198 ./Core/Src/stm32f1xx_it.o
 .debug_macro   0x0000000000000556      0x184 ./Core/Src/system_stm32f1xx.o
 .debug_macro   0x00000000000006da      0x1a8 ./Drivers/STM32F1xx_HAL_Driver/Src/stm32f1xx_hal.o

.debug_line     0x0000000000000000     0x2892
 .debug_line    0x0000000000000000      0x9ce ./Core/Src/SPI_Prog.o
 .debug_line    0x00000000000009ce      0x6e1 ./Core/Src/main.o
 .debug_line    0x00000000000010af      0x742 ./Core/Src/stm32f1xx_it.o
 .debug_line    0x00000000000017f1      0x6fe ./Core/Src/system_stm32f1xx.o
 .debug_line    0x0000000000001eef       0x78 ./Core/Startup/startup_stm32f103c8tx.o
 .debug_line    0x0000000000001f67      0x92b ./Drivers/STM32F1xx_HAL_Driver/Src/stm32f1xx_hal.o

.debug_str      0x0000000000000000    0x7c4a9
 .debug_str     0x0000000000000000    0x7baf3 ./Core/Src/SPI_Prog.o
                                      0x7bf40 (size before relaxing)
 .debug_str     0x000000000007baf3       0x56 ./Core/Src/main.o
                                      0x7bd29 (size before relaxing)
 .debug_str     0x000000000007bb49      0x2ad ./Core/Src/stm32f1xx_it.o
                                      0x7ac69 (size before relaxing)
 .debug_str     0x000000000007bdf6       0x7e ./Core/Src/system_stm32f1xx.o
                                      0x7ac7f (size before relaxing)
 .debug_str     0x000000000007be74       0x34 ./Core/Startup/startup_stm32f103c8tx.o
                                         0x73 (size before relaxing)
 .debug_str     0x000000000007bea8      0x601 ./Drivers/STM32F1xx_HAL_Driver/Src/stm32f1xx_hal.o
                                      0x7b3b2 (size before relaxing)

.debug_frame    0x0000000000000000      0x6b8
 .debug_frame   0x0000000000000000      0x1cc ./Core/Src/SPI_Prog.o
 .debug_frame   0x00000000000001cc       0x30 ./Core/Src/main.o
 .debug_frame   0x00000000000001fc      0x104 ./Core/Src/stm32f1xx_it.o
 .debug_frame   0x0000000000000300       0x58 ./Core/Src/system_stm32f1xx.o
 .debug_frame   0x0000000000000358      0x334 ./Drivers/STM32F1xx_HAL_Driver/Src/stm32f1xx_hal.o
 .debug_frame   0x000000000000068c       0x2c C:/Users/Mohamed Aboelhassan/STM32CubeIDE_1.10.1/STM32CubeIDE/plugins/com.st.stm32cube.ide.mcu.externaltools.gnu-tools-for-stm32.11.3.rel1.win32_1.1.1.202309131626/tools/bin/../lib/gcc/arm-none-eabi/11.3.1/../../../../arm-none-eabi/lib/thumb/v7-m/nofp\libc_nano.a(libc_a-init.o)

.debug_line_str
                0x0000000000000000       0x67
 .debug_line_str
                0x0000000000000000       0x67 ./Core/Startup/startup_stm32f103c8tx.o
                                         0x7f (size before relaxing)
