Archive member included to satisfy reference by file (symbol)

C:/Users/Mohamed Aboelhassan/STM32CubeIDE_1.10.1/STM32CubeIDE/plugins/com.st.stm32cube.ide.mcu.externaltools.gnu-tools-for-stm32.11.3.rel1.win32_1.1.1.202309131626/tools/bin/../lib/gcc/arm-none-eabi/11.3.1/../../../../arm-none-eabi/lib/thumb/v7-m/nofp\libc_nano.a(libc_a-exit.o)
                              C:/Users/Mohamed Aboelhassan/STM32CubeIDE_1.10.1/STM32CubeIDE/plugins/com.st.stm32cube.ide.mcu.externaltools.gnu-tools-for-stm32.11.3.rel1.win32_1.1.1.202309131626/tools/bin/../lib/gcc/arm-none-eabi/11.3.1/../../../../arm-none-eabi/lib/thumb/v7-m/nofp/crt0.o (exit)
C:/Users/Mohamed Aboelhassan/STM32CubeIDE_1.10.1/STM32CubeIDE/plugins/com.st.stm32cube.ide.mcu.externaltools.gnu-tools-for-stm32.11.3.rel1.win32_1.1.1.202309131626/tools/bin/../lib/gcc/arm-none-eabi/11.3.1/../../../../arm-none-eabi/lib/thumb/v7-m/nofp\libc_nano.a(libc_a-itoa.o)
                              ./Core/Src/main.o (itoa)
C:/Users/Mohamed Aboelhassan/STM32CubeIDE_1.10.1/STM32CubeIDE/plugins/com.st.stm32cube.ide.mcu.externaltools.gnu-tools-for-stm32.11.3.rel1.win32_1.1.1.202309131626/tools/bin/../lib/gcc/arm-none-eabi/11.3.1/../../../../arm-none-eabi/lib/thumb/v7-m/nofp\libc_nano.a(libc_a-utoa.o)
                              C:/Users/Mohamed Aboelhassan/STM32CubeIDE_1.10.1/STM32CubeIDE/plugins/com.st.stm32cube.ide.mcu.externaltools.gnu-tools-for-stm32.11.3.rel1.win32_1.1.1.202309131626/tools/bin/../lib/gcc/arm-none-eabi/11.3.1/../../../../arm-none-eabi/lib/thumb/v7-m/nofp\libc_nano.a(libc_a-itoa.o) (__utoa)
C:/Users/Mohamed Aboelhassan/STM32CubeIDE_1.10.1/STM32CubeIDE/plugins/com.st.stm32cube.ide.mcu.externaltools.gnu-tools-for-stm32.11.3.rel1.win32_1.1.1.202309131626/tools/bin/../lib/gcc/arm-none-eabi/11.3.1/../../../../arm-none-eabi/lib/thumb/v7-m/nofp\libc_nano.a(libc_a-findfp.o)
                              C:/Users/Mohamed Aboelhassan/STM32CubeIDE_1.10.1/STM32CubeIDE/plugins/com.st.stm32cube.ide.mcu.externaltools.gnu-tools-for-stm32.11.3.rel1.win32_1.1.1.202309131626/tools/bin/../lib/gcc/arm-none-eabi/11.3.1/../../../../arm-none-eabi/lib/thumb/v7-m/nofp\libc_nano.a(libc_a-exit.o) (__stdio_exit_handler)
C:/Users/Mohamed Aboelhassan/STM32CubeIDE_1.10.1/STM32CubeIDE/plugins/com.st.stm32cube.ide.mcu.externaltools.gnu-tools-for-stm32.11.3.rel1.win32_1.1.1.202309131626/tools/bin/../lib/gcc/arm-none-eabi/11.3.1/../../../../arm-none-eabi/lib/thumb/v7-m/nofp\libc_nano.a(libc_a-fwalk.o)
                              C:/Users/Mohamed Aboelhassan/STM32CubeIDE_1.10.1/STM32CubeIDE/plugins/com.st.stm32cube.ide.mcu.externaltools.gnu-tools-for-stm32.11.3.rel1.win32_1.1.1.202309131626/tools/bin/../lib/gcc/arm-none-eabi/11.3.1/../../../../arm-none-eabi/lib/thumb/v7-m/nofp\libc_nano.a(libc_a-findfp.o) (_fwalk_sglue)
C:/Users/Mohamed Aboelhassan/STM32CubeIDE_1.10.1/STM32CubeIDE/plugins/com.st.stm32cube.ide.mcu.externaltools.gnu-tools-for-stm32.11.3.rel1.win32_1.1.1.202309131626/tools/bin/../lib/gcc/arm-none-eabi/11.3.1/../../../../arm-none-eabi/lib/thumb/v7-m/nofp\libc_nano.a(libc_a-stdio.o)
                              C:/Users/Mohamed Aboelhassan/STM32CubeIDE_1.10.1/STM32CubeIDE/plugins/com.st.stm32cube.ide.mcu.externaltools.gnu-tools-for-stm32.11.3.rel1.win32_1.1.1.202309131626/tools/bin/../lib/gcc/arm-none-eabi/11.3.1/../../../../arm-none-eabi/lib/thumb/v7-m/nofp\libc_nano.a(libc_a-findfp.o) (__sread)
C:/Users/Mohamed Aboelhassan/STM32CubeIDE_1.10.1/STM32CubeIDE/plugins/com.st.stm32cube.ide.mcu.externaltools.gnu-tools-for-stm32.11.3.rel1.win32_1.1.1.202309131626/tools/bin/../lib/gcc/arm-none-eabi/11.3.1/../../../../arm-none-eabi/lib/thumb/v7-m/nofp\libc_nano.a(libc_a-memset.o)
                              C:/Users/Mohamed Aboelhassan/STM32CubeIDE_1.10.1/STM32CubeIDE/plugins/com.st.stm32cube.ide.mcu.externaltools.gnu-tools-for-stm32.11.3.rel1.win32_1.1.1.202309131626/tools/bin/../lib/gcc/arm-none-eabi/11.3.1/../../../../arm-none-eabi/lib/thumb/v7-m/nofp/crt0.o (memset)
C:/Users/Mohamed Aboelhassan/STM32CubeIDE_1.10.1/STM32CubeIDE/plugins/com.st.stm32cube.ide.mcu.externaltools.gnu-tools-for-stm32.11.3.rel1.win32_1.1.1.202309131626/tools/bin/../lib/gcc/arm-none-eabi/11.3.1/../../../../arm-none-eabi/lib/thumb/v7-m/nofp\libc_nano.a(libc_a-closer.o)
                              C:/Users/Mohamed Aboelhassan/STM32CubeIDE_1.10.1/STM32CubeIDE/plugins/com.st.stm32cube.ide.mcu.externaltools.gnu-tools-for-stm32.11.3.rel1.win32_1.1.1.202309131626/tools/bin/../lib/gcc/arm-none-eabi/11.3.1/../../../../arm-none-eabi/lib/thumb/v7-m/nofp\libc_nano.a(libc_a-stdio.o) (_close_r)
C:/Users/Mohamed Aboelhassan/STM32CubeIDE_1.10.1/STM32CubeIDE/plugins/com.st.stm32cube.ide.mcu.externaltools.gnu-tools-for-stm32.11.3.rel1.win32_1.1.1.202309131626/tools/bin/../lib/gcc/arm-none-eabi/11.3.1/../../../../arm-none-eabi/lib/thumb/v7-m/nofp\libc_nano.a(libc_a-reent.o)
[...]
Memory Configuration

Name             Origin             Length             Attributes
RAM              0x0000000020000000 0x0000000000005000 xrw
FLASH            0x0000000008000000 0x0000000000010000 xr
*default*        0x0000000000000000 0xffffffffffffffff

Linker script and memory map

LOAD C:/Users/Mohamed Aboelhassan/STM32CubeIDE_1.10.1/STM32CubeIDE/plugins/com.st.stm32cube.ide.mcu.externaltools.gnu-tools-for-stm32.11.3.rel1.win32_1.1.1.202309131626/tools/bin/../lib/gcc/arm-none-eabi/11.3.1/thumb/v7-m/nofp/crti.o
LOAD C:/Users/Mohamed Aboelhassan/STM32CubeIDE_1.10.1/STM32CubeIDE/plugins/com.st.stm32cube.ide.mcu.externaltools.gnu-tools-for-stm32.11.3.rel1.win32_1.1.1.202309131626/tools/bin/../lib/gcc/arm-none-eabi/11.3.1/thumb/v7-m/nofp/crtbegin.o
LOAD C:/Users/Mohamed Aboelhassan/STM32CubeIDE_1.10.1/STM32CubeIDE/plugins/com.st.stm32cube.ide.mcu.externaltools.gnu-tools-for-stm32.11.3.rel1.win32_1.1.1.202309131626/tools/bin/../lib/gcc/arm-none-eabi/11.3.1/../../../../arm-none-eabi/lib/thumb/v7-m/nofp/crt0.o
LOAD ./Core/Src/fonts.o
LOAD ./Core/Src/main.o
LOAD ./Core/Src/ssd1306.o
LOAD ./Core/Src/stm32f1xx_hal_msp.o
LOAD ./Core/Src/stm32f1xx_it.o
LOAD ./Core/Src/syscalls.o
LOAD ./Core/Src/sysmem.o
LOAD ./Core/Src/system_stm32f1xx.o
LOAD ./Core/Startup/startup_stm32f103c8tx.o
LOAD ./Drivers/STM32F1xx_HAL_Driver/Src/stm32f1xx_hal.o
LOAD ./Drivers/STM32F1xx_HAL_Driver/Src/stm32f1xx_hal_cortex.o
LOAD ./Drivers/STM32F1xx_HAL_Driver/Src/stm32f1xx_hal_dma.o
LOAD ./Drivers/STM32F1xx_HAL_Driver/Src/stm32f1xx_hal_exti.o
LOAD ./Drivers/STM32F1xx_HAL_Driver/Src/stm32f1xx_hal_flash.o
LOAD ./Drivers/STM32F1xx_HAL_Driver/Src/stm32f1xx_hal_flash_ex.o
LOAD ./Drivers/STM32F1xx_HAL_Driver/Src/stm32f1xx_hal_gpio.o
LOAD ./Drivers/STM32F1xx_HAL_Driver/Src/stm32f1xx_hal_gpio_ex.o
LOAD ./Drivers/STM32F1xx_HAL_Driver/Src/stm32f1xx_hal_i2c.o
LOAD ./Drivers/STM32F1xx_HAL_Driver/Src/stm32f1xx_hal_pwr.o
LOAD ./Drivers/STM32F1xx_HAL_Driver/Src/stm32f1xx_hal_rcc.o
LOAD ./Drivers/STM32F1xx_HAL_Driver/Src/stm32f1xx_hal_rcc_ex.o
LOAD ./Drivers/STM32F1xx_HAL_Driver/Src/stm32f1xx_hal_tim.o
LOAD ./Drivers/STM32F1xx_HAL_Driver/Src/stm32f1xx_hal_tim_ex.o
START GROUP
LOAD C:/Users/Mohamed Aboelhassan/STM32CubeIDE_1.10.1/STM32CubeIDE/plugins/com.st.stm32cube.ide.mcu.externaltools.gnu-tools-for-stm32.11.3.rel1.win32_1.1.1.202309131626/tools/bin/../lib/gcc/arm-none-eabi/11.3.1/../../../../arm-none-eabi/lib/thumb/v7-m/nofp\libstdc++_nano.a
LOAD C:/Users/Mohamed Aboelhassan/STM32CubeIDE_1.10.1/STM32CubeIDE/plugins/com.st.stm32cube.ide.mcu.externaltools.gnu-tools-for-stm32.11.3.rel1.win32_1.1.1.202309131626/tools/bin/../lib/gcc/arm-none-eabi/11.3.1/../../../../arm-none-eabi/lib/thumb/v7-m/nofp\libsupc++_nano.a
END GROUP
LOAD C:/Users/Mohamed Aboelhassan/STM32CubeIDE_1.10.1/STM32CubeIDE/plugins/com.st.stm32cube.ide.mcu.externaltools.gnu-tools-for-stm32.11.3.rel1.win32_1.1.1.202309131626/tools/bin/../lib/gcc/arm-none-eabi/11.3.1/../../../../arm-none-eabi/lib/thumb/v7-m/nofp\libstdc++_nano.a
LOAD C:/Users/Mohamed Aboelhassan/STM32CubeIDE_1.10.1/STM32CubeIDE/plugins/com.st.stm32cube.ide.mcu.externaltools.gnu-tools-for-stm32.11.3.rel1.win32_1.1.1.202309131626/tools/bin/../lib/gcc/arm-none-eabi/11.3.1/../../../../arm-none-eabi/lib/thumb/v7-m/nofp\libm.a
LOAD C:/Users/Mohamed Aboelhassan/STM32CubeIDE_1.10.1/STM32CubeIDE/plugins/com.st.stm32cube.ide.mcu.externaltools.gnu-tools-for-stm32.11.3.rel1.win32_1.1.1.202309131626/tools/bin/../lib/gcc/arm-none-eabi/11.3.1/../../../../arm-none-eabi/lib/thumb/v7-m/nofp\libc_nano.a
START GROUP
LOAD C:/Users/Mohamed Aboelhassan/STM32CubeIDE_1.10.1/STM32CubeIDE/plugins/com.st.stm32cube.ide.mcu.externaltools.gnu-tools-for-stm32.11.3.rel1.win32_1.1.1.202309131626/tools/bin/../lib/gcc/arm-none-eabi/11.3.1/thumb/v7-m/nofp\libgcc.a
LOAD C:/Users/Mohamed Aboelhassan/STM32CubeIDE_1.10.1/STM32CubeIDE/plugins/com.st.stm32cube.ide.mcu.externaltools.gnu-tools-for-stm32.11.3.rel1.win32_1.1.1.202309131626/tools/bin/../lib/gcc/arm-none-eabi/11.3.1/../../../../arm-none-eabi/lib/thumb/v7-m/nofp\libc_nano.a
END GROUP
START GROUP
LOAD C:/Users/Mohamed Aboelhassan/STM32CubeIDE_1.10.1/STM32CubeIDE/plugins/com.st.stm32cube.ide.mcu.externaltools.gnu-tools-for-stm32.11.3.rel1.win32_1.1.1.202309131626/tools/bin/../lib/gcc/arm-none-eabi/11.3.1/thumb/v7-m/nofp\libgcc.a
LOAD C:/Users/Mohamed Aboelhassan/STM32CubeIDE_1.10.1/STM32CubeIDE/plugins/com.st.stm32cube.ide.mcu.externaltools.gnu-tools-for-stm32.11.3.rel1.win32_1.1.1.202309131626/tools/bin/../lib/gcc/arm-none-eabi/11.3.1/../../../../arm-none-eabi/lib/thumb/v7-m/nofp\libc_nano.a
LOAD C:/Users/Mohamed Aboelhassan/STM32CubeIDE_1.10.1/STM32CubeIDE/plugins/com.st.stm32cube.ide.mcu.externaltools.gnu-tools-for-stm32.11.3.rel1.win32_1.1.1.202309131626/tools/bin/../lib/gcc/arm-none-eabi/11.3.1/../../../../arm-none-eabi/lib/thumb/v7-m/nofp\libnosys.a
END GROUP
START GROUP
LOAD C:/Users/Mohamed Aboelhassan/STM32CubeIDE_1.10.1/STM32CubeIDE/plugins/com.st.stm32cube.ide.mcu.externaltools.gnu-tools-for-stm32.11.3.rel1.win32_1.1.1.202309131626/tools/bin/../lib/gcc/arm-none-eabi/11.3.1/thumb/v7-m/nofp\libgcc.a
LOAD C:/Users/Mohamed Aboelhassan/STM32CubeIDE_1.10.1/STM32CubeIDE/plugins/com.st.stm32cube.ide.mcu.externaltools.gnu-tools-for-stm32.11.3.rel1.win32_1.1.1.202309131626/tools/bin/../lib/gcc/arm-none-eabi/11.3.1/../../../../arm-none-eabi/lib/thumb/v7-m/nofp\libc_nano.a
LOAD C:/Users/Mohamed Aboelhassan/STM32CubeIDE_1.10.1/STM32CubeIDE/plugins/com.st.stm32cube.ide.mcu.externaltools.gnu-tools-for-stm32.11.3.rel1.win32_1.1.1.202309131626/tools/bin/../lib/gcc/arm-none-eabi/11.3.1/../../../../arm-none-eabi/lib/thumb/v7-m/nofp\libnosys.a
END GROUP
LOAD C:/Users/Mohamed Aboelhassan/STM32CubeIDE_1.10.1/STM32CubeIDE/plugins/com.st.stm32cube.ide.mcu.externaltools.gnu-tools-for-stm32.11.3.rel1.win32_1.1.1.202309131626/tools/bin/../lib/gcc/arm-none-eabi/11.3.1/thumb/v7-m/nofp/crtend.o
LOAD C:/Users/Mohamed Aboelhassan/STM32CubeIDE_1.10.1/STM32CubeIDE/plugins/com.st.stm32cube.ide.mcu.externaltools.gnu-tools-for-stm32.11.3.rel1.win32_1.1.1.202309131626/tools/bin/../lib/gcc/arm-none-eabi/11.3.1/thumb/v7-m/nofp/crtn.o
                0x0000000020005000                _estack = (ORIGIN (RAM) + LENGTH (RAM))
                0x0000000000000200                _Min_Heap_Size = 0x200
                0x0000000000000400                _Min_Stack_Size = 0x400

.isr_vector     0x0000000008000000      0x10c
                0x0000000008000000                . = ALIGN (0x4)
 *(.isr_vector)
 .isr_vector    0x0000000008000000      0x10c ./Core/Startup/startup_stm32f103c8tx.o
                0x0000000008000000                g_pfnVectors
                0x000000000800010c                . = ALIGN (0x4)

.text           0x000000000800010c     0x2484
                0x000000000800010c                . = ALIGN (0x4)
 *(.text)
 .text          0x000000000800010c       0x40 C:/Users/Mohamed Aboelhassan/STM32CubeIDE_1.10.1/STM32CubeIDE/plugins/com.st.stm32cube.ide.mcu.externaltools.gnu-tools-for-stm32.11.3.rel1.win32_1.1.1.202309131626/tools/bin/../lib/gcc/arm-none-eabi/11.3.1/thumb/v7-m/nofp/crtbegin.o
 *(.text*)
 .text.main     0x000000000800014c      0x128 ./Core/Src/main.o
                0x000000000800014c                main
 .text.SystemClock_Config
                0x0000000008000274       0x76 ./Core/Src/main.o
                0x0000000008000274                SystemClock_Config
 *fill*         0x00000000080002ea        0x2 
 .text.MX_I2C1_Init
                0x00000000080002ec       0x5c ./Core/Src/main.o
 .text.MX_GPIO_Init
                0x0000000008000348       0x44 ./Core/Src/main.o
 .text.Error_Handler
                0x000000000800038c        0xa ./Core/Src/main.o
                0x000000000800038c                Error_Handler
 .text.SSD1306_ScrollRight
                0x0000000008000396       0x6c ./Core/Src/ssd1306.o
                0x0000000008000396                SSD1306_ScrollRight
 .text.SSD1306_ScrollLeft
                0x0000000008000402       0x6c ./Core/Src/ssd1306.o
                0x0000000008000402                SSD1306_ScrollLeft
 .text.SSD1306_Stopscroll
                0x000000000800046e       0x12 ./Core/Src/ssd1306.o
                0x000000000800046e                SSD1306_Stopscroll
 .text.SSD1306_Init
                0x0000000008000480      0x188 ./Core/Src/ssd1306.o
                0x0000000008000480                SSD1306_Init
 .text.SSD1306_UpdateScreen
                0x0000000008000608       0x5c ./Core/Src/ssd1306.o
                0x0000000008000608                SSD1306_UpdateScreen
 .text.SSD1306_Fill
                0x0000000008000664       0x30 ./Core/Src/ssd1306.o
                0x0000000008000664                SSD1306_Fill
 .text.SSD1306_DrawPixel
                0x0000000008000694       0xbc ./Core/Src/ssd1306.o
                0x0000000008000694                SSD1306_DrawPixel
 .text.SSD1306_GotoXY
                0x0000000008000750       0x2c ./Core/Src/ssd1306.o
                0x0000000008000750                SSD1306_GotoXY
 .text.SSD1306_Putc
                0x000000000800077c      0x100 ./Core/Src/ssd1306.o
                0x000000000800077c                SSD1306_Putc
 .text.SSD1306_Puts
                0x000000000800087c       0x4a ./Core/Src/ssd1306.o
                0x000000000800087c                SSD1306_Puts
 .text.SSD1306_Clear
                0x00000000080008c6       0x12 ./Core/Src/ssd1306.o
                0x00000000080008c6                SSD1306_Clear
 .text.ssd1306_I2C_Init
                0x00000000080008d8       0x28 ./Core/Src/ssd1306.o
                0x00000000080008d8                ssd1306_I2C_Init
 .text.ssd1306_I2C_WriteMulti
                0x0000000008000900       0xcc ./Core/Src/ssd1306.o
                0x0000000008000900                ssd1306_I2C_WriteMulti
 .text.ssd1306_I2C_Write
                0x00000000080009cc       0x3c ./Core/Src/ssd1306.o
                0x00000000080009cc                ssd1306_I2C_Write
 .text.HAL_MspInit
                0x0000000008000a08       0x64 ./Core/Src/stm32f1xx_hal_msp.o
                0x0000000008000a08                HAL_MspInit
 .text.HAL_I2C_MspInit
                0x0000000008000a6c       0x7c ./Core/Src/stm32f1xx_hal_msp.o
                0x0000000008000a6c                HAL_I2C_MspInit
 .text.NMI_Handler
                0x0000000008000ae8        0x6 ./Core/Src/stm32f1xx_it.o
                0x0000000008000ae8                NMI_Handler
 .text.HardFault_Handler
                0x0000000008000aee        0x6 ./Core/Src/stm32f1xx_it.o
                0x0000000008000aee                HardFault_Handler
 .text.MemManage_Handler
                0x0000000008000af4        0x6 ./Core/Src/stm32f1xx_it.o
                0x0000000008000af4                MemManage_Handler
 .text.BusFault_Handler
                0x0000000008000afa        0x6 ./Core/Src/stm32f1xx_it.o
                0x0000000008000afa                BusFault_Handler
 .text.UsageFault_Handler
                0x0000000008000b00        0x6 ./Core/Src/stm32f1xx_it.o
                0x0000000008000b00                UsageFault_Handler
 .text.SVC_Handler
                0x0000000008000b06        0xc ./Core/Src/stm32f1xx_it.o
                0x0000000008000b06                SVC_Handler
 .text.DebugMon_Handler
                0x0000000008000b12        0xc ./Core/Src/stm32f1xx_it.o
                0x0000000008000b12                DebugMon_Handler
 .text.PendSV_Handler
                0x0000000008000b1e        0xc ./Core/Src/stm32f1xx_it.o
                0x0000000008000b1e                PendSV_Handler
 .text.SysTick_Handler
                0x0000000008000b2a        0xc ./Core/Src/stm32f1xx_it.o
                0x0000000008000b2a                SysTick_Handler
 .text.SystemInit
                0x0000000008000b36        0xc ./Core/Src/system_stm32f1xx.o
                0x0000000008000b36                SystemInit
 *fill*         0x0000000008000b42        0x2 
 .text.Reset_Handler
                0x0000000008000b44       0x48 ./Core/Startup/startup_stm32f103c8tx.o
                0x0000000008000b44                Reset_Handler
 .text.Default_Handler
                0x0000000008000b8c        0x2 ./Core/Startup/startup_stm32f103c8tx.o
                0x0000000008000b8c                RTC_Alarm_IRQHandler
                0x0000000008000b8c                EXTI2_IRQHandler
                0x0000000008000b8c                TIM1_CC_IRQHandler
                0x0000000008000b8c                PVD_IRQHandler
                0x0000000008000b8c                EXTI3_IRQHandler
                0x0000000008000b8c                EXTI0_IRQHandler
                0x0000000008000b8c                I2C2_EV_IRQHandler
                0x0000000008000b8c                ADC1_2_IRQHandler
                0x0000000008000b8c                SPI1_IRQHandler
                0x0000000008000b8c                TAMPER_IRQHandler
                0x0000000008000b8c                DMA1_Channel4_IRQHandler
                0x0000000008000b8c                USART3_IRQHandler
                0x0000000008000b8c                RTC_IRQHandler
                0x0000000008000b8c                DMA1_Channel7_IRQHandler
                0x0000000008000b8c                CAN1_RX1_IRQHandler
                0x0000000008000b8c                TIM4_IRQHandler
                0x0000000008000b8c                I2C1_EV_IRQHandler
                0x0000000008000b8c                DMA1_Channel6_IRQHandler
                0x0000000008000b8c                TIM3_IRQHandler
                0x0000000008000b8c                RCC_IRQHandler
                0x0000000008000b8c                TIM1_TRG_COM_IRQHandler
                0x0000000008000b8c                DMA1_Channel1_IRQHandler
                0x0000000008000b8c                Default_Handler
                0x0000000008000b8c                EXTI15_10_IRQHandler
                0x0000000008000b8c                EXTI9_5_IRQHandler
                0x0000000008000b8c                SPI2_IRQHandler
                0x0000000008000b8c                DMA1_Channel5_IRQHandler
                0x0000000008000b8c                EXTI4_IRQHandler
                0x0000000008000b8c                USB_LP_CAN1_RX0_IRQHandler
                0x0000000008000b8c                USB_HP_CAN1_TX_IRQHandler
                0x0000000008000b8c                DMA1_Channel3_IRQHandler
                0x0000000008000b8c                TIM1_UP_IRQHandler
                0x0000000008000b8c                WWDG_IRQHandler
                0x0000000008000b8c                TIM2_IRQHandler
                0x0000000008000b8c                TIM1_BRK_IRQHandler
                0x0000000008000b8c                EXTI1_IRQHandler
                0x0000000008000b8c                USART2_IRQHandler
                0x0000000008000b8c                I2C2_ER_IRQHandler
                0x0000000008000b8c                DMA1_Channel2_IRQHandler
                0x0000000008000b8c                CAN1_SCE_IRQHandler
                0x0000000008000b8c                FLASH_IRQHandler
                0x0000000008000b8c                USART1_IRQHandler
                0x0000000008000b8c                I2C1_ER_IRQHandler
                0x0000000008000b8c                USBWakeUp_IRQHandler
 *fill*         0x0000000008000b8e        0x2 
 .text.HAL_Init
                0x0000000008000b90       0x2c ./Drivers/STM32F1xx_HAL_Driver/Src/stm32f1xx_hal.o
                0x0000000008000b90                HAL_Init
 .text.HAL_InitTick
                0x0000000008000bbc       0x60 ./Drivers/STM32F1xx_HAL_Driver/Src/stm32f1xx_hal.o
                0x0000000008000bbc                HAL_InitTick
 .text.HAL_IncTick
                0x0000000008000c1c       0x24 ./Drivers/STM32F1xx_HAL_Driver/Src/stm32f1xx_hal.o
                0x0000000008000c1c                HAL_IncTick
 .text.HAL_GetTick
                0x0000000008000c40       0x14 ./Drivers/STM32F1xx_HAL_Driver/Src/stm32f1xx_hal.o
                0x0000000008000c40                HAL_GetTick
 .text.HAL_Delay
                0x0000000008000c54       0x48 ./Drivers/STM32F1xx_HAL_Driver/Src/stm32f1xx_hal.o
                0x0000000008000c54                HAL_Delay
 .text.__NVIC_SetPriorityGrouping
                0x0000000008000c9c       0x48 ./Drivers/STM32F1xx_HAL_Driver/Src/stm32f1xx_hal_cortex.o
 .text.__NVIC_GetPriorityGrouping
                0x0000000008000ce4       0x1c ./Drivers/STM32F1xx_HAL_Driver/Src/stm32f1xx_hal_cortex.o
 .text.__NVIC_SetPriority
                0x0000000008000d00       0x54 ./Drivers/STM32F1xx_HAL_Driver/Src/stm32f1xx_hal_cortex.o
 .text.NVIC_EncodePriority
                0x0000000008000d54       0x64 ./Drivers/STM32F1xx_HAL_Driver/Src/stm32f1xx_hal_cortex.o
 .text.SysTick_Config
                0x0000000008000db8       0x44 ./Drivers/STM32F1xx_HAL_Driver/Src/stm32f1xx_hal_cortex.o
 .text.HAL_NVIC_SetPriorityGrouping
                0x0000000008000dfc       0x16 ./Drivers/STM32F1xx_HAL_Driver/Src/stm32f1xx_hal_cortex.o
                0x0000000008000dfc                HAL_NVIC_SetPriorityGrouping
 .text.HAL_NVIC_SetPriority
                0x0000000008000e12       0x38 ./Drivers/STM32F1xx_HAL_Driver/Src/stm32f1xx_hal_cortex.o
                0x0000000008000e12                HAL_NVIC_SetPriority
 .text.HAL_SYSTICK_Config
                0x0000000008000e4a       0x18 ./Drivers/STM32F1xx_HAL_Driver/Src/stm32f1xx_hal_cortex.o
                0x0000000008000e4a                HAL_SYSTICK_Config
 *fill*         0x0000000008000e62        0x2 
 .text.HAL_GPIO_Init
                0x0000000008000e64      0x308 ./Drivers/STM32F1xx_HAL_Driver/Src/stm32f1xx_hal_gpio.o
                0x0000000008000e64                HAL_GPIO_Init
 .text.HAL_I2C_Init
                0x000000000800116c      0x288 ./Drivers/STM32F1xx_HAL_Driver/Src/stm32f1xx_hal_i2c.o
                0x000000000800116c                HAL_I2C_Init
 .text.HAL_I2C_Master_Transmit
                0x00000000080013f4      0x1fc ./Drivers/STM32F1xx_HAL_Driver/Src/stm32f1xx_hal_i2c.o
                0x00000000080013f4                HAL_I2C_Master_Transmit
 .text.HAL_I2C_IsDeviceReady
                0x00000000080015f0      0x25c ./Drivers/STM32F1xx_HAL_Driver/Src/stm32f1xx_hal_i2c.o
                0x00000000080015f0                HAL_I2C_IsDeviceReady
 .text.I2C_MasterRequestWrite
                0x000000000800184c      0x104 ./Drivers/STM32F1xx_HAL_Driver/Src/stm32f1xx_hal_i2c.o
 .text.I2C_WaitOnFlagUntilTimeout
                0x0000000008001950       0xae ./Drivers/STM32F1xx_HAL_Driver/Src/stm32f1xx_hal_i2c.o
 .text.I2C_WaitOnMasterAddressFlagUntilTimeout
                0x00000000080019fe       0xfe ./Drivers/STM32F1xx_HAL_Driver/Src/stm32f1xx_hal_i2c.o
 .text.I2C_WaitOnTXEFlagUntilTimeout
                0x0000000008001afc       0x82 ./Drivers/STM32F1xx_HAL_Driver/Src/stm32f1xx_hal_i2c.o
 .text.I2C_WaitOnBTFFlagUntilTimeout
                0x0000000008001b7e       0x82 ./Drivers/STM32F1xx_HAL_Driver/Src/stm32f1xx_hal_i2c.o
 .text.I2C_IsAcknowledgeFailed
                0x0000000008001c00       0x5c ./Drivers/STM32F1xx_HAL_Driver/Src/stm32f1xx_hal_i2c.o
 .text.HAL_RCC_OscConfig
                0x0000000008001c5c      0x504 ./Drivers/STM32F1xx_HAL_Driver/Src/stm32f1xx_hal_rcc.o
                0x0000000008001c5c                HAL_RCC_OscConfig
 .text.HAL_RCC_ClockConfig
                0x0000000008002160      0x1d4 ./Drivers/STM32F1xx_HAL_Driver/Src/stm32f1xx_hal_rcc.o
                0x0000000008002160                HAL_RCC_ClockConfig
 .text.HAL_RCC_GetSysClockFreq
                0x0000000008002334       0xbc ./Drivers/STM32F1xx_HAL_Driver/Src/stm32f1xx_hal_rcc.o
                0x0000000008002334                HAL_RCC_GetSysClockFreq
 .text.HAL_RCC_GetHCLKFreq
                0x00000000080023f0       0x14 ./Drivers/STM32F1xx_HAL_Driver/Src/stm32f1xx_hal_rcc.o
                0x00000000080023f0                HAL_RCC_GetHCLKFreq
 .text.HAL_RCC_GetPCLK1Freq
                0x0000000008002404       0x28 ./Drivers/STM32F1xx_HAL_Driver/Src/stm32f1xx_hal_rcc.o
                0x0000000008002404                HAL_RCC_GetPCLK1Freq
 .text.RCC_Delay
                0x000000000800242c       0x3c ./Drivers/STM32F1xx_HAL_Driver/Src/stm32f1xx_hal_rcc.o
 .text.__itoa   0x0000000008002468       0x30 C:/Users/Mohamed Aboelhassan/STM32CubeIDE_1.10.1/STM32CubeIDE/plugins/com.st.stm32cube.ide.mcu.externaltools.gnu-tools-for-stm32.11.3.rel1.win32_1.1.1.202309131626/tools/bin/../lib/gcc/arm-none-eabi/11.3.1/../../../../arm-none-eabi/lib/thumb/v7-m/nofp\libc_nano.a(libc_a-itoa.o)
                0x0000000008002468                __itoa
 .text.itoa     0x0000000008002498        0x4 C:/Users/Mohamed Aboelhassan/STM32CubeIDE_1.10.1/STM32CubeIDE/plugins/com.st.stm32cube.ide.mcu.externaltools.gnu-tools-for-stm32.11.3.rel1.win32_1.1.1.202309131626/tools/bin/../lib/gcc/arm-none-eabi/11.3.1/../../../../arm-none-eabi/lib/thumb/v7-m/nofp\libc_nano.a(libc_a-itoa.o)
                0x0000000008002498                itoa
 .text.__utoa   0x000000000800249c       0x84 C:/Users/Mohamed Aboelhassan/STM32CubeIDE_1.10.1/STM32CubeIDE/plugins/com.st.stm32cube.ide.mcu.externaltools.gnu-tools-for-stm32.11.3.rel1.win32_1.1.1.202309131626/tools/bin/../lib/gcc/arm-none-eabi/11.3.1/../../../../arm-none-eabi/lib/thumb/v7-m/nofp\libc_nano.a(libc_a-utoa.o)
                0x000000000800249c                __utoa
 .text.memset   0x0000000008002520       0x10 C:/Users/Mohamed Aboelhassan/STM32CubeIDE_1.10.1/STM32CubeIDE/plugins/com.st.stm32cube.ide.mcu.externaltools.gnu-tools-for-stm32.11.3.rel1.win32_1.1.1.202309131626/tools/bin/../lib/gcc/arm-none-eabi/11.3.1/../../../../arm-none-eabi/lib/thumb/v7-m/nofp\libc_nano.a(libc_a-memset.o)
                0x0000000008002520                memset
 .text.__libc_init_array
                0x0000000008002530       0x48 C:/Users/Mohamed Aboelhassan/STM32CubeIDE_1.10.1/STM32CubeIDE/plugins/com.st.stm32cube.ide.mcu.externaltools.gnu-tools-for-stm32.11.3.rel1.win32_1.1.1.202309131626/tools/bin/../lib/gcc/arm-none-eabi/11.3.1/../../../../arm-none-eabi/lib/thumb/v7-m/nofp\libc_nano.a(libc_a-init.o)
                0x0000000008002530                __libc_init_array
 *(.glue_7)
 .glue_7        0x0000000008002578        0x0 linker stubs
 *(.glue_7t)
 .glue_7t       0x0000000008002578        0x0 linker stubs
 *(.eh_frame)
 .eh_frame      0x0000000008002578        0x0 C:/Users/Mohamed Aboelhassan/STM32CubeIDE_1.10.1/STM32CubeIDE/plugins/com.st.stm32cube.ide.mcu.externaltools.gnu-tools-for-stm32.11.3.rel1.win32_1.1.1.202309131626/tools/bin/../lib/gcc/arm-none-eabi/11.3.1/thumb/v7-m/nofp/crtbegin.o
 *(.init)
 .init          0x0000000008002578        0x4 C:/Users/Mohamed Aboelhassan/STM32CubeIDE_1.10.1/STM32CubeIDE/plugins/com.st.stm32cube.ide.mcu.externaltools.gnu-tools-for-stm32.11.3.rel1.win32_1.1.1.202309131626/tools/bin/../lib/gcc/arm-none-eabi/11.3.1/thumb/v7-m/nofp/crti.o
                0x0000000008002578                _init
 .init          0x000000000800257c        0x8 C:/Users/Mohamed Aboelhassan/STM32CubeIDE_1.10.1/STM32CubeIDE/plugins/com.st.stm32cube.ide.mcu.externaltools.gnu-tools-for-stm32.11.3.rel1.win32_1.1.1.202309131626/tools/bin/../lib/gcc/arm-none-eabi/11.3.1/thumb/v7-m/nofp/crtn.o
 *(.fini)
 .fini          0x0000000008002584        0x4 C:/Users/Mohamed Aboelhassan/STM32CubeIDE_1.10.1/STM32CubeIDE/plugins/com.st.stm32cube.ide.mcu.externaltools.gnu-tools-for-stm32.11.3.rel1.win32_1.1.1.202309131626/tools/bin/../lib/gcc/arm-none-eabi/11.3.1/thumb/v7-m/nofp/crti.o
                0x0000000008002584                _fini
 .fini          0x0000000008002588        0x8 C:/Users/Mohamed Aboelhassan/STM32CubeIDE_1.10.1/STM32CubeIDE/plugins/com.st.stm32cube.ide.mcu.externaltools.gnu-tools-for-stm32.11.3.rel1.win32_1.1.1.202309131626/tools/bin/../lib/gcc/arm-none-eabi/11.3.1/thumb/v7-m/nofp/crtn.o
                0x0000000008002590                . = ALIGN (0x4)
                0x0000000008002590                _etext = .

.vfp11_veneer   0x0000000008002590        0x0
 .vfp11_veneer  0x0000000008002590        0x0 linker stubs

.v4_bx          0x0000000008002590        0x0
 .v4_bx         0x0000000008002590        0x0 linker stubs

.iplt           0x0000000008002590        0x0
 .iplt          0x0000000008002590        0x0 C:/Users/Mohamed Aboelhassan/STM32CubeIDE_1.10.1/STM32CubeIDE/plugins/com.st.stm32cube.ide.mcu.externaltools.gnu-tools-for-stm32.11.3.rel1.win32_1.1.1.202309131626/tools/bin/../lib/gcc/arm-none-eabi/11.3.1/thumb/v7-m/nofp/crtbegin.o

.rodata         0x0000000008002590     0x2124
                0x0000000008002590                . = ALIGN (0x4)
 *(.rodata)
 .rodata        0x0000000008002590       0x2a ./Core/Src/main.o
 *fill*         0x00000000080025ba        0x2 
 .rodata        0x00000000080025bc       0x10 ./Drivers/STM32F1xx_HAL_Driver/Src/stm32f1xx_hal_rcc.o
 *(.rodata*)
 .rodata.Font11x18
                0x00000000080025cc      0xd5c ./Core/Src/fonts.o
                0x00000000080025cc                Font11x18
 .rodata.Font16x26
                0x0000000008003328     0x134c ./Core/Src/fonts.o
                0x0000000008003328                Font16x26
 .rodata.AHBPrescTable
                0x0000000008004674       0x10 ./Core/Src/system_stm32f1xx.o
                0x0000000008004674                AHBPrescTable
 .rodata.APBPrescTable
                0x0000000008004684        0x8 ./Core/Src/system_stm32f1xx.o
                0x0000000008004684                APBPrescTable
 .rodata.__utoa.str1.1
                0x000000000800468c       0x25 C:/Users/Mohamed Aboelhassan/STM32CubeIDE_1.10.1/STM32CubeIDE/plugins/com.st.stm32cube.ide.mcu.externaltools.gnu-tools-for-stm32.11.3.rel1.win32_1.1.1.202309131626/tools/bin/../lib/gcc/arm-none-eabi/11.3.1/../../../../arm-none-eabi/lib/thumb/v7-m/nofp\libc_nano.a(libc_a-utoa.o)
                0x00000000080046b4                . = ALIGN (0x4)
 *fill*         0x00000000080046b1        0x3 

.rel.dyn        0x00000000080046b4        0x0
 .rel.iplt      0x00000000080046b4        0x0 C:/Users/Mohamed Aboelhassan/STM32CubeIDE_1.10.1/STM32CubeIDE/plugins/com.st.stm32cube.ide.mcu.externaltools.gnu-tools-for-stm32.11.3.rel1.win32_1.1.1.202309131626/tools/bin/../lib/gcc/arm-none-eabi/11.3.1/thumb/v7-m/nofp/crtbegin.o

.ARM.extab      0x00000000080046b4        0x0
                0x00000000080046b4                . = ALIGN (0x4)
 *(.ARM.extab* .gnu.linkonce.armextab.*)
                0x00000000080046b4                . = ALIGN (0x4)

.ARM            0x00000000080046b4        0x0
                0x00000000080046b4                . = ALIGN (0x4)
                0x00000000080046b4                __exidx_start = .
 *(.ARM.exidx*)
                0x00000000080046b4                __exidx_end = .
                0x00000000080046b4                . = ALIGN (0x4)

.preinit_array  0x00000000080046b4        0x0
                0x00000000080046b4                . = ALIGN (0x4)
                0x00000000080046b4                PROVIDE (__preinit_array_start = .)
 *(.preinit_array*)
                0x00000000080046b4                PROVIDE (__preinit_array_end = .)
                0x00000000080046b4                . = ALIGN (0x4)

.init_array     0x00000000080046b4        0x4
                0x00000000080046b4                . = ALIGN (0x4)
                0x00000000080046b4                PROVIDE (__init_array_start = .)
 *(SORT_BY_NAME(.init_array.*))
 *(.init_array*)
 .init_array    0x00000000080046b4        0x4 C:/Users/Mohamed Aboelhassan/STM32CubeIDE_1.10.1/STM32CubeIDE/plugins/com.st.stm32cube.ide.mcu.externaltools.gnu-tools-for-stm32.11.3.rel1.win32_1.1.1.202309131626/tools/bin/../lib/gcc/arm-none-eabi/11.3.1/thumb/v7-m/nofp/crtbegin.o
                0x00000000080046b8                PROVIDE (__init_array_end = .)
                0x00000000080046b8                . = ALIGN (0x4)

.fini_array     0x00000000080046b8        0x4
                0x00000000080046b8                . = ALIGN (0x4)
                [!provide]                        PROVIDE (__fini_array_start = .)
 *(SORT_BY_NAME(.fini_array.*))
 *(.fini_array*)
 .fini_array    0x00000000080046b8        0x4 C:/Users/Mohamed Aboelhassan/STM32CubeIDE_1.10.1/STM32CubeIDE/plugins/com.st.stm32cube.ide.mcu.externaltools.gnu-tools-for-stm32.11.3.rel1.win32_1.1.1.202309131626/tools/bin/../lib/gcc/arm-none-eabi/11.3.1/thumb/v7-m/nofp/crtbegin.o
                [!provide]                        PROVIDE (__fini_array_end = .)
                0x00000000080046bc                . = ALIGN (0x4)
                0x00000000080046bc                _sidata = LOADADDR (.data)

.data           0x0000000020000000       0x1c load address 0x00000000080046bc
                0x0000000020000000                . = ALIGN (0x4)
                0x0000000020000000                _sdata = .
 *(.data)
 *(.data*)
 .data.Font_11x18
                0x0000000020000000        0x8 ./Core/Src/fonts.o
                0x0000000020000000                Font_11x18
 .data.Font_16x26
                0x0000000020000008        0x8 ./Core/Src/fonts.o
                0x0000000020000008                Font_16x26
 .data.SystemCoreClock
                0x0000000020000010        0x4 ./Core/Src/system_stm32f1xx.o
                0x0000000020000010                SystemCoreClock
 .data.uwTickPrio
                0x0000000020000014        0x4 ./Drivers/STM32F1xx_HAL_Driver/Src/stm32f1xx_hal.o
                0x0000000020000014                uwTickPrio
 .data.uwTickFreq
                0x0000000020000018        0x1 ./Drivers/STM32F1xx_HAL_Driver/Src/stm32f1xx_hal.o
                0x0000000020000018                uwTickFreq
 *(.RamFunc)
 *(.RamFunc*)
                0x000000002000001c                . = ALIGN (0x4)
 *fill*         0x0000000020000019        0x3 
                0x000000002000001c                _edata = .

.igot.plt       0x000000002000001c        0x0 load address 0x00000000080046d8
 .igot.plt      0x000000002000001c        0x0 C:/Users/Mohamed Aboelhassan/STM32CubeIDE_1.10.1/STM32CubeIDE/plugins/com.st.stm32cube.ide.mcu.externaltools.gnu-tools-for-stm32.11.3.rel1.win32_1.1.1.202309131626/tools/bin/../lib/gcc/arm-none-eabi/11.3.1/thumb/v7-m/nofp/crtbegin.o
                0x000000002000001c                . = ALIGN (0x4)

.bss            0x000000002000001c      0x47c load address 0x00000000080046d8
                0x000000002000001c                _sbss = .
                0x000000002000001c                __bss_start__ = _sbss
 *(.bss)
 .bss           0x000000002000001c       0x1c C:/Users/Mohamed Aboelhassan/STM32CubeIDE_1.10.1/STM32CubeIDE/plugins/com.st.stm32cube.ide.mcu.externaltools.gnu-tools-for-stm32.11.3.rel1.win32_1.1.1.202309131626/tools/bin/../lib/gcc/arm-none-eabi/11.3.1/thumb/v7-m/nofp/crtbegin.o
 *(.bss*)
 .bss.hi2c1     0x0000000020000038       0x54 ./Core/Src/main.o
                0x0000000020000038                hi2c1
 .bss.SSD1306_Buffer
                0x000000002000008c      0x400 ./Core/Src/ssd1306.o
 .bss.SSD1306   0x000000002000048c        0x6 ./Core/Src/ssd1306.o
 *fill*         0x0000000020000492        0x2 
 .bss.uwTick    0x0000000020000494        0x4 ./Drivers/STM32F1xx_HAL_Driver/Src/stm32f1xx_hal.o
                0x0000000020000494                uwTick
 *(COMMON)
                0x0000000020000498                . = ALIGN (0x4)
                0x0000000020000498                _ebss = .
                0x0000000020000498                __bss_end__ = _ebss

._user_heap_stack
                0x0000000020000498      0x600 load address 0x00000000080046d8
                0x0000000020000498                . = ALIGN (0x8)
                [!provide]                        PROVIDE (end = .)
                0x0000000020000498                PROVIDE (_end = .)
                0x0000000020000698                . = (. + _Min_Heap_Size)
 *fill*         0x0000000020000498      0x200 
                0x0000000020000a98                . = (. + _Min_Stack_Size)
 *fill*         0x0000000020000698      0x400 
                0x0000000020000a98                . = ALIGN (0x8)

/DISCARD/
 libc.a(*)
 libm.a(*)
 libgcc.a(*)

.ARM.attributes
                0x0000000000000000       0x29
 *(.ARM.attributes)
 .ARM.attributes
                0x0000000000000000       0x1d C:/Users/Mohamed Aboelhassan/STM32CubeIDE_1.10.1/STM32CubeIDE/plugins/com.st.stm32cube.ide.mcu.externaltools.gnu-tools-for-stm32.11.3.rel1.win32_1.1.1.202309131626/tools/bin/../lib/gcc/arm-none-eabi/11.3.1/thumb/v7-m/nofp/crti.o
 .ARM.attributes
                0x000000000000001d       0x2d C:/Users/Mohamed Aboelhassan/STM32CubeIDE_1.10.1/STM32CubeIDE/plugins/com.st.stm32cube.ide.mcu.externaltools.gnu-tools-for-stm32.11.3.rel1.win32_1.1.1.202309131626/tools/bin/../lib/gcc/arm-none-eabi/11.3.1/thumb/v7-m/nofp/crtbegin.o
 .ARM.attributes
                0x000000000000004a       0x2d ./Core/Src/fonts.o
 .ARM.attributes
                0x0000000000000077       0x2d ./Core/Src/main.o
 .ARM.attributes
                0x00000000000000a4       0x2d ./Core/Src/ssd1306.o
 .ARM.attributes
                0x00000000000000d1       0x2d ./Core/Src/stm32f1xx_hal_msp.o
 .ARM.attributes
                0x00000000000000fe       0x2d ./Core/Src/stm32f1xx_it.o
 .ARM.attributes
                0x000000000000012b       0x2d ./Core/Src/system_stm32f1xx.o
 .ARM.attributes
                0x0000000000000158       0x21 ./Core/Startup/startup_stm32f103c8tx.o
 .ARM.attributes
                0x0000000000000179       0x2d ./Drivers/STM32F1xx_HAL_Driver/Src/stm32f1xx_hal.o
 .ARM.attributes
                0x00000000000001a6       0x2d ./Drivers/STM32F1xx_HAL_Driver/Src/stm32f1xx_hal_cortex.o
 .ARM.attributes
                0x00000000000001d3       0x2d ./Drivers/STM32F1xx_HAL_Driver/Src/stm32f1xx_hal_gpio.o
 .ARM.attributes
                0x0000000000000200       0x2d ./Drivers/STM32F1xx_HAL_Driver/Src/stm32f1xx_hal_i2c.o
 .ARM.attributes
                0x000000000000022d       0x2d ./Drivers/STM32F1xx_HAL_Driver/Src/stm32f1xx_hal_rcc.o
 .ARM.attributes
                0x000000000000025a       0x2d C:/Users/Mohamed Aboelhassan/STM32CubeIDE_1.10.1/STM32CubeIDE/plugins/com.st.stm32cube.ide.mcu.externaltools.gnu-tools-for-stm32.11.3.rel1.win32_1.1.1.202309131626/tools/bin/../lib/gcc/arm-none-eabi/11.3.1/../../../../arm-none-eabi/lib/thumb/v7-m/nofp\libc_nano.a(libc_a-itoa.o)
 .ARM.attributes
                0x0000000000000287       0x2d C:/Users/Mohamed Aboelhassan/STM32CubeIDE_1.10.1/STM32CubeIDE/plugins/com.st.stm32cube.ide.mcu.externaltools.gnu-tools-for-stm32.11.3.rel1.win32_1.1.1.202309131626/tools/bin/../lib/gcc/arm-none-eabi/11.3.1/../../../../arm-none-eabi/lib/thumb/v7-m/nofp\libc_nano.a(libc_a-utoa.o)
 .ARM.attributes
                0x00000000000002b4       0x2d C:/Users/Mohamed Aboelhassan/STM32CubeIDE_1.10.1/STM32CubeIDE/plugins/com.st.stm32cube.ide.mcu.externaltools.gnu-tools-for-stm32.11.3.rel1.win32_1.1.1.202309131626/tools/bin/../lib/gcc/arm-none-eabi/11.3.1/../../../../arm-none-eabi/lib/thumb/v7-m/nofp\libc_nano.a(libc_a-memset.o)
 .ARM.attributes
                0x00000000000002e1       0x2d C:/Users/Mohamed Aboelhassan/STM32CubeIDE_1.10.1/STM32CubeIDE/plugins/com.st.stm32cube.ide.mcu.externaltools.gnu-tools-for-stm32.11.3.rel1.win32_1.1.1.202309131626/tools/bin/../lib/gcc/arm-none-eabi/11.3.1/../../../../arm-none-eabi/lib/thumb/v7-m/nofp\libc_nano.a(libc_a-init.o)
 .ARM.attributes
                0x000000000000030e       0x1d C:/Users/Mohamed Aboelhassan/STM32CubeIDE_1.10.1/STM32CubeIDE/plugins/com.st.stm32cube.ide.mcu.externaltools.gnu-tools-for-stm32.11.3.rel1.win32_1.1.1.202309131626/tools/bin/../lib/gcc/arm-none-eabi/11.3.1/thumb/v7-m/nofp/crtn.o
OUTPUT(OLED.elf elf32-littlearm)
LOAD linker stubs
LOAD C:/Users/Mohamed Aboelhassan/STM32CubeIDE_1.10.1/STM32CubeIDE/plugins/com.st.stm32cube.ide.mcu.externaltools.gnu-tools-for-stm32.11.3.rel1.win32_1.1.1.202309131626/tools/bin/../lib/gcc/arm-none-eabi/11.3.1/../../../../arm-none-eabi/lib/thumb/v7-m/nofp\libc.a
LOAD C:/Users/Mohamed Aboelhassan/STM32CubeIDE_1.10.1/STM32CubeIDE/plugins/com.st.stm32cube.ide.mcu.externaltools.gnu-tools-for-stm32.11.3.rel1.win32_1.1.1.202309131626/tools/bin/../lib/gcc/arm-none-eabi/11.3.1/../../../../arm-none-eabi/lib/thumb/v7-m/nofp\libm.a
LOAD C:/Users/Mohamed Aboelhassan/STM32CubeIDE_1.10.1/STM32CubeIDE/plugins/com.st.stm32cube.ide.mcu.externaltools.gnu-tools-for-stm32.11.3.rel1.win32_1.1.1.202309131626/tools/bin/../lib/gcc/arm-none-eabi/11.3.1/thumb/v7-m/nofp\libgcc.a

.comment        0x0000000000000000       0x43
 .comment       0x0000000000000000       0x43 C:/Users/Mohamed Aboelhassan/STM32CubeIDE_1.10.1/STM32CubeIDE/plugins/com.st.stm32cube.ide.mcu.externaltools.gnu-tools-for-stm32.11.3.rel1.win32_1.1.1.202309131626/tools/bin/../lib/gcc/arm-none-eabi/11.3.1/thumb/v7-m/nofp/crtbegin.o
                                         0x44 (size before relaxing)
 .comment       0x0000000000000043       0x44 ./Core/Src/fonts.o
 .comment       0x0000000000000043       0x44 ./Core/Src/main.o
 .comment       0x0000000000000043       0x44 ./Core/Src/ssd1306.o
 .comment       0x0000000000000043       0x44 ./Core/Src/stm32f1xx_hal_msp.o
 .comment       0x0000000000000043       0x44 ./Core/Src/stm32f1xx_it.o
 .comment       0x0000000000000043       0x44 ./Core/Src/system_stm32f1xx.o
 .comment       0x0000000000000043       0x44 ./Drivers/STM32F1xx_HAL_Driver/Src/stm32f1xx_hal.o
 .comment       0x0000000000000043       0x44 ./Drivers/STM32F1xx_HAL_Driver/Src/stm32f1xx_hal_cortex.o
 .comment       0x0000000000000043       0x44 ./Drivers/STM32F1xx_HAL_Driver/Src/stm32f1xx_hal_gpio.o
 .comment       0x0000000000000043       0x44 ./Drivers/STM32F1xx_HAL_Driver/Src/stm32f1xx_hal_i2c.o
 .comment       0x0000000000000043       0x44 ./Drivers/STM32F1xx_HAL_Driver/Src/stm32f1xx_hal_rcc.o

.debug_info     0x0000000000000000     0x6c3e
 .debug_info    0x0000000000000000      0x255 ./Core/Src/fonts.o
 .debug_info    0x0000000000000255      0xa1f ./Core/Src/main.o
 .debug_info    0x0000000000000c74     0x1023 ./Core/Src/ssd1306.o
 .debug_info    0x0000000000001c97      0x840 ./Core/Src/stm32f1xx_hal_msp.o
 .debug_info    0x00000000000024d7      0x113 ./Core/Src/stm32f1xx_it.o
 .debug_info    0x00000000000025ea      0x222 ./Core/Src/system_stm32f1xx.o
 .debug_info    0x000000000000280c       0x23 ./Core/Startup/startup_stm32f103c8tx.o
 .debug_info    0x000000000000282f      0x704 ./Drivers/STM32F1xx_HAL_Driver/Src/stm32f1xx_hal.o
 .debug_info    0x0000000000002f33      0xa87 ./Drivers/STM32F1xx_HAL_Driver/Src/stm32f1xx_hal_cortex.o
 .debug_info    0x00000000000039ba      0x5ab ./Drivers/STM32F1xx_HAL_Driver/Src/stm32f1xx_hal_gpio.o
 .debug_info    0x0000000000003f65     0x24eb ./Drivers/STM32F1xx_HAL_Driver/Src/stm32f1xx_hal_i2c.o
 .debug_info    0x0000000000006450      0x7ee ./Drivers/STM32F1xx_HAL_Driver/Src/stm32f1xx_hal_rcc.o

.debug_abbrev   0x0000000000000000     0x1668
 .debug_abbrev  0x0000000000000000      0x11c ./Core/Src/fonts.o
 .debug_abbrev  0x000000000000011c      0x2c1 ./Core/Src/main.o
 .debug_abbrev  0x00000000000003dd      0x30d ./Core/Src/ssd1306.o
 .debug_abbrev  0x00000000000006ea      0x1a3 ./Core/Src/stm32f1xx_hal_msp.o
 .debug_abbrev  0x000000000000088d       0x73 ./Core/Src/stm32f1xx_it.o
 .debug_abbrev  0x0000000000000900      0x13f ./Core/Src/system_stm32f1xx.o
 .debug_abbrev  0x0000000000000a3f       0x12 ./Core/Startup/startup_stm32f103c8tx.o
 .debug_abbrev  0x0000000000000a51      0x201 ./Drivers/STM32F1xx_HAL_Driver/Src/stm32f1xx_hal.o
 .debug_abbrev  0x0000000000000c52      0x2f8 ./Drivers/STM32F1xx_HAL_Driver/Src/stm32f1xx_hal_cortex.o
 .debug_abbrev  0x0000000000000f4a      0x1ca ./Drivers/STM32F1xx_HAL_Driver/Src/stm32f1xx_hal_gpio.o
 .debug_abbrev  0x0000000000001114      0x2a3 ./Drivers/STM32F1xx_HAL_Driver/Src/stm32f1xx_hal_i2c.o
 .debug_abbrev  0x00000000000013b7      0x2b1 ./Drivers/STM32F1xx_HAL_Driver/Src/stm32f1xx_hal_rcc.o

.debug_aranges  0x0000000000000000      0x7a0
 .debug_aranges
                0x0000000000000000       0x20 ./Core/Src/fonts.o
 .debug_aranges
                0x0000000000000020       0x40 ./Core/Src/main.o
 .debug_aranges
                0x0000000000000060       0xf8 ./Core/Src/ssd1306.o
 .debug_aranges
                0x0000000000000158       0x30 ./Core/Src/stm32f1xx_hal_msp.o
 .debug_aranges
                0x0000000000000188       0x60 ./Core/Src/stm32f1xx_it.o
 .debug_aranges
                0x00000000000001e8       0x28 ./Core/Src/system_stm32f1xx.o
 .debug_aranges
                0x0000000000000210       0x28 ./Core/Startup/startup_stm32f103c8tx.o
 .debug_aranges
                0x0000000000000238       0xe0 ./Drivers/STM32F1xx_HAL_Driver/Src/stm32f1xx_hal.o
 .debug_aranges
                0x0000000000000318      0x100 ./Drivers/STM32F1xx_HAL_Driver/Src/stm32f1xx_hal_cortex.o
 .debug_aranges
                0x0000000000000418       0x58 ./Drivers/STM32F1xx_HAL_Driver/Src/stm32f1xx_hal_gpio.o
 .debug_aranges
                0x0000000000000470      0x2a0 ./Drivers/STM32F1xx_HAL_Driver/Src/stm32f1xx_hal_i2c.o
 .debug_aranges
                0x0000000000000710       0x90 ./Drivers/STM32F1xx_HAL_Driver/Src/stm32f1xx_hal_rcc.o

.debug_rnglists
                0x0000000000000000      0x5de
 .debug_rnglists
                0x0000000000000000       0x13 ./Core/Src/fonts.o
 .debug_rnglists
                0x0000000000000013       0x2c ./Core/Src/main.o
 .debug_rnglists
                0x000000000000003f       0xc2 ./Core/Src/ssd1306.o
 .debug_rnglists
                0x0000000000000101       0x1f ./Core/Src/stm32f1xx_hal_msp.o
 .debug_rnglists
                0x0000000000000120       0x43 ./Core/Src/stm32f1xx_it.o
 .debug_rnglists
                0x0000000000000163       0x1a ./Core/Src/system_stm32f1xx.o
 .debug_rnglists
                0x000000000000017d       0x19 ./Core/Startup/startup_stm32f103c8tx.o
 .debug_rnglists
                0x0000000000000196       0xa3 ./Drivers/STM32F1xx_HAL_Driver/Src/stm32f1xx_hal.o
 .debug_rnglists
                0x0000000000000239       0xbb ./Drivers/STM32F1xx_HAL_Driver/Src/stm32f1xx_hal_cortex.o
 .debug_rnglists
                0x00000000000002f4       0x3f ./Drivers/STM32F1xx_HAL_Driver/Src/stm32f1xx_hal_gpio.o
 .debug_rnglists
                0x0000000000000333      0x23f ./Drivers/STM32F1xx_HAL_Driver/Src/stm32f1xx_hal_i2c.o
 .debug_rnglists
                0x0000000000000572       0x6c ./Drivers/STM32F1xx_HAL_Driver/Src/stm32f1xx_hal_rcc.o

.debug_macro    0x0000000000000000    0x16c51
 .debug_macro   0x0000000000000000      0x266 ./Core/Src/fonts.o
 .debug_macro   0x0000000000000266      0xa9c ./Core/Src/fonts.o
 .debug_macro   0x0000000000000d02      0x215 ./Core/Src/fonts.o
 .debug_macro   0x0000000000000f17       0x2e ./Core/Src/fonts.o
 .debug_macro   0x0000000000000f45       0x22 ./Core/Src/fonts.o
 .debug_macro   0x0000000000000f67       0x22 ./Core/Src/fonts.o
 .debug_macro   0x0000000000000f89       0x8e ./Core/Src/fonts.o
 .debug_macro   0x0000000000001017       0x51 ./Core/Src/fonts.o
 .debug_macro   0x0000000000001068      0x103 ./Core/Src/fonts.o
 .debug_macro   0x000000000000116b       0x6a ./Core/Src/fonts.o
 .debug_macro   0x00000000000011d5      0x1df ./Core/Src/fonts.o
 .debug_macro   0x00000000000013b4       0x1c ./Core/Src/fonts.o
 .debug_macro   0x00000000000013d0       0x22 ./Core/Src/fonts.o
 .debug_macro   0x00000000000013f2       0xbd ./Core/Src/fonts.o
 .debug_macro   0x00000000000014af      0xd23 ./Core/Src/fonts.o
 .debug_macro   0x00000000000021d2     0xe09e ./Core/Src/fonts.o
 .debug_macro   0x0000000000010270       0x6d ./Core/Src/fonts.o
 .debug_macro   0x00000000000102dd     0x3468 ./Core/Src/fonts.o
 .debug_macro   0x0000000000013745      0x174 ./Core/Src/fonts.o
 .debug_macro   0x00000000000138b9       0x5c ./Core/Src/fonts.o
 .debug_macro   0x0000000000013915      0x5be ./Core/Src/fonts.o
 .debug_macro   0x0000000000013ed3      0x289 ./Core/Src/fonts.o
 .debug_macro   0x000000000001415c      0x1cb ./Core/Src/fonts.o
 .debug_macro   0x0000000000014327      0x114 ./Core/Src/fonts.o
 .debug_macro   0x000000000001443b      0x1b2 ./Core/Src/fonts.o
 .debug_macro   0x00000000000145ed       0x27 ./Core/Src/fonts.o
 .debug_macro   0x0000000000014614      0x136 ./Core/Src/fonts.o
 .debug_macro   0x000000000001474a      0x1bc ./Core/Src/fonts.o
 .debug_macro   0x0000000000014906       0x34 ./Core/Src/fonts.o
 .debug_macro   0x000000000001493a       0x3c ./Core/Src/fonts.o
 .debug_macro   0x0000000000014976       0x57 ./Core/Src/fonts.o
 .debug_macro   0x00000000000149cd       0x88 ./Core/Src/fonts.o
 .debug_macro   0x0000000000014a55      0x241 ./Core/Src/fonts.o
 .debug_macro   0x0000000000014c96      0x287 ./Core/Src/fonts.o
 .debug_macro   0x0000000000014f1d      0x141 ./Core/Src/fonts.o
 .debug_macro   0x000000000001505e       0x83 ./Core/Src/fonts.o
 .debug_macro   0x00000000000150e1       0x61 ./Core/Src/fonts.o
 .debug_macro   0x0000000000015142       0x24 ./Core/Src/fonts.o
 .debug_macro   0x0000000000015166       0x43 ./Core/Src/fonts.o
 .debug_macro   0x00000000000151a9       0x34 ./Core/Src/fonts.o
 .debug_macro   0x00000000000151dd       0x16 ./Core/Src/fonts.o
 .debug_macro   0x00000000000151f3       0x43 ./Core/Src/fonts.o
 .debug_macro   0x0000000000015236       0x34 ./Core/Src/fonts.o
 .debug_macro   0x000000000001526a       0x10 ./Core/Src/fonts.o
 .debug_macro   0x000000000001527a       0x58 ./Core/Src/fonts.o
 .debug_macro   0x00000000000152d2       0x8e ./Core/Src/fonts.o
 .debug_macro   0x0000000000015360       0x1c ./Core/Src/fonts.o
 .debug_macro   0x000000000001537c      0x177 ./Core/Src/fonts.o
 .debug_macro   0x00000000000154f3      0x369 ./Core/Src/fonts.o
 .debug_macro   0x000000000001585c       0x10 ./Core/Src/fonts.o
 .debug_macro   0x000000000001586c       0x35 ./Core/Src/fonts.o
 .debug_macro   0x00000000000158a1       0x20 ./Core/Src/fonts.o
 .debug_macro   0x00000000000158c1      0x2b7 ./Core/Src/main.o
 .debug_macro   0x0000000000015b78       0x16 ./Core/Src/main.o
 .debug_macro   0x0000000000015b8e       0x16 ./Core/Src/main.o
 .debug_macro   0x0000000000015ba4       0x29 ./Core/Src/main.o
 .debug_macro   0x0000000000015bcd       0x1d ./Core/Src/main.o
 .debug_macro   0x0000000000015bea      0x2f1 ./Core/Src/ssd1306.o
 .debug_macro   0x0000000000015edb      0x198 ./Core/Src/stm32f1xx_hal_msp.o
 .debug_macro   0x0000000000016073      0x1a2 ./Core/Src/stm32f1xx_it.o
 .debug_macro   0x0000000000016215      0x18e ./Core/Src/system_stm32f1xx.o
 .debug_macro   0x00000000000163a3      0x1b2 ./Drivers/STM32F1xx_HAL_Driver/Src/stm32f1xx_hal.o
 .debug_macro   0x0000000000016555      0x18e ./Drivers/STM32F1xx_HAL_Driver/Src/stm32f1xx_hal_cortex.o
 .debug_macro   0x00000000000166e3      0x1f9 ./Drivers/STM32F1xx_HAL_Driver/Src/stm32f1xx_hal_gpio.o
 .debug_macro   0x00000000000168dc      0x1d5 ./Drivers/STM32F1xx_HAL_Driver/Src/stm32f1xx_hal_i2c.o
 .debug_macro   0x0000000000016ab1      0x1a0 ./Drivers/STM32F1xx_HAL_Driver/Src/stm32f1xx_hal_rcc.o

.debug_line     0x0000000000000000     0x9fbd
 .debug_line    0x0000000000000000      0x910 ./Core/Src/fonts.o
 .debug_line    0x0000000000000910      0xa4d ./Core/Src/main.o
 .debug_line    0x000000000000135d     0x10c9 ./Core/Src/ssd1306.o
 .debug_line    0x0000000000002426      0x6e1 ./Core/Src/stm32f1xx_hal_msp.o
 .debug_line    0x0000000000002b07      0x759 ./Core/Src/stm32f1xx_it.o
 .debug_line    0x0000000000003260      0x715 ./Core/Src/system_stm32f1xx.o
 .debug_line    0x0000000000003975       0x79 ./Core/Startup/startup_stm32f103c8tx.o
 .debug_line    0x00000000000039ee      0x942 ./Drivers/STM32F1xx_HAL_Driver/Src/stm32f1xx_hal.o
 .debug_line    0x0000000000004330      0xb2a ./Drivers/STM32F1xx_HAL_Driver/Src/stm32f1xx_hal_cortex.o
 .debug_line    0x0000000000004e5a      0x9d9 ./Drivers/STM32F1xx_HAL_Driver/Src/stm32f1xx_hal_gpio.o
 .debug_line    0x0000000000005833     0x3a3d ./Drivers/STM32F1xx_HAL_Driver/Src/stm32f1xx_hal_i2c.o
 .debug_line    0x0000000000009270      0xd4d ./Drivers/STM32F1xx_HAL_Driver/Src/stm32f1xx_hal_rcc.o

.debug_str      0x0000000000000000    0x81b38
 .debug_str     0x0000000000000000    0x7f2b6 ./Core/Src/fonts.o
                                      0x7f60d (size before relaxing)
 .debug_str     0x000000000007f2b6      0x840 ./Core/Src/main.o
                                      0x7fe40 (size before relaxing)
 .debug_str     0x000000000007faf6      0x4a5 ./Core/Src/ssd1306.o
                                      0x800da (size before relaxing)
 .debug_str     0x000000000007ff9b       0xdc ./Core/Src/stm32f1xx_hal_msp.o
                                      0x7c99a (size before relaxing)
 .debug_str     0x0000000000080077       0xc9 ./Core/Src/stm32f1xx_it.o
                                      0x7c4ab (size before relaxing)
 .debug_str     0x0000000000080140       0x7e ./Core/Src/system_stm32f1xx.o
                                      0x7c4c1 (size before relaxing)
 .debug_str     0x00000000000801be       0x34 ./Core/Startup/startup_stm32f103c8tx.o
                                         0x9c (size before relaxing)
 .debug_str     0x00000000000801f2      0x607 ./Drivers/STM32F1xx_HAL_Driver/Src/stm32f1xx_hal.o
                                      0x7cbf4 (size before relaxing)
 .debug_str     0x00000000000807f9      0x2bb ./Drivers/STM32F1xx_HAL_Driver/Src/stm32f1xx_hal_cortex.o
                                      0x7cb40 (size before relaxing)
 .debug_str     0x0000000000080ab4      0x322 ./Drivers/STM32F1xx_HAL_Driver/Src/stm32f1xx_hal_gpio.o
                                      0x7c847 (size before relaxing)
 .debug_str     0x0000000000080dd6      0xb59 ./Drivers/STM32F1xx_HAL_Driver/Src/stm32f1xx_hal_i2c.o
                                      0x7d535 (size before relaxing)
 .debug_str     0x000000000008192f      0x209 ./Drivers/STM32F1xx_HAL_Driver/Src/stm32f1xx_hal_rcc.o
                                      0x7c8f0 (size before relaxing)

.debug_frame    0x0000000000000000     0x1ec4
 .debug_frame   0x0000000000000000       0x38 ./Core/Src/fonts.o
 .debug_frame   0x0000000000000038       0xb0 ./Core/Src/main.o
 .debug_frame   0x00000000000000e8      0x414 ./Core/Src/ssd1306.o
 .debug_frame   0x00000000000004fc       0x80 ./Core/Src/stm32f1xx_hal_msp.o
 .debug_frame   0x000000000000057c      0x104 ./Core/Src/stm32f1xx_it.o
 .debug_frame   0x0000000000000680       0x58 ./Core/Src/system_stm32f1xx.o
 .debug_frame   0x00000000000006d8      0x334 ./Drivers/STM32F1xx_HAL_Driver/Src/stm32f1xx_hal.o
 .debug_frame   0x0000000000000a0c      0x428 ./Drivers/STM32F1xx_HAL_Driver/Src/stm32f1xx_hal_cortex.o
 .debug_frame   0x0000000000000e34      0x14c ./Drivers/STM32F1xx_HAL_Driver/Src/stm32f1xx_hal_gpio.o
 .debug_frame   0x0000000000000f80      0xc5c ./Drivers/STM32F1xx_HAL_Driver/Src/stm32f1xx_hal_i2c.o
 .debug_frame   0x0000000000001bdc      0x21c ./Drivers/STM32F1xx_HAL_Driver/Src/stm32f1xx_hal_rcc.o
 .debug_frame   0x0000000000001df8       0x38 C:/Users/Mohamed Aboelhassan/STM32CubeIDE_1.10.1/STM32CubeIDE/plugins/com.st.stm32cube.ide.mcu.externaltools.gnu-tools-for-stm32.11.3.rel1.win32_1.1.1.202309131626/tools/bin/../lib/gcc/arm-none-eabi/11.3.1/../../../../arm-none-eabi/lib/thumb/v7-m/nofp\libc_nano.a(libc_a-itoa.o)
 .debug_frame   0x0000000000001e30       0x48 C:/Users/Mohamed Aboelhassan/STM32CubeIDE_1.10.1/STM32CubeIDE/plugins/com.st.stm32cube.ide.mcu.externaltools.gnu-tools-for-stm32.11.3.rel1.win32_1.1.1.202309131626/tools/bin/../lib/gcc/arm-none-eabi/11.3.1/../../../../arm-none-eabi/lib/thumb/v7-m/nofp\libc_nano.a(libc_a-utoa.o)
 .debug_frame   0x0000000000001e78       0x20 C:/Users/Mohamed Aboelhassan/STM32CubeIDE_1.10.1/STM32CubeIDE/plugins/com.st.stm32cube.ide.mcu.externaltools.gnu-tools-for-stm32.11.3.rel1.win32_1.1.1.202309131626/tools/bin/../lib/gcc/arm-none-eabi/11.3.1/../../../../arm-none-eabi/lib/thumb/v7-m/nofp\libc_nano.a(libc_a-memset.o)
 .debug_frame   0x0000000000001e98       0x2c C:/Users/Mohamed Aboelhassan/STM32CubeIDE_1.10.1/STM32CubeIDE/plugins/com.st.stm32cube.ide.mcu.externaltools.gnu-tools-for-stm32.11.3.rel1.win32_1.1.1.202309131626/tools/bin/../lib/gcc/arm-none-eabi/11.3.1/../../../../arm-none-eabi/lib/thumb/v7-m/nofp\libc_nano.a(libc_a-init.o)

.debug_line_str
                0x0000000000000000       0x90
 .debug_line_str
                0x0000000000000000       0x90 ./Core/Startup/startup_stm32f103c8tx.o
                                         0xa8 (size before relaxing)
