Archive member included to satisfy reference by file (symbol)

C:/Users/Mohamed Aboelhassan/STM32CubeIDE_1.10.1/STM32CubeIDE/plugins/com.st.stm32cube.ide.mcu.externaltools.gnu-tools-for-stm32.11.3.rel1.win32_1.1.1.202309131626/tools/bin/../lib/gcc/arm-none-eabi/11.3.1/../../../../arm-none-eabi/lib/thumb/v7-m/nofp\libc_nano.a(libc_a-exit.o)
                              C:/Users/Mohamed Aboelhassan/STM32CubeIDE_1.10.1/STM32CubeIDE/plugins/com.st.stm32cube.ide.mcu.externaltools.gnu-tools-for-stm32.11.3.rel1.win32_1.1.1.202309131626/tools/bin/../lib/gcc/arm-none-eabi/11.3.1/../../../../arm-none-eabi/lib/thumb/v7-m/nofp/crt0.o (exit)
C:/Users/Mohamed Aboelhassan/STM32CubeIDE_1.10.1/STM32CubeIDE/plugins/com.st.stm32cube.ide.mcu.externaltools.gnu-tools-for-stm32.11.3.rel1.win32_1.1.1.202309131626/tools/bin/../lib/gcc/arm-none-eabi/11.3.1/../../../../arm-none-eabi/lib/thumb/v7-m/nofp\libc_nano.a(libc_a-itoa.o)
                              ./Core/Src/main.o (itoa)
C:/Users/Mohamed Aboelhassan/STM32CubeIDE_1.10.1/STM32CubeIDE/plugins/com.st.stm32cube.ide.mcu.externaltools.gnu-tools-for-stm32.11.3.rel1.win32_1.1.1.202309131626/tools/bin/../lib/gcc/arm-none-eabi/11.3.1/../../../../arm-none-eabi/lib/thumb/v7-m/nofp\libc_nano.a(libc_a-utoa.o)
                              C:/Users/Mohamed Aboelhassan/STM32CubeIDE_1.10.1/STM32CubeIDE/plugins/com.st.stm32cube.ide.mcu.externaltools.gnu-tools-for-stm32.11.3.rel1.win32_1.1.1.202309131626/tools/bin/../lib/gcc/arm-none-eabi/11.3.1/../../../../arm-none-eabi/lib/thumb/v7-m/nofp\libc_nano.a(libc_a-itoa.o) (__utoa)
C:/Users/Mohamed Aboelhassan/STM32CubeIDE_1.10.1/STM32CubeIDE/plugins/com.st.stm32cube.ide.mcu.externaltools.gnu-tools-for-stm32.11.3.rel1.win32_1.1.1.202309131626/tools/bin/../lib/gcc/arm-none-eabi/11.3.1/../../../../arm-none-eabi/lib/thumb/v7-m/nofp\libc_nano.a(libc_a-findfp.o)
                              C:/Users/Mohamed Aboelhassan/STM32CubeIDE_1.10.1/STM32CubeIDE/plugins/com.st.stm32cube.ide.mcu.externaltools.gnu-tools-for-stm32.11.3.rel1.win32_1.1.1.202309131626/tools/bin/../lib/gcc/arm-none-eabi/11.3.1/../../../../arm-none-eabi/lib/thumb/v7-m/nofp\libc_nano.a(libc_a-exit.o) (__stdio_exit_handler)
C:/Users/Mohamed Aboelhassan/STM32CubeIDE_1.10.1/STM32CubeIDE/plugins/com.st.stm32cube.ide.mcu.externaltools.gnu-tools-for-stm32.11.3.rel1.win32_1.1.1.202309131626/tools/bin/../lib/gcc/arm-none-eabi/11.3.1/../../../../arm-none-eabi/lib/thumb/v7-m/nofp\libc_nano.a(libc_a-fwalk.o)
                              C:/Users/Mohamed Aboelhassan/STM32CubeIDE_1.10.1/STM32CubeIDE/plugins/com.st.stm32cube.ide.mcu.externaltools.gnu-tools-for-stm32.11.3.rel1.win32_1.1.1.202309131626/tools/bin/../lib/gcc/arm-none-eabi/11.3.1/../../../../arm-none-eabi/lib/thumb/v7-m/nofp\libc_nano.a(libc_a-findfp.o) (_fwalk_sglue)
C:/Users/Mohamed Aboelhassan/STM32CubeIDE_1.10.1/STM32CubeIDE/plugins/com.st.stm32cube.ide.mcu.externaltools.gnu-tools-for-stm32.11.3.rel1.win32_1.1.1.202309131626/tools/bin/../lib/gcc/arm-none-eabi/11.3.1/../../../../arm-none-eabi/lib/thumb/v7-m/nofp\libc_nano.a(libc_a-stdio.o)
                              C:/Users/Mohamed Aboelhassan/STM32CubeIDE_1.10.1/STM32CubeIDE/plugins/com.st.stm32cube.ide.mcu.externaltools.gnu-tools-for-stm32.11.3.rel1.win32_1.1.1.202309131626/tools/bin/../lib/gcc/arm-none-eabi/11.3.1/../../../../arm-none-eabi/lib/thumb/v7-m/nofp\libc_nano.a(libc_a-findfp.o) (__sread)
C:/Users/Mohamed Aboelhassan/STM32CubeIDE_1.10.1/STM32CubeIDE/plugins/com.st.stm32cube.ide.mcu.externaltools.gnu-tools-for-stm32.11.3.rel1.win32_1.1.1.202309131626/tools/bin/../lib/gcc/arm-none-eabi/11.3.1/../../../../arm-none-eabi/lib/thumb/v7-m/nofp\libc_nano.a(libc_a-memset.o)
                              C:/Users/Mohamed Aboelhassan/STM32CubeIDE_1.10.1/STM32CubeIDE/plugins/com.st.stm32cube.ide.mcu.externaltools.gnu-tools-for-stm32.11.3.rel1.win32_1.1.1.202309131626/tools/bin/../lib/gcc/arm-none-eabi/11.3.1/../../../../arm-none-eabi/lib/thumb/v7-m/nofp/crt0.o (memset)
C:/Users/Mohamed Aboelhassan/STM32CubeIDE_1.10.1/STM32CubeIDE/plugins/com.st.stm32cube.ide.mcu.externaltools.gnu-tools-for-stm32.11.3.rel1.win32_1.1.1.202309131626/tools/bin/../lib/gcc/arm-none-eabi/11.3.1/../../../../arm-none-eabi/lib/thumb/v7-m/nofp\libc_nano.a(libc_a-closer.o)
                              C:/Users/Mohamed Aboelhassan/STM32CubeIDE_1.10.1/STM32CubeIDE/plugins/com.st.stm32cube.ide.mcu.externaltools.gnu-tools-for-stm32.11.3.rel1.win32_1.1.1.202309131626/tools/bin/../lib/gcc/arm-none-eabi/11.3.1/../../../../arm-none-eabi/lib/thumb/v7-m/nofp\libc_nano.a(libc_a-stdio.o) (_close_r)
C:/Users/Mohamed Aboelhassan/STM32CubeIDE_1.10.1/STM32CubeIDE/plugins/com.st.stm32cube.ide.mcu.externaltools.gnu-tools-for-stm32.11.3.rel1.win32_1.1.1.202309131626/tools/bin/../lib/gcc/arm-none-eabi/11.3.1/../../../../arm-none-eabi/lib/thumb/v7-m/nofp\libc_nano.a(libc_a-reent.o)
[...]
Memory Configuration

Name             Origin             Length             Attributes
RAM              0x0000000020000000 0x0000000000005000 xrw
FLASH            0x0000000008000000 0x0000000000010000 xr
*default*        0x0000000000000000 0xffffffffffffffff

Linker script and memory map

LOAD C:/Users/Mohamed Aboelhassan/STM32CubeIDE_1.10.1/STM32CubeIDE/plugins/com.st.stm32cube.ide.mcu.externaltools.gnu-tools-for-stm32.11.3.rel1.win32_1.1.1.202309131626/tools/bin/../lib/gcc/arm-none-eabi/11.3.1/thumb/v7-m/nofp/crti.o
LOAD C:/Users/Mohamed Aboelhassan/STM32CubeIDE_1.10.1/STM32CubeIDE/plugins/com.st.stm32cube.ide.mcu.externaltools.gnu-tools-for-stm32.11.3.rel1.win32_1.1.1.202309131626/tools/bin/../lib/gcc/arm-none-eabi/11.3.1/thumb/v7-m/nofp/crtbegin.o
LOAD C:/Users/Mohamed Aboelhassan/STM32CubeIDE_1.10.1/STM32CubeIDE/plugins/com.st.stm32cube.ide.mcu.externaltools.gnu-tools-for-stm32.11.3.rel1.win32_1.1.1.202309131626/tools/bin/../lib/gcc/arm-none-eabi/11.3.1/../../../../arm-none-eabi/lib/thumb/v7-m/nofp/crt0.o
LOAD ./Core/Src/DHT11_Prog.o
LOAD ./Core/Src/UART_Prog.o
LOAD ./Core/Src/croutine.o
LOAD ./Core/Src/event_groups.o
LOAD ./Core/Src/fonts.o
LOAD ./Core/Src/heap_2.o
LOAD ./Core/Src/list.o
LOAD ./Core/Src/main.o
LOAD ./Core/Src/port.o
LOAD ./Core/Src/queue.o
LOAD ./Core/Src/ssd1306.o
LOAD ./Core/Src/stm32f1xx_hal_msp.o
LOAD ./Core/Src/stm32f1xx_it.o
LOAD ./Core/Src/syscalls.o
LOAD ./Core/Src/sysmem.o
LOAD ./Core/Src/system_stm32f1xx.o
LOAD ./Core/Src/tasks.o
LOAD ./Core/Src/timers.o
LOAD ./Core/Startup/startup_stm32f103c8tx.o
LOAD ./Drivers/STM32F1xx_HAL_Driver/Src/stm32f1xx_hal.o
LOAD ./Drivers/STM32F1xx_HAL_Driver/Src/stm32f1xx_hal_cortex.o
LOAD ./Drivers/STM32F1xx_HAL_Driver/Src/stm32f1xx_hal_dma.o
LOAD ./Drivers/STM32F1xx_HAL_Driver/Src/stm32f1xx_hal_exti.o
LOAD ./Drivers/STM32F1xx_HAL_Driver/Src/stm32f1xx_hal_flash.o
LOAD ./Drivers/STM32F1xx_HAL_Driver/Src/stm32f1xx_hal_flash_ex.o
LOAD ./Drivers/STM32F1xx_HAL_Driver/Src/stm32f1xx_hal_gpio.o
LOAD ./Drivers/STM32F1xx_HAL_Driver/Src/stm32f1xx_hal_gpio_ex.o
LOAD ./Drivers/STM32F1xx_HAL_Driver/Src/stm32f1xx_hal_i2c.o
LOAD ./Drivers/STM32F1xx_HAL_Driver/Src/stm32f1xx_hal_pwr.o
LOAD ./Drivers/STM32F1xx_HAL_Driver/Src/stm32f1xx_hal_rcc.o
LOAD ./Drivers/STM32F1xx_HAL_Driver/Src/stm32f1xx_hal_rcc_ex.o
LOAD ./Drivers/STM32F1xx_HAL_Driver/Src/stm32f1xx_hal_tim.o
LOAD ./Drivers/STM32F1xx_HAL_Driver/Src/stm32f1xx_hal_tim_ex.o
START GROUP
LOAD C:/Users/Mohamed Aboelhassan/STM32CubeIDE_1.10.1/STM32CubeIDE/plugins/com.st.stm32cube.ide.mcu.externaltools.gnu-tools-for-stm32.11.3.rel1.win32_1.1.1.202309131626/tools/bin/../lib/gcc/arm-none-eabi/11.3.1/../../../../arm-none-eabi/lib/thumb/v7-m/nofp\libstdc++_nano.a
LOAD C:/Users/Mohamed Aboelhassan/STM32CubeIDE_1.10.1/STM32CubeIDE/plugins/com.st.stm32cube.ide.mcu.externaltools.gnu-tools-for-stm32.11.3.rel1.win32_1.1.1.202309131626/tools/bin/../lib/gcc/arm-none-eabi/11.3.1/../../../../arm-none-eabi/lib/thumb/v7-m/nofp\libsupc++_nano.a
END GROUP
LOAD C:/Users/Mohamed Aboelhassan/STM32CubeIDE_1.10.1/STM32CubeIDE/plugins/com.st.stm32cube.ide.mcu.externaltools.gnu-tools-for-stm32.11.3.rel1.win32_1.1.1.202309131626/tools/bin/../lib/gcc/arm-none-eabi/11.3.1/../../../../arm-none-eabi/lib/thumb/v7-m/nofp\libstdc++_nano.a
LOAD C:/Users/Mohamed Aboelhassan/STM32CubeIDE_1.10.1/STM32CubeIDE/plugins/com.st.stm32cube.ide.mcu.externaltools.gnu-tools-for-stm32.11.3.rel1.win32_1.1.1.202309131626/tools/bin/../lib/gcc/arm-none-eabi/11.3.1/../../../../arm-none-eabi/lib/thumb/v7-m/nofp\libm.a
LOAD C:/Users/Mohamed Aboelhassan/STM32CubeIDE_1.10.1/STM32CubeIDE/plugins/com.st.stm32cube.ide.mcu.externaltools.gnu-tools-for-stm32.11.3.rel1.win32_1.1.1.202309131626/tools/bin/../lib/gcc/arm-none-eabi/11.3.1/../../../../arm-none-eabi/lib/thumb/v7-m/nofp\libc_nano.a
START GROUP
LOAD C:/Users/Mohamed Aboelhassan/STM32CubeIDE_1.10.1/STM32CubeIDE/plugins/com.st.stm32cube.ide.mcu.externaltools.gnu-tools-for-stm32.11.3.rel1.win32_1.1.1.202309131626/tools/bin/../lib/gcc/arm-none-eabi/11.3.1/thumb/v7-m/nofp\libgcc.a
LOAD C:/Users/Mohamed Aboelhassan/STM32CubeIDE_1.10.1/STM32CubeIDE/plugins/com.st.stm32cube.ide.mcu.externaltools.gnu-tools-for-stm32.11.3.rel1.win32_1.1.1.202309131626/tools/bin/../lib/gcc/arm-none-eabi/11.3.1/../../../../arm-none-eabi/lib/thumb/v7-m/nofp\libc_nano.a
END GROUP
START GROUP
LOAD C:/Users/Mohamed Aboelhassan/STM32CubeIDE_1.10.1/STM32CubeIDE/plugins/com.st.stm32cube.ide.mcu.externaltools.gnu-tools-for-stm32.11.3.rel1.win32_1.1.1.202309131626/tools/bin/../lib/gcc/arm-none-eabi/11.3.1/thumb/v7-m/nofp\libgcc.a
LOAD C:/Users/Mohamed Aboelhassan/STM32CubeIDE_1.10.1/STM32CubeIDE/plugins/com.st.stm32cube.ide.mcu.externaltools.gnu-tools-for-stm32.11.3.rel1.win32_1.1.1.202309131626/tools/bin/../lib/gcc/arm-none-eabi/11.3.1/../../../../arm-none-eabi/lib/thumb/v7-m/nofp\libc_nano.a
LOAD C:/Users/Mohamed Aboelhassan/STM32CubeIDE_1.10.1/STM32CubeIDE/plugins/com.st.stm32cube.ide.mcu.externaltools.gnu-tools-for-stm32.11.3.rel1.win32_1.1.1.202309131626/tools/bin/../lib/gcc/arm-none-eabi/11.3.1/../../../../arm-none-eabi/lib/thumb/v7-m/nofp\libnosys.a
END GROUP
START GROUP
LOAD C:/Users/Mohamed Aboelhassan/STM32CubeIDE_1.10.1/STM32CubeIDE/plugins/com.st.stm32cube.ide.mcu.externaltools.gnu-tools-for-stm32.11.3.rel1.win32_1.1.1.202309131626/tools/bin/../lib/gcc/arm-none-eabi/11.3.1/thumb/v7-m/nofp\libgcc.a
LOAD C:/Users/Mohamed Aboelhassan/STM32CubeIDE_1.10.1/STM32CubeIDE/plugins/com.st.stm32cube.ide.mcu.externaltools.gnu-tools-for-stm32.11.3.rel1.win32_1.1.1.202309131626/tools/bin/../lib/gcc/arm-none-eabi/11.3.1/../../../../arm-none-eabi/lib/thumb/v7-m/nofp\libc_nano.a
LOAD C:/Users/Mohamed Aboelhassan/STM32CubeIDE_1.10.1/STM32CubeIDE/plugins/com.st.stm32cube.ide.mcu.externaltools.gnu-tools-for-stm32.11.3.rel1.win32_1.1.1.202309131626/tools/bin/../lib/gcc/arm-none-eabi/11.3.1/../../../../arm-none-eabi/lib/thumb/v7-m/nofp\libnosys.a
END GROUP
LOAD C:/Users/Mohamed Aboelhassan/STM32CubeIDE_1.10.1/STM32CubeIDE/plugins/com.st.stm32cube.ide.mcu.externaltools.gnu-tools-for-stm32.11.3.rel1.win32_1.1.1.202309131626/tools/bin/../lib/gcc/arm-none-eabi/11.3.1/thumb/v7-m/nofp/crtend.o
LOAD C:/Users/Mohamed Aboelhassan/STM32CubeIDE_1.10.1/STM32CubeIDE/plugins/com.st.stm32cube.ide.mcu.externaltools.gnu-tools-for-stm32.11.3.rel1.win32_1.1.1.202309131626/tools/bin/../lib/gcc/arm-none-eabi/11.3.1/thumb/v7-m/nofp/crtn.o
                0x0000000020005000                _estack = (ORIGIN (RAM) + LENGTH (RAM))
                0x0000000000000200                _Min_Heap_Size = 0x200
                0x0000000000000400                _Min_Stack_Size = 0x400

.isr_vector     0x0000000008000000      0x10c
                0x0000000008000000                . = ALIGN (0x4)
 *(.isr_vector)
 .isr_vector    0x0000000008000000      0x10c ./Core/Startup/startup_stm32f103c8tx.o
                0x0000000008000000                g_pfnVectors
                0x000000000800010c                . = ALIGN (0x4)

.text           0x0000000008000110     0x4ca8
                0x0000000008000110                . = ALIGN (0x4)
 *(.text)
 .text          0x0000000008000110       0x40 C:/Users/Mohamed Aboelhassan/STM32CubeIDE_1.10.1/STM32CubeIDE/plugins/com.st.stm32cube.ide.mcu.externaltools.gnu-tools-for-stm32.11.3.rel1.win32_1.1.1.202309131626/tools/bin/../lib/gcc/arm-none-eabi/11.3.1/thumb/v7-m/nofp/crtbegin.o
 .text          0x0000000008000150      0x254 C:/Users/Mohamed Aboelhassan/STM32CubeIDE_1.10.1/STM32CubeIDE/plugins/com.st.stm32cube.ide.mcu.externaltools.gnu-tools-for-stm32.11.3.rel1.win32_1.1.1.202309131626/tools/bin/../lib/gcc/arm-none-eabi/11.3.1/thumb/v7-m/nofp\libgcc.a(_arm_muldf3.o)
                0x0000000008000150                __muldf3
                0x0000000008000150                __aeabi_dmul
 .text          0x00000000080003a4      0x378 C:/Users/Mohamed Aboelhassan/STM32CubeIDE_1.10.1/STM32CubeIDE/plugins/com.st.stm32cube.ide.mcu.externaltools.gnu-tools-for-stm32.11.3.rel1.win32_1.1.1.202309131626/tools/bin/../lib/gcc/arm-none-eabi/11.3.1/thumb/v7-m/nofp\libgcc.a(_arm_addsubdf3.o)
                0x00000000080003a4                __aeabi_drsub
                0x00000000080003ac                __aeabi_dsub
                0x00000000080003ac                __subdf3
                0x00000000080003b0                __aeabi_dadd
                0x00000000080003b0                __adddf3
                0x0000000008000628                __floatunsidf
                0x0000000008000628                __aeabi_ui2d
                0x0000000008000648                __floatsidf
                0x0000000008000648                __aeabi_i2d
                0x000000000800066c                __aeabi_f2d
                0x000000000800066c                __extendsfdf2
                0x00000000080006b0                __floatundidf
                0x00000000080006b0                __aeabi_ul2d
                0x00000000080006c0                __floatdidf
                0x00000000080006c0                __aeabi_l2d
 .text          0x000000000800071c       0x50 C:/Users/Mohamed Aboelhassan/STM32CubeIDE_1.10.1/STM32CubeIDE/plugins/com.st.stm32cube.ide.mcu.externaltools.gnu-tools-for-stm32.11.3.rel1.win32_1.1.1.202309131626/tools/bin/../lib/gcc/arm-none-eabi/11.3.1/thumb/v7-m/nofp\libgcc.a(_arm_fixdfsi.o)
                0x000000000800071c                __aeabi_d2iz
                0x000000000800071c                __fixdfsi
 .text          0x000000000800076c       0x40 C:/Users/Mohamed Aboelhassan/STM32CubeIDE_1.10.1/STM32CubeIDE/plugins/com.st.stm32cube.ide.mcu.externaltools.gnu-tools-for-stm32.11.3.rel1.win32_1.1.1.202309131626/tools/bin/../lib/gcc/arm-none-eabi/11.3.1/thumb/v7-m/nofp\libgcc.a(_arm_fixunsdfsi.o)
                0x000000000800076c                __aeabi_d2uiz
                0x000000000800076c                __fixunsdfsi
 .text          0x00000000080007ac       0xa0 C:/Users/Mohamed Aboelhassan/STM32CubeIDE_1.10.1/STM32CubeIDE/plugins/com.st.stm32cube.ide.mcu.externaltools.gnu-tools-for-stm32.11.3.rel1.win32_1.1.1.202309131626/tools/bin/../lib/gcc/arm-none-eabi/11.3.1/thumb/v7-m/nofp\libgcc.a(_arm_truncdfsf2.o)
                0x00000000080007ac                __truncdfsf2
                0x00000000080007ac                __aeabi_d2f
 .text          0x000000000800084c       0x4c C:/Users/Mohamed Aboelhassan/STM32CubeIDE_1.10.1/STM32CubeIDE/plugins/com.st.stm32cube.ide.mcu.externaltools.gnu-tools-for-stm32.11.3.rel1.win32_1.1.1.202309131626/tools/bin/../lib/gcc/arm-none-eabi/11.3.1/thumb/v7-m/nofp\libgcc.a(_arm_fixsfsi.o)
                0x000000000800084c                __aeabi_f2iz
                0x000000000800084c                __fixsfsi
 *(.text*)
 .text.ForDelay_us
                0x0000000008000898       0x78 ./Core/Src/DHT11_Prog.o
                0x0000000008000898                ForDelay_us
 .text.DHT11_Start
                0x0000000008000910       0x3c ./Core/Src/DHT11_Prog.o
                0x0000000008000910                DHT11_Start
 .text.Check_Response
                0x000000000800094c       0x6c ./Core/Src/DHT11_Prog.o
                0x000000000800094c                Check_Response
 .text.DHT11_Read
                0x00000000080009b8       0x9c ./Core/Src/DHT11_Prog.o
                0x00000000080009b8                DHT11_Read
 .text.DHT11_ReadAll
                0x0000000008000a54       0x40 ./Core/Src/DHT11_Prog.o
                0x0000000008000a54                DHT11_ReadAll
 *fill*         0x0000000008000a94        0x4 
 .text.DHT11_ReadData
                0x0000000008000a98       0xa0 ./Core/Src/DHT11_Prog.o
                0x0000000008000a98                DHT11_ReadData
 .text.USART_Initialize
                0x0000000008000b38      0x1a4 ./Core/Src/UART_Prog.o
                0x0000000008000b38                USART_Initialize
 .text.USART_read
                0x0000000008000cdc       0x38 ./Core/Src/UART_Prog.o
                0x0000000008000cdc                USART_read
 .text.pvPortMalloc
                0x0000000008000d14      0x11c ./Core/Src/heap_2.o
                0x0000000008000d14                pvPortMalloc
 .text.vPortFree
                0x0000000008000e30       0x74 ./Core/Src/heap_2.o
                0x0000000008000e30                vPortFree
 .text.prvHeapInit
                0x0000000008000ea4       0x50 ./Core/Src/heap_2.o
 .text.vListInitialise
                0x0000000008000ef4       0x3e ./Core/Src/list.o
                0x0000000008000ef4                vListInitialise
 .text.vListInitialiseItem
                0x0000000008000f32       0x18 ./Core/Src/list.o
                0x0000000008000f32                vListInitialiseItem
 .text.vListInsertEnd
                0x0000000008000f4a       0x46 ./Core/Src/list.o
                0x0000000008000f4a                vListInsertEnd
 .text.vListInsert
                0x0000000008000f90       0x70 ./Core/Src/list.o
                0x0000000008000f90                vListInsert
 .text.uxListRemove
                0x0000000008001000       0x52 ./Core/Src/list.o
                0x0000000008001000                uxListRemove
 *fill*         0x0000000008001052        0x2 
 .text.main     0x0000000008001054      0x118 ./Core/Src/main.o
                0x0000000008001054                main
 .text.DisplayScreen
                0x000000000800116c      0x13c ./Core/Src/main.o
                0x000000000800116c                DisplayScreen
 .text.CheckReq
                0x00000000080012a8       0x70 ./Core/Src/main.o
                0x00000000080012a8                CheckReq
 .text.DHT11Sensor
                0x0000000008001318       0xf8 ./Core/Src/main.o
                0x0000000008001318                DHT11Sensor
 .text.ActuatorTask
                0x0000000008001410       0xbc ./Core/Src/main.o
                0x0000000008001410                ActuatorTask
 .text.MX_I2C1_Init
                0x00000000080014cc       0x5c ./Core/Src/main.o
 .text.MX_GPIO_Init
                0x0000000008001528       0x44 ./Core/Src/main.o
 .text.SystemClock_Config
                0x000000000800156c       0x76 ./Core/Src/main.o
                0x000000000800156c                SystemClock_Config
 .text.Error_Handler
                0x00000000080015e2        0xa ./Core/Src/main.o
                0x00000000080015e2                Error_Handler
 .text.pxPortInitialiseStack
                0x00000000080015ec       0x58 ./Core/Src/port.o
                0x00000000080015ec                pxPortInitialiseStack
 .text.prvTaskExitError
                0x0000000008001644       0x1c ./Core/Src/port.o
 .text.SVC_Handler
                0x0000000008001660       0x28 ./Core/Src/port.o
                0x0000000008001660                SVC_Handler
 .text.prvPortStartFirstTask
                0x0000000008001688       0x20 ./Core/Src/port.o
 .text.xPortStartScheduler
                0x00000000080016a8       0x3c ./Core/Src/port.o
                0x00000000080016a8                xPortStartScheduler
 .text.vPortEnterCritical
                0x00000000080016e4       0x34 ./Core/Src/port.o
                0x00000000080016e4                vPortEnterCritical
 .text.vPortExitCritical
                0x0000000008001718       0x34 ./Core/Src/port.o
                0x0000000008001718                vPortExitCritical
 *fill*         0x000000000800174c        0x4 
 .text.PendSV_Handler
                0x0000000008001750       0x48 ./Core/Src/port.o
                0x0000000008001750                PendSV_Handler
 .text.SysTick_Handler
                0x0000000008001798       0x44 ./Core/Src/port.o
                0x0000000008001798                SysTick_Handler
 .text.vPortSetupTimerInterrupt
                0x00000000080017dc       0x24 ./Core/Src/port.o
                0x00000000080017dc                vPortSetupTimerInterrupt
 .text.xQueueGenericReset
                0x0000000008001800       0xb4 ./Core/Src/queue.o
                0x0000000008001800                xQueueGenericReset
 .text.xQueueGenericCreate
                0x00000000080018b4       0x58 ./Core/Src/queue.o
                0x00000000080018b4                xQueueGenericCreate
 .text.prvInitialiseNewQueue
                0x000000000800190c       0x46 ./Core/Src/queue.o
 .text.prvInitialiseMutex
                0x0000000008001952       0x34 ./Core/Src/queue.o
 .text.xQueueCreateMutex
                0x0000000008001986       0x30 ./Core/Src/queue.o
                0x0000000008001986                xQueueCreateMutex
 *fill*         0x00000000080019b6        0x2 
 .text.xQueueGenericSend
                0x00000000080019b8      0x154 ./Core/Src/queue.o
                0x00000000080019b8                xQueueGenericSend
 .text.xQueueGenericReceive
                0x0000000008001b0c      0x1b0 ./Core/Src/queue.o
                0x0000000008001b0c                xQueueGenericReceive
 .text.prvCopyDataToQueue
                0x0000000008001cbc       0xd4 ./Core/Src/queue.o
 .text.prvCopyDataFromQueue
                0x0000000008001d90       0x4c ./Core/Src/queue.o
 .text.prvUnlockQueue
                0x0000000008001ddc       0xa4 ./Core/Src/queue.o
 .text.prvIsQueueEmpty
                0x0000000008001e80       0x2c ./Core/Src/queue.o
 .text.prvIsQueueFull
                0x0000000008001eac       0x30 ./Core/Src/queue.o
 .text.SSD1306_ScrollRight
                0x0000000008001edc       0x6c ./Core/Src/ssd1306.o
                0x0000000008001edc                SSD1306_ScrollRight
 .text.SSD1306_ScrollLeft
                0x0000000008001f48       0x6c ./Core/Src/ssd1306.o
                0x0000000008001f48                SSD1306_ScrollLeft
 .text.SSD1306_Stopscroll
                0x0000000008001fb4       0x12 ./Core/Src/ssd1306.o
                0x0000000008001fb4                SSD1306_Stopscroll
 *fill*         0x0000000008001fc6        0x2 
 .text.SSD1306_Init
                0x0000000008001fc8      0x188 ./Core/Src/ssd1306.o
                0x0000000008001fc8                SSD1306_Init
 .text.SSD1306_UpdateScreen
                0x0000000008002150       0x5c ./Core/Src/ssd1306.o
                0x0000000008002150                SSD1306_UpdateScreen
 .text.SSD1306_Fill
                0x00000000080021ac       0x30 ./Core/Src/ssd1306.o
                0x00000000080021ac                SSD1306_Fill
 .text.SSD1306_DrawPixel
                0x00000000080021dc       0xbc ./Core/Src/ssd1306.o
                0x00000000080021dc                SSD1306_DrawPixel
 .text.SSD1306_GotoXY
                0x0000000008002298       0x2c ./Core/Src/ssd1306.o
                0x0000000008002298                SSD1306_GotoXY
 .text.SSD1306_Putc
                0x00000000080022c4      0x100 ./Core/Src/ssd1306.o
                0x00000000080022c4                SSD1306_Putc
 .text.SSD1306_Puts
                0x00000000080023c4       0x4a ./Core/Src/ssd1306.o
                0x00000000080023c4                SSD1306_Puts
 .text.SSD1306_Clear
                0x000000000800240e       0x12 ./Core/Src/ssd1306.o
                0x000000000800240e                SSD1306_Clear
 .text.ssd1306_I2C_Init
                0x0000000008002420       0x28 ./Core/Src/ssd1306.o
                0x0000000008002420                ssd1306_I2C_Init
 .text.ssd1306_I2C_WriteMulti
                0x0000000008002448       0xcc ./Core/Src/ssd1306.o
                0x0000000008002448                ssd1306_I2C_WriteMulti
 .text.ssd1306_I2C_Write
                0x0000000008002514       0x3c ./Core/Src/ssd1306.o
                0x0000000008002514                ssd1306_I2C_Write
 .text.HAL_MspInit
                0x0000000008002550       0x64 ./Core/Src/stm32f1xx_hal_msp.o
                0x0000000008002550                HAL_MspInit
 .text.HAL_I2C_MspInit
                0x00000000080025b4       0x7c ./Core/Src/stm32f1xx_hal_msp.o
                0x00000000080025b4                HAL_I2C_MspInit
 .text.NMI_Handler
                0x0000000008002630        0x6 ./Core/Src/stm32f1xx_it.o
                0x0000000008002630                NMI_Handler
 .text.HardFault_Handler
                0x0000000008002636        0x6 ./Core/Src/stm32f1xx_it.o
                0x0000000008002636                HardFault_Handler
 .text.MemManage_Handler
                0x000000000800263c        0x6 ./Core/Src/stm32f1xx_it.o
                0x000000000800263c                MemManage_Handler
 .text.BusFault_Handler
                0x0000000008002642        0x6 ./Core/Src/stm32f1xx_it.o
                0x0000000008002642                BusFault_Handler
 .text.UsageFault_Handler
                0x0000000008002648        0x6 ./Core/Src/stm32f1xx_it.o
                0x0000000008002648                UsageFault_Handler
 .text.DebugMon_Handler
                0x000000000800264e        0xc ./Core/Src/stm32f1xx_it.o
                0x000000000800264e                DebugMon_Handler
 .text.SystemInit
                0x000000000800265a        0xc ./Core/Src/system_stm32f1xx.o
                0x000000000800265a                SystemInit
 .text.xTaskCreate
                0x0000000008002666       0x82 ./Core/Src/tasks.o
                0x0000000008002666                xTaskCreate
 .text.prvInitialiseNewTask
                0x00000000080026e8       0xee ./Core/Src/tasks.o
 *fill*         0x00000000080027d6        0x2 
 .text.prvAddNewTaskToReadyList
                0x00000000080027d8       0xdc ./Core/Src/tasks.o
 .text.vTaskDelete
                0x00000000080028b4       0xfc ./Core/Src/tasks.o
                0x00000000080028b4                vTaskDelete
 .text.vTaskDelay
                0x00000000080029b0       0x48 ./Core/Src/tasks.o
                0x00000000080029b0                vTaskDelay
 .text.vTaskStartScheduler
                0x00000000080029f8       0x70 ./Core/Src/tasks.o
                0x00000000080029f8                vTaskStartScheduler
 .text.vTaskSuspendAll
                0x0000000008002a68       0x1c ./Core/Src/tasks.o
                0x0000000008002a68                vTaskSuspendAll
 .text.xTaskResumeAll
                0x0000000008002a84      0x11c ./Core/Src/tasks.o
                0x0000000008002a84                xTaskResumeAll
 .text.xTaskIncrementTick
                0x0000000008002ba0      0x158 ./Core/Src/tasks.o
                0x0000000008002ba0                xTaskIncrementTick
 .text.vTaskSwitchContext
                0x0000000008002cf8       0x8c ./Core/Src/tasks.o
                0x0000000008002cf8                vTaskSwitchContext
 .text.vTaskPlaceOnEventList
                0x0000000008002d84       0x2c ./Core/Src/tasks.o
                0x0000000008002d84                vTaskPlaceOnEventList
 .text.xTaskRemoveFromEventList
                0x0000000008002db0       0xa8 ./Core/Src/tasks.o
                0x0000000008002db0                xTaskRemoveFromEventList
 .text.vTaskSetTimeOutState
                0x0000000008002e58       0x2c ./Core/Src/tasks.o
                0x0000000008002e58                vTaskSetTimeOutState
 .text.xTaskCheckForTimeOut
                0x0000000008002e84       0x88 ./Core/Src/tasks.o
                0x0000000008002e84                xTaskCheckForTimeOut
 .text.vTaskMissedYield
                0x0000000008002f0c       0x18 ./Core/Src/tasks.o
                0x0000000008002f0c                vTaskMissedYield
 .text.prvIdleTask
                0x0000000008002f24       0x30 ./Core/Src/tasks.o
 .text.prvInitialiseTaskLists
                0x0000000008002f54       0x80 ./Core/Src/tasks.o
 .text.prvCheckTasksWaitingTermination
                0x0000000008002fd4       0x78 ./Core/Src/tasks.o
 .text.prvDeleteTCB
                0x000000000800304c       0x20 ./Core/Src/tasks.o
 .text.prvResetNextTaskUnblockTime
                0x000000000800306c       0x48 ./Core/Src/tasks.o
 .text.vTaskPriorityInherit
                0x00000000080030b4       0xec ./Core/Src/tasks.o
                0x00000000080030b4                vTaskPriorityInherit
 .text.xTaskPriorityDisinherit
                0x00000000080031a0       0xc8 ./Core/Src/tasks.o
                0x00000000080031a0                xTaskPriorityDisinherit
 .text.pvTaskIncrementMutexHeldCount
                0x0000000008003268       0x28 ./Core/Src/tasks.o
                0x0000000008003268                pvTaskIncrementMutexHeldCount
 .text.prvAddCurrentTaskToDelayedList
                0x0000000008003290       0xcc ./Core/Src/tasks.o
 .text.Reset_Handler
                0x000000000800335c       0x48 ./Core/Startup/startup_stm32f103c8tx.o
                0x000000000800335c                Reset_Handler
 .text.Default_Handler
                0x00000000080033a4        0x2 ./Core/Startup/startup_stm32f103c8tx.o
                0x00000000080033a4                RTC_Alarm_IRQHandler
                0x00000000080033a4                EXTI2_IRQHandler
                0x00000000080033a4                TIM1_CC_IRQHandler
                0x00000000080033a4                PVD_IRQHandler
                0x00000000080033a4                EXTI3_IRQHandler
                0x00000000080033a4                EXTI0_IRQHandler
                0x00000000080033a4                I2C2_EV_IRQHandler
                0x00000000080033a4                ADC1_2_IRQHandler
                0x00000000080033a4                SPI1_IRQHandler
                0x00000000080033a4                TAMPER_IRQHandler
                0x00000000080033a4                DMA1_Channel4_IRQHandler
                0x00000000080033a4                USART3_IRQHandler
                0x00000000080033a4                RTC_IRQHandler
                0x00000000080033a4                DMA1_Channel7_IRQHandler
                0x00000000080033a4                CAN1_RX1_IRQHandler
                0x00000000080033a4                TIM4_IRQHandler
                0x00000000080033a4                I2C1_EV_IRQHandler
                0x00000000080033a4                DMA1_Channel6_IRQHandler
                0x00000000080033a4                TIM3_IRQHandler
                0x00000000080033a4                RCC_IRQHandler
                0x00000000080033a4                TIM1_TRG_COM_IRQHandler
                0x00000000080033a4                DMA1_Channel1_IRQHandler
                0x00000000080033a4                Default_Handler
                0x00000000080033a4                EXTI15_10_IRQHandler
                0x00000000080033a4                EXTI9_5_IRQHandler
                0x00000000080033a4                SPI2_IRQHandler
                0x00000000080033a4                DMA1_Channel5_IRQHandler
                0x00000000080033a4                EXTI4_IRQHandler
                0x00000000080033a4                USB_LP_CAN1_RX0_IRQHandler
                0x00000000080033a4                USB_HP_CAN1_TX_IRQHandler
                0x00000000080033a4                DMA1_Channel3_IRQHandler
                0x00000000080033a4                TIM1_UP_IRQHandler
                0x00000000080033a4                WWDG_IRQHandler
                0x00000000080033a4                TIM2_IRQHandler
                0x00000000080033a4                TIM1_BRK_IRQHandler
                0x00000000080033a4                EXTI1_IRQHandler
                0x00000000080033a4                USART2_IRQHandler
                0x00000000080033a4                I2C2_ER_IRQHandler
                0x00000000080033a4                DMA1_Channel2_IRQHandler
                0x00000000080033a4                CAN1_SCE_IRQHandler
                0x00000000080033a4                FLASH_IRQHandler
                0x00000000080033a4                USART1_IRQHandler
                0x00000000080033a4                I2C1_ER_IRQHandler
                0x00000000080033a4                USBWakeUp_IRQHandler
 *fill*         0x00000000080033a6        0x2 
 .text.HAL_Init
                0x00000000080033a8       0x2c ./Drivers/STM32F1xx_HAL_Driver/Src/stm32f1xx_hal.o
                0x00000000080033a8                HAL_Init
 .text.HAL_InitTick
                0x00000000080033d4       0x60 ./Drivers/STM32F1xx_HAL_Driver/Src/stm32f1xx_hal.o
                0x00000000080033d4                HAL_InitTick
 .text.HAL_GetTick
                0x0000000008003434       0x14 ./Drivers/STM32F1xx_HAL_Driver/Src/stm32f1xx_hal.o
                0x0000000008003434                HAL_GetTick
 .text.__NVIC_SetPriorityGrouping
                0x0000000008003448       0x48 ./Drivers/STM32F1xx_HAL_Driver/Src/stm32f1xx_hal_cortex.o
 .text.__NVIC_GetPriorityGrouping
                0x0000000008003490       0x1c ./Drivers/STM32F1xx_HAL_Driver/Src/stm32f1xx_hal_cortex.o
 .text.__NVIC_SetPriority
                0x00000000080034ac       0x54 ./Drivers/STM32F1xx_HAL_Driver/Src/stm32f1xx_hal_cortex.o
 .text.NVIC_EncodePriority
                0x0000000008003500       0x64 ./Drivers/STM32F1xx_HAL_Driver/Src/stm32f1xx_hal_cortex.o
 .text.SysTick_Config
                0x0000000008003564       0x44 ./Drivers/STM32F1xx_HAL_Driver/Src/stm32f1xx_hal_cortex.o
 .text.HAL_NVIC_SetPriorityGrouping
                0x00000000080035a8       0x16 ./Drivers/STM32F1xx_HAL_Driver/Src/stm32f1xx_hal_cortex.o
                0x00000000080035a8                HAL_NVIC_SetPriorityGrouping
 .text.HAL_NVIC_SetPriority
                0x00000000080035be       0x38 ./Drivers/STM32F1xx_HAL_Driver/Src/stm32f1xx_hal_cortex.o
                0x00000000080035be                HAL_NVIC_SetPriority
 .text.HAL_SYSTICK_Config
                0x00000000080035f6       0x18 ./Drivers/STM32F1xx_HAL_Driver/Src/stm32f1xx_hal_cortex.o
                0x00000000080035f6                HAL_SYSTICK_Config
 *fill*         0x000000000800360e        0x2 
 .text.HAL_GPIO_Init
                0x0000000008003610      0x308 ./Drivers/STM32F1xx_HAL_Driver/Src/stm32f1xx_hal_gpio.o
                0x0000000008003610                HAL_GPIO_Init
 .text.HAL_GPIO_ReadPin
                0x0000000008003918       0x2e ./Drivers/STM32F1xx_HAL_Driver/Src/stm32f1xx_hal_gpio.o
                0x0000000008003918                HAL_GPIO_ReadPin
 .text.HAL_GPIO_WritePin
                0x0000000008003946       0x30 ./Drivers/STM32F1xx_HAL_Driver/Src/stm32f1xx_hal_gpio.o
                0x0000000008003946                HAL_GPIO_WritePin
 *fill*         0x0000000008003976        0x2 
 .text.HAL_I2C_Init
                0x0000000008003978      0x288 ./Drivers/STM32F1xx_HAL_Driver/Src/stm32f1xx_hal_i2c.o
                0x0000000008003978                HAL_I2C_Init
 .text.HAL_I2C_Master_Transmit
                0x0000000008003c00      0x1fc ./Drivers/STM32F1xx_HAL_Driver/Src/stm32f1xx_hal_i2c.o
                0x0000000008003c00                HAL_I2C_Master_Transmit
 .text.HAL_I2C_IsDeviceReady
                0x0000000008003dfc      0x25c ./Drivers/STM32F1xx_HAL_Driver/Src/stm32f1xx_hal_i2c.o
                0x0000000008003dfc                HAL_I2C_IsDeviceReady
 .text.I2C_MasterRequestWrite
                0x0000000008004058      0x104 ./Drivers/STM32F1xx_HAL_Driver/Src/stm32f1xx_hal_i2c.o
 .text.I2C_WaitOnFlagUntilTimeout
                0x000000000800415c       0xae ./Drivers/STM32F1xx_HAL_Driver/Src/stm32f1xx_hal_i2c.o
 .text.I2C_WaitOnMasterAddressFlagUntilTimeout
                0x000000000800420a       0xfe ./Drivers/STM32F1xx_HAL_Driver/Src/stm32f1xx_hal_i2c.o
 .text.I2C_WaitOnTXEFlagUntilTimeout
                0x0000000008004308       0x82 ./Drivers/STM32F1xx_HAL_Driver/Src/stm32f1xx_hal_i2c.o
 .text.I2C_WaitOnBTFFlagUntilTimeout
                0x000000000800438a       0x82 ./Drivers/STM32F1xx_HAL_Driver/Src/stm32f1xx_hal_i2c.o
 .text.I2C_IsAcknowledgeFailed
                0x000000000800440c       0x5c ./Drivers/STM32F1xx_HAL_Driver/Src/stm32f1xx_hal_i2c.o
 .text.HAL_RCC_OscConfig
                0x0000000008004468      0x504 ./Drivers/STM32F1xx_HAL_Driver/Src/stm32f1xx_hal_rcc.o
                0x0000000008004468                HAL_RCC_OscConfig
 .text.HAL_RCC_ClockConfig
                0x000000000800496c      0x1d4 ./Drivers/STM32F1xx_HAL_Driver/Src/stm32f1xx_hal_rcc.o
                0x000000000800496c                HAL_RCC_ClockConfig
 .text.HAL_RCC_GetSysClockFreq
                0x0000000008004b40       0xbc ./Drivers/STM32F1xx_HAL_Driver/Src/stm32f1xx_hal_rcc.o
                0x0000000008004b40                HAL_RCC_GetSysClockFreq
 .text.HAL_RCC_GetHCLKFreq
                0x0000000008004bfc       0x14 ./Drivers/STM32F1xx_HAL_Driver/Src/stm32f1xx_hal_rcc.o
                0x0000000008004bfc                HAL_RCC_GetHCLKFreq
 .text.HAL_RCC_GetPCLK1Freq
                0x0000000008004c10       0x28 ./Drivers/STM32F1xx_HAL_Driver/Src/stm32f1xx_hal_rcc.o
                0x0000000008004c10                HAL_RCC_GetPCLK1Freq
 .text.RCC_Delay
                0x0000000008004c38       0x3c ./Drivers/STM32F1xx_HAL_Driver/Src/stm32f1xx_hal_rcc.o
 .text.__itoa   0x0000000008004c74       0x30 C:/Users/Mohamed Aboelhassan/STM32CubeIDE_1.10.1/STM32CubeIDE/plugins/com.st.stm32cube.ide.mcu.externaltools.gnu-tools-for-stm32.11.3.rel1.win32_1.1.1.202309131626/tools/bin/../lib/gcc/arm-none-eabi/11.3.1/../../../../arm-none-eabi/lib/thumb/v7-m/nofp\libc_nano.a(libc_a-itoa.o)
                0x0000000008004c74                __itoa
 .text.itoa     0x0000000008004ca4        0x4 C:/Users/Mohamed Aboelhassan/STM32CubeIDE_1.10.1/STM32CubeIDE/plugins/com.st.stm32cube.ide.mcu.externaltools.gnu-tools-for-stm32.11.3.rel1.win32_1.1.1.202309131626/tools/bin/../lib/gcc/arm-none-eabi/11.3.1/../../../../arm-none-eabi/lib/thumb/v7-m/nofp\libc_nano.a(libc_a-itoa.o)
                0x0000000008004ca4                itoa
 .text.__utoa   0x0000000008004ca8       0x84 C:/Users/Mohamed Aboelhassan/STM32CubeIDE_1.10.1/STM32CubeIDE/plugins/com.st.stm32cube.ide.mcu.externaltools.gnu-tools-for-stm32.11.3.rel1.win32_1.1.1.202309131626/tools/bin/../lib/gcc/arm-none-eabi/11.3.1/../../../../arm-none-eabi/lib/thumb/v7-m/nofp\libc_nano.a(libc_a-utoa.o)
                0x0000000008004ca8                __utoa
 .text.memset   0x0000000008004d2c       0x10 C:/Users/Mohamed Aboelhassan/STM32CubeIDE_1.10.1/STM32CubeIDE/plugins/com.st.stm32cube.ide.mcu.externaltools.gnu-tools-for-stm32.11.3.rel1.win32_1.1.1.202309131626/tools/bin/../lib/gcc/arm-none-eabi/11.3.1/../../../../arm-none-eabi/lib/thumb/v7-m/nofp\libc_nano.a(libc_a-memset.o)
                0x0000000008004d2c                memset
 .text.__libc_init_array
                0x0000000008004d3c       0x48 C:/Users/Mohamed Aboelhassan/STM32CubeIDE_1.10.1/STM32CubeIDE/plugins/com.st.stm32cube.ide.mcu.externaltools.gnu-tools-for-stm32.11.3.rel1.win32_1.1.1.202309131626/tools/bin/../lib/gcc/arm-none-eabi/11.3.1/../../../../arm-none-eabi/lib/thumb/v7-m/nofp\libc_nano.a(libc_a-init.o)
                0x0000000008004d3c                __libc_init_array
 .text.memcpy   0x0000000008004d84       0x1c C:/Users/Mohamed Aboelhassan/STM32CubeIDE_1.10.1/STM32CubeIDE/plugins/com.st.stm32cube.ide.mcu.externaltools.gnu-tools-for-stm32.11.3.rel1.win32_1.1.1.202309131626/tools/bin/../lib/gcc/arm-none-eabi/11.3.1/../../../../arm-none-eabi/lib/thumb/v7-m/nofp\libc_nano.a(libc_a-memcpy-stub.o)
                0x0000000008004d84                memcpy
 *(.glue_7)
 .glue_7        0x0000000008004da0        0x0 linker stubs
 *(.glue_7t)
 .glue_7t       0x0000000008004da0        0x0 linker stubs
 *(.eh_frame)
 .eh_frame      0x0000000008004da0        0x0 C:/Users/Mohamed Aboelhassan/STM32CubeIDE_1.10.1/STM32CubeIDE/plugins/com.st.stm32cube.ide.mcu.externaltools.gnu-tools-for-stm32.11.3.rel1.win32_1.1.1.202309131626/tools/bin/../lib/gcc/arm-none-eabi/11.3.1/thumb/v7-m/nofp/crtbegin.o
 *(.init)
 .init          0x0000000008004da0        0x4 C:/Users/Mohamed Aboelhassan/STM32CubeIDE_1.10.1/STM32CubeIDE/plugins/com.st.stm32cube.ide.mcu.externaltools.gnu-tools-for-stm32.11.3.rel1.win32_1.1.1.202309131626/tools/bin/../lib/gcc/arm-none-eabi/11.3.1/thumb/v7-m/nofp/crti.o
                0x0000000008004da0                _init
 .init          0x0000000008004da4        0x8 C:/Users/Mohamed Aboelhassan/STM32CubeIDE_1.10.1/STM32CubeIDE/plugins/com.st.stm32cube.ide.mcu.externaltools.gnu-tools-for-stm32.11.3.rel1.win32_1.1.1.202309131626/tools/bin/../lib/gcc/arm-none-eabi/11.3.1/thumb/v7-m/nofp/crtn.o
 *(.fini)
 .fini          0x0000000008004dac        0x4 C:/Users/Mohamed Aboelhassan/STM32CubeIDE_1.10.1/STM32CubeIDE/plugins/com.st.stm32cube.ide.mcu.externaltools.gnu-tools-for-stm32.11.3.rel1.win32_1.1.1.202309131626/tools/bin/../lib/gcc/arm-none-eabi/11.3.1/thumb/v7-m/nofp/crti.o
                0x0000000008004dac                _fini
 .fini          0x0000000008004db0        0x8 C:/Users/Mohamed Aboelhassan/STM32CubeIDE_1.10.1/STM32CubeIDE/plugins/com.st.stm32cube.ide.mcu.externaltools.gnu-tools-for-stm32.11.3.rel1.win32_1.1.1.202309131626/tools/bin/../lib/gcc/arm-none-eabi/11.3.1/thumb/v7-m/nofp/crtn.o
                0x0000000008004db8                . = ALIGN (0x4)
                0x0000000008004db8                _etext = .

.vfp11_veneer   0x0000000008004db8        0x0
 .vfp11_veneer  0x0000000008004db8        0x0 linker stubs

.v4_bx          0x0000000008004db8        0x0
 .v4_bx         0x0000000008004db8        0x0 linker stubs

.iplt           0x0000000008004db8        0x0
 .iplt          0x0000000008004db8        0x0 C:/Users/Mohamed Aboelhassan/STM32CubeIDE_1.10.1/STM32CubeIDE/plugins/com.st.stm32cube.ide.mcu.externaltools.gnu-tools-for-stm32.11.3.rel1.win32_1.1.1.202309131626/tools/bin/../lib/gcc/arm-none-eabi/11.3.1/thumb/v7-m/nofp/crtbegin.o

.rodata         0x0000000008004db8      0xe64
                0x0000000008004db8                . = ALIGN (0x4)
 *(.rodata)
 .rodata        0x0000000008004db8       0xb0 ./Core/Src/main.o
 .rodata        0x0000000008004e68        0x5 ./Core/Src/tasks.o
 *fill*         0x0000000008004e6d        0x3 
 .rodata        0x0000000008004e70       0x10 ./Drivers/STM32F1xx_HAL_Driver/Src/stm32f1xx_hal_rcc.o
 *(.rodata*)
 .rodata.Font11x18
                0x0000000008004e80      0xd5c ./Core/Src/fonts.o
                0x0000000008004e80                Font11x18
 .rodata.AHBPrescTable
                0x0000000008005bdc       0x10 ./Core/Src/system_stm32f1xx.o
                0x0000000008005bdc                AHBPrescTable
 .rodata.APBPrescTable
                0x0000000008005bec        0x8 ./Core/Src/system_stm32f1xx.o
                0x0000000008005bec                APBPrescTable
 .rodata.__utoa.str1.1
                0x0000000008005bf4       0x25 C:/Users/Mohamed Aboelhassan/STM32CubeIDE_1.10.1/STM32CubeIDE/plugins/com.st.stm32cube.ide.mcu.externaltools.gnu-tools-for-stm32.11.3.rel1.win32_1.1.1.202309131626/tools/bin/../lib/gcc/arm-none-eabi/11.3.1/../../../../arm-none-eabi/lib/thumb/v7-m/nofp\libc_nano.a(libc_a-utoa.o)
                0x0000000008005c1c                . = ALIGN (0x4)
 *fill*         0x0000000008005c19        0x3 

.rel.dyn        0x0000000008005c1c        0x0
 .rel.iplt      0x0000000008005c1c        0x0 C:/Users/Mohamed Aboelhassan/STM32CubeIDE_1.10.1/STM32CubeIDE/plugins/com.st.stm32cube.ide.mcu.externaltools.gnu-tools-for-stm32.11.3.rel1.win32_1.1.1.202309131626/tools/bin/../lib/gcc/arm-none-eabi/11.3.1/thumb/v7-m/nofp/crtbegin.o

.ARM.extab      0x0000000008005c1c        0x0
                0x0000000008005c1c                . = ALIGN (0x4)
 *(.ARM.extab* .gnu.linkonce.armextab.*)
                0x0000000008005c1c                . = ALIGN (0x4)

.ARM            0x0000000008005c1c        0x0
                0x0000000008005c1c                . = ALIGN (0x4)
                0x0000000008005c1c                __exidx_start = .
 *(.ARM.exidx*)
                0x0000000008005c1c                __exidx_end = .
                0x0000000008005c1c                . = ALIGN (0x4)

.preinit_array  0x0000000008005c1c        0x0
                0x0000000008005c1c                . = ALIGN (0x4)
                0x0000000008005c1c                PROVIDE (__preinit_array_start = .)
 *(.preinit_array*)
                0x0000000008005c1c                PROVIDE (__preinit_array_end = .)
                0x0000000008005c1c                . = ALIGN (0x4)

.init_array     0x0000000008005c1c        0x4
                0x0000000008005c1c                . = ALIGN (0x4)
                0x0000000008005c1c                PROVIDE (__init_array_start = .)
 *(SORT_BY_NAME(.init_array.*))
 *(.init_array*)
 .init_array    0x0000000008005c1c        0x4 C:/Users/Mohamed Aboelhassan/STM32CubeIDE_1.10.1/STM32CubeIDE/plugins/com.st.stm32cube.ide.mcu.externaltools.gnu-tools-for-stm32.11.3.rel1.win32_1.1.1.202309131626/tools/bin/../lib/gcc/arm-none-eabi/11.3.1/thumb/v7-m/nofp/crtbegin.o
                0x0000000008005c20                PROVIDE (__init_array_end = .)
                0x0000000008005c20                . = ALIGN (0x4)

.fini_array     0x0000000008005c20        0x4
                0x0000000008005c20                . = ALIGN (0x4)
                [!provide]                        PROVIDE (__fini_array_start = .)
 *(SORT_BY_NAME(.fini_array.*))
 *(.fini_array*)
 .fini_array    0x0000000008005c20        0x4 C:/Users/Mohamed Aboelhassan/STM32CubeIDE_1.10.1/STM32CubeIDE/plugins/com.st.stm32cube.ide.mcu.externaltools.gnu-tools-for-stm32.11.3.rel1.win32_1.1.1.202309131626/tools/bin/../lib/gcc/arm-none-eabi/11.3.1/thumb/v7-m/nofp/crtbegin.o
                [!provide]                        PROVIDE (__fini_array_end = .)
                0x0000000008005c24                . = ALIGN (0x4)
                0x0000000008005c24                _sidata = LOADADDR (.data)

.data           0x0000000020000000       0x58 load address 0x0000000008005c24
                0x0000000020000000                . = ALIGN (0x4)
                0x0000000020000000                _sdata = .
 *(.data)
 *(.data*)
 .data.DHT11_PIN_OUT
                0x0000000020000000       0x10 ./Core/Src/DHT11_Prog.o
                0x0000000020000000                DHT11_PIN_OUT
 .data.DHT11_PIN_IN
                0x0000000020000010       0x10 ./Core/Src/DHT11_Prog.o
                0x0000000020000010                DHT11_PIN_IN
 .data.Font_11x18
                0x0000000020000020        0x8 ./Core/Src/fonts.o
                0x0000000020000020                Font_11x18
 .data.xFreeBytesRemaining
                0x0000000020000028        0x4 ./Core/Src/heap_2.o
 .data.USART1Config
                0x000000002000002c       0x1c ./Core/Src/main.o
                0x000000002000002c                USART1Config
 .data.uxCriticalNesting
                0x0000000020000048        0x4 ./Core/Src/port.o
 .data.SystemCoreClock
                0x000000002000004c        0x4 ./Core/Src/system_stm32f1xx.o
                0x000000002000004c                SystemCoreClock
 .data.uwTickPrio
                0x0000000020000050        0x4 ./Drivers/STM32F1xx_HAL_Driver/Src/stm32f1xx_hal.o
                0x0000000020000050                uwTickPrio
 .data.uwTickFreq
                0x0000000020000054        0x1 ./Drivers/STM32F1xx_HAL_Driver/Src/stm32f1xx_hal.o
                0x0000000020000054                uwTickFreq
 *(.RamFunc)
 *(.RamFunc*)
                0x0000000020000058                . = ALIGN (0x4)
 *fill*         0x0000000020000055        0x3 
                0x0000000020000058                _edata = .

.igot.plt       0x0000000020000058        0x0 load address 0x0000000008005c7c
 .igot.plt      0x0000000020000058        0x0 C:/Users/Mohamed Aboelhassan/STM32CubeIDE_1.10.1/STM32CubeIDE/plugins/com.st.stm32cube.ide.mcu.externaltools.gnu-tools-for-stm32.11.3.rel1.win32_1.1.1.202309131626/tools/bin/../lib/gcc/arm-none-eabi/11.3.1/thumb/v7-m/nofp/crtbegin.o
                0x0000000020000058                . = ALIGN (0x4)

.bss            0x0000000020000058     0x2dc0 load address 0x0000000008005c7c
                0x0000000020000058                _sbss = .
                0x0000000020000058                __bss_start__ = _sbss
 *(.bss)
 .bss           0x0000000020000058       0x1c C:/Users/Mohamed Aboelhassan/STM32CubeIDE_1.10.1/STM32CubeIDE/plugins/com.st.stm32cube.ide.mcu.externaltools.gnu-tools-for-stm32.11.3.rel1.win32_1.1.1.202309131626/tools/bin/../lib/gcc/arm-none-eabi/11.3.1/thumb/v7-m/nofp/crtbegin.o
 *(.bss*)
 .bss.ucHeap    0x0000000020000074     0x2800 ./Core/Src/heap_2.o
 .bss.xStart    0x0000000020002874        0x8 ./Core/Src/heap_2.o
 .bss.xEnd      0x000000002000287c        0x8 ./Core/Src/heap_2.o
 .bss.xHeapHasBeenInitialised.0
                0x0000000020002884        0x4 ./Core/Src/heap_2.o
 .bss.Mutex     0x0000000020002888        0x4 ./Core/Src/main.o
                0x0000000020002888                Mutex
 .bss.xQueue    0x000000002000288c        0x4 ./Core/Src/main.o
                0x000000002000288c                xQueue
 .bss.xQFlag    0x0000000020002890        0x4 ./Core/Src/main.o
                0x0000000020002890                xQFlag
 .bss.hi2c1     0x0000000020002894       0x54 ./Core/Src/main.o
                0x0000000020002894                hi2c1
 .bss.Humid.2   0x00000000200028e8        0x4 ./Core/Src/main.o
 .bss.Temp.1    0x00000000200028ec        0x4 ./Core/Src/main.o
 .bss.Temp.0    0x00000000200028f0        0x4 ./Core/Src/main.o
 .bss.SSD1306_Buffer
                0x00000000200028f4      0x400 ./Core/Src/ssd1306.o
 .bss.SSD1306   0x0000000020002cf4        0x6 ./Core/Src/ssd1306.o
 *fill*         0x0000000020002cfa        0x2 
 .bss.pxCurrentTCB
                0x0000000020002cfc        0x4 ./Core/Src/tasks.o
                0x0000000020002cfc                pxCurrentTCB
 .bss.pxReadyTasksLists
                0x0000000020002d00       0x78 ./Core/Src/tasks.o
 .bss.xDelayedTaskList1
                0x0000000020002d78       0x14 ./Core/Src/tasks.o
 .bss.xDelayedTaskList2
                0x0000000020002d8c       0x14 ./Core/Src/tasks.o
 .bss.pxDelayedTaskList
                0x0000000020002da0        0x4 ./Core/Src/tasks.o
 .bss.pxOverflowDelayedTaskList
                0x0000000020002da4        0x4 ./Core/Src/tasks.o
 .bss.xPendingReadyList
                0x0000000020002da8       0x14 ./Core/Src/tasks.o
 .bss.xTasksWaitingTermination
                0x0000000020002dbc       0x14 ./Core/Src/tasks.o
 .bss.uxDeletedTasksWaitingCleanUp
                0x0000000020002dd0        0x4 ./Core/Src/tasks.o
 .bss.xSuspendedTaskList
                0x0000000020002dd4       0x14 ./Core/Src/tasks.o
 .bss.uxCurrentNumberOfTasks
                0x0000000020002de8        0x4 ./Core/Src/tasks.o
 .bss.xTickCount
                0x0000000020002dec        0x4 ./Core/Src/tasks.o
 .bss.uxTopReadyPriority
                0x0000000020002df0        0x4 ./Core/Src/tasks.o
 .bss.xSchedulerRunning
                0x0000000020002df4        0x4 ./Core/Src/tasks.o
 .bss.uxPendedTicks
                0x0000000020002df8        0x4 ./Core/Src/tasks.o
 .bss.xYieldPending
                0x0000000020002dfc        0x4 ./Core/Src/tasks.o
 .bss.xNumOfOverflows
                0x0000000020002e00        0x4 ./Core/Src/tasks.o
 .bss.uxTaskNumber
                0x0000000020002e04        0x4 ./Core/Src/tasks.o
 .bss.xNextTaskUnblockTime
                0x0000000020002e08        0x4 ./Core/Src/tasks.o
 .bss.xIdleTaskHandle
                0x0000000020002e0c        0x4 ./Core/Src/tasks.o
 .bss.uxSchedulerSuspended
                0x0000000020002e10        0x4 ./Core/Src/tasks.o
 .bss.uwTick    0x0000000020002e14        0x4 ./Drivers/STM32F1xx_HAL_Driver/Src/stm32f1xx_hal.o
                0x0000000020002e14                uwTick
 *(COMMON)
                0x0000000020002e18                . = ALIGN (0x4)
                0x0000000020002e18                _ebss = .
                0x0000000020002e18                __bss_end__ = _ebss

._user_heap_stack
                0x0000000020002e18      0x600 load address 0x0000000008005c7c
                0x0000000020002e18                . = ALIGN (0x8)
                [!provide]                        PROVIDE (end = .)
                0x0000000020002e18                PROVIDE (_end = .)
                0x0000000020003018                . = (. + _Min_Heap_Size)
 *fill*         0x0000000020002e18      0x200 
                0x0000000020003418                . = (. + _Min_Stack_Size)
 *fill*         0x0000000020003018      0x400 
                0x0000000020003418                . = ALIGN (0x8)

/DISCARD/
 libc.a(*)
 libm.a(*)
 libgcc.a(*)

.ARM.attributes
                0x0000000000000000       0x29
 *(.ARM.attributes)
 .ARM.attributes
                0x0000000000000000       0x1d C:/Users/Mohamed Aboelhassan/STM32CubeIDE_1.10.1/STM32CubeIDE/plugins/com.st.stm32cube.ide.mcu.externaltools.gnu-tools-for-stm32.11.3.rel1.win32_1.1.1.202309131626/tools/bin/../lib/gcc/arm-none-eabi/11.3.1/thumb/v7-m/nofp/crti.o
 .ARM.attributes
                0x000000000000001d       0x2d C:/Users/Mohamed Aboelhassan/STM32CubeIDE_1.10.1/STM32CubeIDE/plugins/com.st.stm32cube.ide.mcu.externaltools.gnu-tools-for-stm32.11.3.rel1.win32_1.1.1.202309131626/tools/bin/../lib/gcc/arm-none-eabi/11.3.1/thumb/v7-m/nofp/crtbegin.o
 .ARM.attributes
                0x000000000000004a       0x2d ./Core/Src/DHT11_Prog.o
 .ARM.attributes
                0x0000000000000077       0x2d ./Core/Src/UART_Prog.o
 .ARM.attributes
                0x00000000000000a4       0x2d ./Core/Src/fonts.o
 .ARM.attributes
                0x00000000000000d1       0x2d ./Core/Src/heap_2.o
 .ARM.attributes
                0x00000000000000fe       0x2d ./Core/Src/list.o
 .ARM.attributes
                0x000000000000012b       0x2d ./Core/Src/main.o
 .ARM.attributes
                0x0000000000000158       0x2d ./Core/Src/port.o
 .ARM.attributes
                0x0000000000000185       0x2d ./Core/Src/queue.o
 .ARM.attributes
                0x00000000000001b2       0x2d ./Core/Src/ssd1306.o
 .ARM.attributes
                0x00000000000001df       0x2d ./Core/Src/stm32f1xx_hal_msp.o
 .ARM.attributes
                0x000000000000020c       0x2d ./Core/Src/stm32f1xx_it.o
 .ARM.attributes
                0x0000000000000239       0x2d ./Core/Src/system_stm32f1xx.o
 .ARM.attributes
                0x0000000000000266       0x2d ./Core/Src/tasks.o
 .ARM.attributes
                0x0000000000000293       0x21 ./Core/Startup/startup_stm32f103c8tx.o
 .ARM.attributes
                0x00000000000002b4       0x2d ./Drivers/STM32F1xx_HAL_Driver/Src/stm32f1xx_hal.o
 .ARM.attributes
                0x00000000000002e1       0x2d ./Drivers/STM32F1xx_HAL_Driver/Src/stm32f1xx_hal_cortex.o
 .ARM.attributes
                0x000000000000030e       0x2d ./Drivers/STM32F1xx_HAL_Driver/Src/stm32f1xx_hal_gpio.o
 .ARM.attributes
                0x000000000000033b       0x2d ./Drivers/STM32F1xx_HAL_Driver/Src/stm32f1xx_hal_i2c.o
 .ARM.attributes
                0x0000000000000368       0x2d ./Drivers/STM32F1xx_HAL_Driver/Src/stm32f1xx_hal_rcc.o
 .ARM.attributes
                0x0000000000000395       0x2d C:/Users/Mohamed Aboelhassan/STM32CubeIDE_1.10.1/STM32CubeIDE/plugins/com.st.stm32cube.ide.mcu.externaltools.gnu-tools-for-stm32.11.3.rel1.win32_1.1.1.202309131626/tools/bin/../lib/gcc/arm-none-eabi/11.3.1/../../../../arm-none-eabi/lib/thumb/v7-m/nofp\libc_nano.a(libc_a-itoa.o)
 .ARM.attributes
                0x00000000000003c2       0x2d C:/Users/Mohamed Aboelhassan/STM32CubeIDE_1.10.1/STM32CubeIDE/plugins/com.st.stm32cube.ide.mcu.externaltools.gnu-tools-for-stm32.11.3.rel1.win32_1.1.1.202309131626/tools/bin/../lib/gcc/arm-none-eabi/11.3.1/../../../../arm-none-eabi/lib/thumb/v7-m/nofp\libc_nano.a(libc_a-utoa.o)
 .ARM.attributes
                0x00000000000003ef       0x2d C:/Users/Mohamed Aboelhassan/STM32CubeIDE_1.10.1/STM32CubeIDE/plugins/com.st.stm32cube.ide.mcu.externaltools.gnu-tools-for-stm32.11.3.rel1.win32_1.1.1.202309131626/tools/bin/../lib/gcc/arm-none-eabi/11.3.1/../../../../arm-none-eabi/lib/thumb/v7-m/nofp\libc_nano.a(libc_a-memset.o)
 .ARM.attributes
                0x000000000000041c       0x2d C:/Users/Mohamed Aboelhassan/STM32CubeIDE_1.10.1/STM32CubeIDE/plugins/com.st.stm32cube.ide.mcu.externaltools.gnu-tools-for-stm32.11.3.rel1.win32_1.1.1.202309131626/tools/bin/../lib/gcc/arm-none-eabi/11.3.1/../../../../arm-none-eabi/lib/thumb/v7-m/nofp\libc_nano.a(libc_a-init.o)
 .ARM.attributes
                0x0000000000000449       0x2d C:/Users/Mohamed Aboelhassan/STM32CubeIDE_1.10.1/STM32CubeIDE/plugins/com.st.stm32cube.ide.mcu.externaltools.gnu-tools-for-stm32.11.3.rel1.win32_1.1.1.202309131626/tools/bin/../lib/gcc/arm-none-eabi/11.3.1/../../../../arm-none-eabi/lib/thumb/v7-m/nofp\libc_nano.a(libc_a-memcpy-stub.o)
 .ARM.attributes
                0x0000000000000476       0x1d C:/Users/Mohamed Aboelhassan/STM32CubeIDE_1.10.1/STM32CubeIDE/plugins/com.st.stm32cube.ide.mcu.externaltools.gnu-tools-for-stm32.11.3.rel1.win32_1.1.1.202309131626/tools/bin/../lib/gcc/arm-none-eabi/11.3.1/thumb/v7-m/nofp\libgcc.a(_arm_muldf3.o)
 .ARM.attributes
                0x0000000000000493       0x1d C:/Users/Mohamed Aboelhassan/STM32CubeIDE_1.10.1/STM32CubeIDE/plugins/com.st.stm32cube.ide.mcu.externaltools.gnu-tools-for-stm32.11.3.rel1.win32_1.1.1.202309131626/tools/bin/../lib/gcc/arm-none-eabi/11.3.1/thumb/v7-m/nofp\libgcc.a(_arm_addsubdf3.o)
 .ARM.attributes
                0x00000000000004b0       0x1d C:/Users/Mohamed Aboelhassan/STM32CubeIDE_1.10.1/STM32CubeIDE/plugins/com.st.stm32cube.ide.mcu.externaltools.gnu-tools-for-stm32.11.3.rel1.win32_1.1.1.202309131626/tools/bin/../lib/gcc/arm-none-eabi/11.3.1/thumb/v7-m/nofp\libgcc.a(_arm_fixdfsi.o)
 .ARM.attributes
                0x00000000000004cd       0x1d C:/Users/Mohamed Aboelhassan/STM32CubeIDE_1.10.1/STM32CubeIDE/plugins/com.st.stm32cube.ide.mcu.externaltools.gnu-tools-for-stm32.11.3.rel1.win32_1.1.1.202309131626/tools/bin/../lib/gcc/arm-none-eabi/11.3.1/thumb/v7-m/nofp\libgcc.a(_arm_fixunsdfsi.o)
 .ARM.attributes
                0x00000000000004ea       0x1d C:/Users/Mohamed Aboelhassan/STM32CubeIDE_1.10.1/STM32CubeIDE/plugins/com.st.stm32cube.ide.mcu.externaltools.gnu-tools-for-stm32.11.3.rel1.win32_1.1.1.202309131626/tools/bin/../lib/gcc/arm-none-eabi/11.3.1/thumb/v7-m/nofp\libgcc.a(_arm_truncdfsf2.o)
 .ARM.attributes
                0x0000000000000507       0x1d C:/Users/Mohamed Aboelhassan/STM32CubeIDE_1.10.1/STM32CubeIDE/plugins/com.st.stm32cube.ide.mcu.externaltools.gnu-tools-for-stm32.11.3.rel1.win32_1.1.1.202309131626/tools/bin/../lib/gcc/arm-none-eabi/11.3.1/thumb/v7-m/nofp\libgcc.a(_arm_fixsfsi.o)
 .ARM.attributes
                0x0000000000000524       0x1d C:/Users/Mohamed Aboelhassan/STM32CubeIDE_1.10.1/STM32CubeIDE/plugins/com.st.stm32cube.ide.mcu.externaltools.gnu-tools-for-stm32.11.3.rel1.win32_1.1.1.202309131626/tools/bin/../lib/gcc/arm-none-eabi/11.3.1/thumb/v7-m/nofp/crtn.o
OUTPUT(OLED_RTOS.elf elf32-littlearm)
LOAD linker stubs
LOAD C:/Users/Mohamed Aboelhassan/STM32CubeIDE_1.10.1/STM32CubeIDE/plugins/com.st.stm32cube.ide.mcu.externaltools.gnu-tools-for-stm32.11.3.rel1.win32_1.1.1.202309131626/tools/bin/../lib/gcc/arm-none-eabi/11.3.1/../../../../arm-none-eabi/lib/thumb/v7-m/nofp\libc.a
LOAD C:/Users/Mohamed Aboelhassan/STM32CubeIDE_1.10.1/STM32CubeIDE/plugins/com.st.stm32cube.ide.mcu.externaltools.gnu-tools-for-stm32.11.3.rel1.win32_1.1.1.202309131626/tools/bin/../lib/gcc/arm-none-eabi/11.3.1/../../../../arm-none-eabi/lib/thumb/v7-m/nofp\libm.a
LOAD C:/Users/Mohamed Aboelhassan/STM32CubeIDE_1.10.1/STM32CubeIDE/plugins/com.st.stm32cube.ide.mcu.externaltools.gnu-tools-for-stm32.11.3.rel1.win32_1.1.1.202309131626/tools/bin/../lib/gcc/arm-none-eabi/11.3.1/thumb/v7-m/nofp\libgcc.a

.comment        0x0000000000000000       0x43
 .comment       0x0000000000000000       0x43 C:/Users/Mohamed Aboelhassan/STM32CubeIDE_1.10.1/STM32CubeIDE/plugins/com.st.stm32cube.ide.mcu.externaltools.gnu-tools-for-stm32.11.3.rel1.win32_1.1.1.202309131626/tools/bin/../lib/gcc/arm-none-eabi/11.3.1/thumb/v7-m/nofp/crtbegin.o
                                         0x44 (size before relaxing)
 .comment       0x0000000000000043       0x44 ./Core/Src/DHT11_Prog.o
 .comment       0x0000000000000043       0x44 ./Core/Src/UART_Prog.o
 .comment       0x0000000000000043       0x44 ./Core/Src/fonts.o
 .comment       0x0000000000000043       0x44 ./Core/Src/heap_2.o
 .comment       0x0000000000000043       0x44 ./Core/Src/list.o
 .comment       0x0000000000000043       0x44 ./Core/Src/main.o
 .comment       0x0000000000000043       0x44 ./Core/Src/port.o
 .comment       0x0000000000000043       0x44 ./Core/Src/queue.o
 .comment       0x0000000000000043       0x44 ./Core/Src/ssd1306.o
 .comment       0x0000000000000043       0x44 ./Core/Src/stm32f1xx_hal_msp.o
 .comment       0x0000000000000043       0x44 ./Core/Src/stm32f1xx_it.o
 .comment       0x0000000000000043       0x44 ./Core/Src/system_stm32f1xx.o
 .comment       0x0000000000000043       0x44 ./Core/Src/tasks.o
 .comment       0x0000000000000043       0x44 ./Drivers/STM32F1xx_HAL_Driver/Src/stm32f1xx_hal.o
 .comment       0x0000000000000043       0x44 ./Drivers/STM32F1xx_HAL_Driver/Src/stm32f1xx_hal_cortex.o
 .comment       0x0000000000000043       0x44 ./Drivers/STM32F1xx_HAL_Driver/Src/stm32f1xx_hal_gpio.o
 .comment       0x0000000000000043       0x44 ./Drivers/STM32F1xx_HAL_Driver/Src/stm32f1xx_hal_i2c.o
 .comment       0x0000000000000043       0x44 ./Drivers/STM32F1xx_HAL_Driver/Src/stm32f1xx_hal_rcc.o

.debug_info     0x0000000000000000     0xab43
 .debug_info    0x0000000000000000      0x39b ./Core/Src/DHT11_Prog.o
 .debug_info    0x000000000000039b      0x4c6 ./Core/Src/UART_Prog.o
 .debug_info    0x0000000000000861      0x255 ./Core/Src/fonts.o
 .debug_info    0x0000000000000ab6      0x302 ./Core/Src/heap_2.o
 .debug_info    0x0000000000000db8      0x2a5 ./Core/Src/list.o
 .debug_info    0x000000000000105d     0x10b2 ./Core/Src/main.o
 .debug_info    0x000000000000210f      0x2cc ./Core/Src/port.o
 .debug_info    0x00000000000023db      0xe70 ./Core/Src/queue.o
 .debug_info    0x000000000000324b     0x1023 ./Core/Src/ssd1306.o
 .debug_info    0x000000000000426e      0x840 ./Core/Src/stm32f1xx_hal_msp.o
 .debug_info    0x0000000000004aae       0xd8 ./Core/Src/stm32f1xx_it.o
 .debug_info    0x0000000000004b86      0x222 ./Core/Src/system_stm32f1xx.o
 .debug_info    0x0000000000004da8     0x1969 ./Core/Src/tasks.o
 .debug_info    0x0000000000006711       0x23 ./Core/Startup/startup_stm32f103c8tx.o
 .debug_info    0x0000000000006734      0x704 ./Drivers/STM32F1xx_HAL_Driver/Src/stm32f1xx_hal.o
 .debug_info    0x0000000000006e38      0xa87 ./Drivers/STM32F1xx_HAL_Driver/Src/stm32f1xx_hal_cortex.o
 .debug_info    0x00000000000078bf      0x5ab ./Drivers/STM32F1xx_HAL_Driver/Src/stm32f1xx_hal_gpio.o
 .debug_info    0x0000000000007e6a     0x24eb ./Drivers/STM32F1xx_HAL_Driver/Src/stm32f1xx_hal_i2c.o
 .debug_info    0x000000000000a355      0x7ee ./Drivers/STM32F1xx_HAL_Driver/Src/stm32f1xx_hal_rcc.o

.debug_abbrev   0x0000000000000000     0x251c
 .debug_abbrev  0x0000000000000000      0x1e8 ./Core/Src/DHT11_Prog.o
 .debug_abbrev  0x00000000000001e8      0x1db ./Core/Src/UART_Prog.o
 .debug_abbrev  0x00000000000003c3      0x11c ./Core/Src/fonts.o
 .debug_abbrev  0x00000000000004df      0x193 ./Core/Src/heap_2.o
 .debug_abbrev  0x0000000000000672       0xee ./Core/Src/list.o
 .debug_abbrev  0x0000000000000760      0x31f ./Core/Src/main.o
 .debug_abbrev  0x0000000000000a7f      0x1f3 ./Core/Src/port.o
 .debug_abbrev  0x0000000000000c72      0x2b3 ./Core/Src/queue.o
 .debug_abbrev  0x0000000000000f25      0x30d ./Core/Src/ssd1306.o
 .debug_abbrev  0x0000000000001232      0x1a3 ./Core/Src/stm32f1xx_hal_msp.o
 .debug_abbrev  0x00000000000013d5       0x47 ./Core/Src/stm32f1xx_it.o
 .debug_abbrev  0x000000000000141c      0x13f ./Core/Src/system_stm32f1xx.o
 .debug_abbrev  0x000000000000155b      0x398 ./Core/Src/tasks.o
 .debug_abbrev  0x00000000000018f3       0x12 ./Core/Startup/startup_stm32f103c8tx.o
 .debug_abbrev  0x0000000000001905      0x201 ./Drivers/STM32F1xx_HAL_Driver/Src/stm32f1xx_hal.o
 .debug_abbrev  0x0000000000001b06      0x2f8 ./Drivers/STM32F1xx_HAL_Driver/Src/stm32f1xx_hal_cortex.o
 .debug_abbrev  0x0000000000001dfe      0x1ca ./Drivers/STM32F1xx_HAL_Driver/Src/stm32f1xx_hal_gpio.o
 .debug_abbrev  0x0000000000001fc8      0x2a3 ./Drivers/STM32F1xx_HAL_Driver/Src/stm32f1xx_hal_i2c.o
 .debug_abbrev  0x000000000000226b      0x2b1 ./Drivers/STM32F1xx_HAL_Driver/Src/stm32f1xx_hal_rcc.o

.debug_aranges  0x0000000000000000      0xbd8
 .debug_aranges
                0x0000000000000000       0x50 ./Core/Src/DHT11_Prog.o
 .debug_aranges
                0x0000000000000050       0x40 ./Core/Src/UART_Prog.o
 .debug_aranges
                0x0000000000000090       0x20 ./Core/Src/fonts.o
 .debug_aranges
                0x00000000000000b0       0x40 ./Core/Src/heap_2.o
 .debug_aranges
                0x00000000000000f0       0x40 ./Core/Src/list.o
 .debug_aranges
                0x0000000000000130       0x60 ./Core/Src/main.o
 .debug_aranges
                0x0000000000000190       0x70 ./Core/Src/port.o
 .debug_aranges
                0x0000000000000200       0xe0 ./Core/Src/queue.o
 .debug_aranges
                0x00000000000002e0       0xf8 ./Core/Src/ssd1306.o
 .debug_aranges
                0x00000000000003d8       0x30 ./Core/Src/stm32f1xx_hal_msp.o
 .debug_aranges
                0x0000000000000408       0x48 ./Core/Src/stm32f1xx_it.o
 .debug_aranges
                0x0000000000000450       0x28 ./Core/Src/system_stm32f1xx.o
 .debug_aranges
                0x0000000000000478      0x1d0 ./Core/Src/tasks.o
 .debug_aranges
                0x0000000000000648       0x28 ./Core/Startup/startup_stm32f103c8tx.o
 .debug_aranges
                0x0000000000000670       0xe0 ./Drivers/STM32F1xx_HAL_Driver/Src/stm32f1xx_hal.o
 .debug_aranges
                0x0000000000000750      0x100 ./Drivers/STM32F1xx_HAL_Driver/Src/stm32f1xx_hal_cortex.o
 .debug_aranges
                0x0000000000000850       0x58 ./Drivers/STM32F1xx_HAL_Driver/Src/stm32f1xx_hal_gpio.o
 .debug_aranges
                0x00000000000008a8      0x2a0 ./Drivers/STM32F1xx_HAL_Driver/Src/stm32f1xx_hal_i2c.o
 .debug_aranges
                0x0000000000000b48       0x90 ./Drivers/STM32F1xx_HAL_Driver/Src/stm32f1xx_hal_rcc.o

.debug_rnglists
                0x0000000000000000      0x910
 .debug_rnglists
                0x0000000000000000       0x39 ./Core/Src/DHT11_Prog.o
 .debug_rnglists
                0x0000000000000039       0x2c ./Core/Src/UART_Prog.o
 .debug_rnglists
                0x0000000000000065       0x13 ./Core/Src/fonts.o
 .debug_rnglists
                0x0000000000000078       0x2c ./Core/Src/heap_2.o
 .debug_rnglists
                0x00000000000000a4       0x2b ./Core/Src/list.o
 .debug_rnglists
                0x00000000000000cf       0x47 ./Core/Src/main.o
 .debug_rnglists
                0x0000000000000116       0x4f ./Core/Src/port.o
 .debug_rnglists
                0x0000000000000165       0xab ./Core/Src/queue.o
 .debug_rnglists
                0x0000000000000210       0xc2 ./Core/Src/ssd1306.o
 .debug_rnglists
                0x00000000000002d2       0x1f ./Core/Src/stm32f1xx_hal_msp.o
 .debug_rnglists
                0x00000000000002f1       0x31 ./Core/Src/stm32f1xx_it.o
 .debug_rnglists
                0x0000000000000322       0x1a ./Core/Src/system_stm32f1xx.o
 .debug_rnglists
                0x000000000000033c      0x173 ./Core/Src/tasks.o
 .debug_rnglists
                0x00000000000004af       0x19 ./Core/Startup/startup_stm32f103c8tx.o
 .debug_rnglists
                0x00000000000004c8       0xa3 ./Drivers/STM32F1xx_HAL_Driver/Src/stm32f1xx_hal.o
 .debug_rnglists
                0x000000000000056b       0xbb ./Drivers/STM32F1xx_HAL_Driver/Src/stm32f1xx_hal_cortex.o
 .debug_rnglists
                0x0000000000000626       0x3f ./Drivers/STM32F1xx_HAL_Driver/Src/stm32f1xx_hal_gpio.o
 .debug_rnglists
                0x0000000000000665      0x23f ./Drivers/STM32F1xx_HAL_Driver/Src/stm32f1xx_hal_i2c.o
 .debug_rnglists
                0x00000000000008a4       0x6c ./Drivers/STM32F1xx_HAL_Driver/Src/stm32f1xx_hal_rcc.o

.debug_macro    0x0000000000000000    0x17be2
 .debug_macro   0x0000000000000000      0x277 ./Core/Src/DHT11_Prog.o
 .debug_macro   0x0000000000000277      0xa9c ./Core/Src/DHT11_Prog.o
 .debug_macro   0x0000000000000d13      0x215 ./Core/Src/DHT11_Prog.o
 .debug_macro   0x0000000000000f28       0x2e ./Core/Src/DHT11_Prog.o
 .debug_macro   0x0000000000000f56       0x22 ./Core/Src/DHT11_Prog.o
 .debug_macro   0x0000000000000f78       0x22 ./Core/Src/DHT11_Prog.o
 .debug_macro   0x0000000000000f9a       0x8e ./Core/Src/DHT11_Prog.o
 .debug_macro   0x0000000000001028       0x51 ./Core/Src/DHT11_Prog.o
 .debug_macro   0x0000000000001079      0x103 ./Core/Src/DHT11_Prog.o
 .debug_macro   0x000000000000117c       0x6a ./Core/Src/DHT11_Prog.o
 .debug_macro   0x00000000000011e6      0x1df ./Core/Src/DHT11_Prog.o
 .debug_macro   0x00000000000013c5       0x1c ./Core/Src/DHT11_Prog.o
 .debug_macro   0x00000000000013e1       0x22 ./Core/Src/DHT11_Prog.o
 .debug_macro   0x0000000000001403       0xbd ./Core/Src/DHT11_Prog.o
 .debug_macro   0x00000000000014c0      0xd23 ./Core/Src/DHT11_Prog.o
 .debug_macro   0x00000000000021e3     0xe09e ./Core/Src/DHT11_Prog.o
 .debug_macro   0x0000000000010281       0x6d ./Core/Src/DHT11_Prog.o
 .debug_macro   0x00000000000102ee     0x3468 ./Core/Src/DHT11_Prog.o
 .debug_macro   0x0000000000013756      0x174 ./Core/Src/DHT11_Prog.o
 .debug_macro   0x00000000000138ca       0x5c ./Core/Src/DHT11_Prog.o
 .debug_macro   0x0000000000013926      0x5be ./Core/Src/DHT11_Prog.o
 .debug_macro   0x0000000000013ee4      0x289 ./Core/Src/DHT11_Prog.o
 .debug_macro   0x000000000001416d      0x1cb ./Core/Src/DHT11_Prog.o
 .debug_macro   0x0000000000014338      0x114 ./Core/Src/DHT11_Prog.o
 .debug_macro   0x000000000001444c      0x1b2 ./Core/Src/DHT11_Prog.o
 .debug_macro   0x00000000000145fe       0x27 ./Core/Src/DHT11_Prog.o
 .debug_macro   0x0000000000014625      0x136 ./Core/Src/DHT11_Prog.o
 .debug_macro   0x000000000001475b      0x1bc ./Core/Src/DHT11_Prog.o
 .debug_macro   0x0000000000014917       0x34 ./Core/Src/DHT11_Prog.o
 .debug_macro   0x000000000001494b       0x3c ./Core/Src/DHT11_Prog.o
 .debug_macro   0x0000000000014987       0x57 ./Core/Src/DHT11_Prog.o
 .debug_macro   0x00000000000149de       0x88 ./Core/Src/DHT11_Prog.o
 .debug_macro   0x0000000000014a66      0x241 ./Core/Src/DHT11_Prog.o
 .debug_macro   0x0000000000014ca7      0x287 ./Core/Src/DHT11_Prog.o
 .debug_macro   0x0000000000014f2e      0x141 ./Core/Src/DHT11_Prog.o
 .debug_macro   0x000000000001506f       0x83 ./Core/Src/DHT11_Prog.o
 .debug_macro   0x00000000000150f2       0x24 ./Core/Src/DHT11_Prog.o
 .debug_macro   0x0000000000015116       0x61 ./Core/Src/DHT11_Prog.o
 .debug_macro   0x0000000000015177       0x43 ./Core/Src/DHT11_Prog.o
 .debug_macro   0x00000000000151ba       0x34 ./Core/Src/DHT11_Prog.o
 .debug_macro   0x00000000000151ee       0x16 ./Core/Src/DHT11_Prog.o
 .debug_macro   0x0000000000015204       0x35 ./Core/Src/DHT11_Prog.o
 .debug_macro   0x0000000000015239       0x16 ./Core/Src/DHT11_Prog.o
 .debug_macro   0x000000000001524f       0x43 ./Core/Src/DHT11_Prog.o
 .debug_macro   0x0000000000015292       0x34 ./Core/Src/DHT11_Prog.o
 .debug_macro   0x00000000000152c6       0x10 ./Core/Src/DHT11_Prog.o
 .debug_macro   0x00000000000152d6       0x58 ./Core/Src/DHT11_Prog.o
 .debug_macro   0x000000000001532e       0x8e ./Core/Src/DHT11_Prog.o
 .debug_macro   0x00000000000153bc       0x1c ./Core/Src/DHT11_Prog.o
 .debug_macro   0x00000000000153d8      0x177 ./Core/Src/DHT11_Prog.o
 .debug_macro   0x000000000001554f      0x369 ./Core/Src/DHT11_Prog.o
 .debug_macro   0x00000000000158b8       0x16 ./Core/Src/DHT11_Prog.o
 .debug_macro   0x00000000000158ce       0x29 ./Core/Src/DHT11_Prog.o
 .debug_macro   0x00000000000158f7       0x16 ./Core/Src/DHT11_Prog.o
 .debug_macro   0x000000000001590d      0x1b3 ./Core/Src/UART_Prog.o
 .debug_macro   0x0000000000015ac0       0x34 ./Core/Src/UART_Prog.o
 .debug_macro   0x0000000000015af4      0x266 ./Core/Src/fonts.o
 .debug_macro   0x0000000000015d5a       0x10 ./Core/Src/fonts.o
 .debug_macro   0x0000000000015d6a       0x20 ./Core/Src/fonts.o
 .debug_macro   0x0000000000015d8a      0x1b6 ./Core/Src/heap_2.o
 .debug_macro   0x0000000000015f40      0x188 ./Core/Src/list.o
 .debug_macro   0x00000000000160c8      0x379 ./Core/Src/main.o
 .debug_macro   0x0000000000016441       0x94 ./Core/Src/main.o
 .debug_macro   0x00000000000164d5       0x63 ./Core/Src/main.o
 .debug_macro   0x0000000000016538       0x1d ./Core/Src/main.o
 .debug_macro   0x0000000000016555      0x176 ./Core/Src/port.o
 .debug_macro   0x00000000000166cb      0x213 ./Core/Src/queue.o
 .debug_macro   0x00000000000168de       0x16 ./Core/Src/queue.o
 .debug_macro   0x00000000000168f4      0x2f1 ./Core/Src/ssd1306.o
 .debug_macro   0x0000000000016be5      0x198 ./Core/Src/stm32f1xx_hal_msp.o
 .debug_macro   0x0000000000016d7d      0x1a2 ./Core/Src/stm32f1xx_it.o
 .debug_macro   0x0000000000016f1f      0x18e ./Core/Src/system_stm32f1xx.o
 .debug_macro   0x00000000000170ad      0x276 ./Core/Src/tasks.o
 .debug_macro   0x0000000000017323       0x11 ./Core/Src/tasks.o
 .debug_macro   0x0000000000017334      0x1b2 ./Drivers/STM32F1xx_HAL_Driver/Src/stm32f1xx_hal.o
 .debug_macro   0x00000000000174e6      0x18e ./Drivers/STM32F1xx_HAL_Driver/Src/stm32f1xx_hal_cortex.o
 .debug_macro   0x0000000000017674      0x1f9 ./Drivers/STM32F1xx_HAL_Driver/Src/stm32f1xx_hal_gpio.o
 .debug_macro   0x000000000001786d      0x1d5 ./Drivers/STM32F1xx_HAL_Driver/Src/stm32f1xx_hal_i2c.o
 .debug_macro   0x0000000000017a42      0x1a0 ./Drivers/STM32F1xx_HAL_Driver/Src/stm32f1xx_hal_rcc.o

.debug_line     0x0000000000000000     0xf077
 .debug_line    0x0000000000000000      0xaad ./Core/Src/DHT11_Prog.o
 .debug_line    0x0000000000000aad      0x7f8 ./Core/Src/UART_Prog.o
 .debug_line    0x00000000000012a5      0x910 ./Core/Src/fonts.o
 .debug_line    0x0000000000001bb5      0x82c ./Core/Src/heap_2.o
 .debug_line    0x00000000000023e1      0x7d9 ./Core/Src/list.o
 .debug_line    0x0000000000002bba      0xc43 ./Core/Src/main.o
 .debug_line    0x00000000000037fd      0x60b ./Core/Src/port.o
 .debug_line    0x0000000000003e08      0xe45 ./Core/Src/queue.o
 .debug_line    0x0000000000004c4d     0x10c9 ./Core/Src/ssd1306.o
 .debug_line    0x0000000000005d16      0x6e1 ./Core/Src/stm32f1xx_hal_msp.o
 .debug_line    0x00000000000063f7      0x71b ./Core/Src/stm32f1xx_it.o
 .debug_line    0x0000000000006b12      0x715 ./Core/Src/system_stm32f1xx.o
 .debug_line    0x0000000000007227     0x1808 ./Core/Src/tasks.o
 .debug_line    0x0000000000008a2f       0x79 ./Core/Startup/startup_stm32f103c8tx.o
 .debug_line    0x0000000000008aa8      0x942 ./Drivers/STM32F1xx_HAL_Driver/Src/stm32f1xx_hal.o
 .debug_line    0x00000000000093ea      0xb2a ./Drivers/STM32F1xx_HAL_Driver/Src/stm32f1xx_hal_cortex.o
 .debug_line    0x0000000000009f14      0x9d9 ./Drivers/STM32F1xx_HAL_Driver/Src/stm32f1xx_hal_gpio.o
 .debug_line    0x000000000000a8ed     0x3a3d ./Drivers/STM32F1xx_HAL_Driver/Src/stm32f1xx_hal_i2c.o
 .debug_line    0x000000000000e32a      0xd4d ./Drivers/STM32F1xx_HAL_Driver/Src/stm32f1xx_hal_rcc.o

.debug_str      0x0000000000000000    0x88df5
 .debug_str     0x0000000000000000    0x7f409 ./Core/Src/DHT11_Prog.o
                                      0x7f784 (size before relaxing)
 .debug_str     0x000000000007f409      0x2f5 ./Core/Src/UART_Prog.o
                                      0x7c707 (size before relaxing)
 .debug_str     0x000000000007f6fe      0x12d ./Core/Src/fonts.o
                                      0x7f5ea (size before relaxing)
 .debug_str     0x000000000007f82b     0x3846 ./Core/Src/heap_2.o
                                       0xaa05 (size before relaxing)
 .debug_str     0x0000000000083071      0x12a ./Core/Src/list.o
                                       0xa1bc (size before relaxing)
 .debug_str     0x000000000008319b     0x1634 ./Core/Src/main.o
                                      0x84556 (size before relaxing)
 .debug_str     0x00000000000847cf      0x65d ./Core/Src/port.o
                                       0x7b11 (size before relaxing)
 .debug_str     0x0000000000084e2c      0x6cc ./Core/Src/queue.o
                                       0xb7c5 (size before relaxing)
 .debug_str     0x00000000000854f8      0x49f ./Core/Src/ssd1306.o
                                      0x800b7 (size before relaxing)
 .debug_str     0x0000000000085997       0xa1 ./Core/Src/stm32f1xx_hal_msp.o
                                      0x7c977 (size before relaxing)
 .debug_str     0x0000000000085a38       0x92 ./Core/Src/stm32f1xx_it.o
                                      0x7c451 (size before relaxing)
 .debug_str     0x0000000000085aca       0x7e ./Core/Src/system_stm32f1xx.o
                                      0x7c49e (size before relaxing)
 .debug_str     0x0000000000085b48     0x197c ./Core/Src/tasks.o
                                       0xc4eb (size before relaxing)
 .debug_str     0x00000000000874c4       0x34 ./Core/Startup/startup_stm32f103c8tx.o
                                         0x79 (size before relaxing)
 .debug_str     0x00000000000874f8      0x61d ./Drivers/STM32F1xx_HAL_Driver/Src/stm32f1xx_hal.o
                                      0x7cbd1 (size before relaxing)
 .debug_str     0x0000000000087b15      0x2bb ./Drivers/STM32F1xx_HAL_Driver/Src/stm32f1xx_hal_cortex.o
                                      0x7cb1d (size before relaxing)
 .debug_str     0x0000000000087dd0      0x2d5 ./Drivers/STM32F1xx_HAL_Driver/Src/stm32f1xx_hal_gpio.o
                                      0x7c824 (size before relaxing)
 .debug_str     0x00000000000880a5      0xb47 ./Drivers/STM32F1xx_HAL_Driver/Src/stm32f1xx_hal_i2c.o
                                      0x7d512 (size before relaxing)
 .debug_str     0x0000000000088bec      0x209 ./Drivers/STM32F1xx_HAL_Driver/Src/stm32f1xx_hal_rcc.o
                                      0x7c8cd (size before relaxing)

.debug_frame    0x0000000000000000     0x30ec
 .debug_frame   0x0000000000000000      0x114 ./Core/Src/DHT11_Prog.o
 .debug_frame   0x0000000000000114       0xd4 ./Core/Src/UART_Prog.o
 .debug_frame   0x00000000000001e8       0x38 ./Core/Src/fonts.o
 .debug_frame   0x0000000000000220       0xc0 ./Core/Src/heap_2.o
 .debug_frame   0x00000000000002e0       0xd8 ./Core/Src/list.o
 .debug_frame   0x00000000000003b8      0x134 ./Core/Src/main.o
 .debug_frame   0x00000000000004ec      0x154 ./Core/Src/port.o
 .debug_frame   0x0000000000000640      0x3ac ./Core/Src/queue.o
 .debug_frame   0x00000000000009ec      0x414 ./Core/Src/ssd1306.o
 .debug_frame   0x0000000000000e00       0x80 ./Core/Src/stm32f1xx_hal_msp.o
 .debug_frame   0x0000000000000e80       0xa8 ./Core/Src/stm32f1xx_it.o
 .debug_frame   0x0000000000000f28       0x58 ./Core/Src/system_stm32f1xx.o
 .debug_frame   0x0000000000000f80      0x7ec ./Core/Src/tasks.o
 .debug_frame   0x000000000000176c      0x334 ./Drivers/STM32F1xx_HAL_Driver/Src/stm32f1xx_hal.o
 .debug_frame   0x0000000000001aa0      0x428 ./Drivers/STM32F1xx_HAL_Driver/Src/stm32f1xx_hal_cortex.o
 .debug_frame   0x0000000000001ec8      0x14c ./Drivers/STM32F1xx_HAL_Driver/Src/stm32f1xx_hal_gpio.o
 .debug_frame   0x0000000000002014      0xc5c ./Drivers/STM32F1xx_HAL_Driver/Src/stm32f1xx_hal_i2c.o
 .debug_frame   0x0000000000002c70      0x21c ./Drivers/STM32F1xx_HAL_Driver/Src/stm32f1xx_hal_rcc.o
 .debug_frame   0x0000000000002e8c       0x38 C:/Users/Mohamed Aboelhassan/STM32CubeIDE_1.10.1/STM32CubeIDE/plugins/com.st.stm32cube.ide.mcu.externaltools.gnu-tools-for-stm32.11.3.rel1.win32_1.1.1.202309131626/tools/bin/../lib/gcc/arm-none-eabi/11.3.1/../../../../arm-none-eabi/lib/thumb/v7-m/nofp\libc_nano.a(libc_a-itoa.o)
 .debug_frame   0x0000000000002ec4       0x48 C:/Users/Mohamed Aboelhassan/STM32CubeIDE_1.10.1/STM32CubeIDE/plugins/com.st.stm32cube.ide.mcu.externaltools.gnu-tools-for-stm32.11.3.rel1.win32_1.1.1.202309131626/tools/bin/../lib/gcc/arm-none-eabi/11.3.1/../../../../arm-none-eabi/lib/thumb/v7-m/nofp\libc_nano.a(libc_a-utoa.o)
 .debug_frame   0x0000000000002f0c       0x20 C:/Users/Mohamed Aboelhassan/STM32CubeIDE_1.10.1/STM32CubeIDE/plugins/com.st.stm32cube.ide.mcu.externaltools.gnu-tools-for-stm32.11.3.rel1.win32_1.1.1.202309131626/tools/bin/../lib/gcc/arm-none-eabi/11.3.1/../../../../arm-none-eabi/lib/thumb/v7-m/nofp\libc_nano.a(libc_a-memset.o)
 .debug_frame   0x0000000000002f2c       0x2c C:/Users/Mohamed Aboelhassan/STM32CubeIDE_1.10.1/STM32CubeIDE/plugins/com.st.stm32cube.ide.mcu.externaltools.gnu-tools-for-stm32.11.3.rel1.win32_1.1.1.202309131626/tools/bin/../lib/gcc/arm-none-eabi/11.3.1/../../../../arm-none-eabi/lib/thumb/v7-m/nofp\libc_nano.a(libc_a-init.o)
 .debug_frame   0x0000000000002f58       0x28 C:/Users/Mohamed Aboelhassan/STM32CubeIDE_1.10.1/STM32CubeIDE/plugins/com.st.stm32cube.ide.mcu.externaltools.gnu-tools-for-stm32.11.3.rel1.win32_1.1.1.202309131626/tools/bin/../lib/gcc/arm-none-eabi/11.3.1/../../../../arm-none-eabi/lib/thumb/v7-m/nofp\libc_nano.a(libc_a-memcpy-stub.o)
 .debug_frame   0x0000000000002f80       0x30 C:/Users/Mohamed Aboelhassan/STM32CubeIDE_1.10.1/STM32CubeIDE/plugins/com.st.stm32cube.ide.mcu.externaltools.gnu-tools-for-stm32.11.3.rel1.win32_1.1.1.202309131626/tools/bin/../lib/gcc/arm-none-eabi/11.3.1/thumb/v7-m/nofp\libgcc.a(_arm_muldf3.o)
 .debug_frame   0x0000000000002fb0       0xac C:/Users/Mohamed Aboelhassan/STM32CubeIDE_1.10.1/STM32CubeIDE/plugins/com.st.stm32cube.ide.mcu.externaltools.gnu-tools-for-stm32.11.3.rel1.win32_1.1.1.202309131626/tools/bin/../lib/gcc/arm-none-eabi/11.3.1/thumb/v7-m/nofp\libgcc.a(_arm_addsubdf3.o)
 .debug_frame   0x000000000000305c       0x24 C:/Users/Mohamed Aboelhassan/STM32CubeIDE_1.10.1/STM32CubeIDE/plugins/com.st.stm32cube.ide.mcu.externaltools.gnu-tools-for-stm32.11.3.rel1.win32_1.1.1.202309131626/tools/bin/../lib/gcc/arm-none-eabi/11.3.1/thumb/v7-m/nofp\libgcc.a(_arm_fixdfsi.o)
 .debug_frame   0x0000000000003080       0x24 C:/Users/Mohamed Aboelhassan/STM32CubeIDE_1.10.1/STM32CubeIDE/plugins/com.st.stm32cube.ide.mcu.externaltools.gnu-tools-for-stm32.11.3.rel1.win32_1.1.1.202309131626/tools/bin/../lib/gcc/arm-none-eabi/11.3.1/thumb/v7-m/nofp\libgcc.a(_arm_fixunsdfsi.o)
 .debug_frame   0x00000000000030a4       0x24 C:/Users/Mohamed Aboelhassan/STM32CubeIDE_1.10.1/STM32CubeIDE/plugins/com.st.stm32cube.ide.mcu.externaltools.gnu-tools-for-stm32.11.3.rel1.win32_1.1.1.202309131626/tools/bin/../lib/gcc/arm-none-eabi/11.3.1/thumb/v7-m/nofp\libgcc.a(_arm_truncdfsf2.o)
 .debug_frame   0x00000000000030c8       0x24 C:/Users/Mohamed Aboelhassan/STM32CubeIDE_1.10.1/STM32CubeIDE/plugins/com.st.stm32cube.ide.mcu.externaltools.gnu-tools-for-stm32.11.3.rel1.win32_1.1.1.202309131626/tools/bin/../lib/gcc/arm-none-eabi/11.3.1/thumb/v7-m/nofp\libgcc.a(_arm_fixsfsi.o)

.debug_line_str
                0x0000000000000000       0x6d
 .debug_line_str
                0x0000000000000000       0x6d ./Core/Startup/startup_stm32f103c8tx.o
                                         0x85 (size before relaxing)
